Component: ARM Compiler 5.06 update 6 (build 750) Tool: armlink [4d35ed]

==============================================================================

Section Cross References

    main.o(i.Led_Init) refers to gd32f4xx_rcu.o(i.rcu_periph_clock_enable) for rcu_periph_clock_enable
    main.o(i.Led_Init) refers to gd32f4xx_gpio.o(i.gpio_mode_set) for gpio_mode_set
    main.o(i.Led_Init) refers to gd32f4xx_gpio.o(i.gpio_output_options_set) for gpio_output_options_set
    main.o(i.app_task1) refers to _printf_percent.o(.ARM.Collect$$_printf_percent$$00000000) for _printf_percent
    main.o(i.app_task1) refers to _printf_u.o(.ARM.Collect$$_printf_percent$$0000000A) for _printf_u
    main.o(i.app_task1) refers to _printf_dec.o(.text) for _printf_int_dec
    main.o(i.app_task1) refers to tasks.o(i.xTaskGetTickCount) for xTaskGetTickCount
    main.o(i.app_task1) refers to noretval__2printf.o(.text) for __2printf
    main.o(i.app_task1) refers to gd32f4xx_gpio.o(i.gpio_bit_set) for gpio_bit_set
    main.o(i.app_task1) refers to tasks.o(i.vTaskDelay) for vTaskDelay
    main.o(i.app_task1) refers to gd32f4xx_gpio.o(i.gpio_bit_reset) for gpio_bit_reset
    main.o(i.app_task2) refers to _printf_percent.o(.ARM.Collect$$_printf_percent$$00000000) for _printf_percent
    main.o(i.app_task2) refers to _printf_u.o(.ARM.Collect$$_printf_percent$$0000000A) for _printf_u
    main.o(i.app_task2) refers to _printf_dec.o(.text) for _printf_int_dec
    main.o(i.app_task2) refers to tasks.o(i.xTaskGetTickCount) for xTaskGetTickCount
    main.o(i.app_task2) refers to noretval__2printf.o(.text) for __2printf
    main.o(i.app_task2) refers to gd32f4xx_gpio.o(i.gpio_bit_set) for gpio_bit_set
    main.o(i.app_task2) refers to tasks.o(i.vTaskDelay) for vTaskDelay
    main.o(i.app_task2) refers to gd32f4xx_gpio.o(i.gpio_bit_reset) for gpio_bit_reset
    main.o(i.file_read_UT) refers to _printf_percent.o(.ARM.Collect$$_printf_percent$$00000000) for _printf_percent
    main.o(i.file_read_UT) refers to _printf_u.o(.ARM.Collect$$_printf_percent$$0000000A) for _printf_u
    main.o(i.file_read_UT) refers to _printf_s.o(.ARM.Collect$$_printf_percent$$00000014) for _printf_s
    main.o(i.file_read_UT) refers to _printf_dec.o(.text) for _printf_int_dec
    main.o(i.file_read_UT) refers to _printf_str.o(.text) for _printf_str
    main.o(i.file_read_UT) refers to noretval__2printf.o(.text) for __2printf
    main.o(i.file_read_UT) refers to rt_memclr_w.o(.text) for __aeabi_memclr4
    main.o(i.file_read_UT) refers to ff.o(i.f_open) for f_open
    main.o(i.file_read_UT) refers to ff.o(i.f_read) for f_read
    main.o(i.file_read_UT) refers to ff.o(i.f_close) for f_close
    main.o(i.file_read_UT) refers to main.o(.bss) for file_r
    main.o(i.file_write_UT) refers to noretval__2printf.o(.text) for __2printf
    main.o(i.file_write_UT) refers to rt_memcpy_w.o(.text) for __aeabi_memcpy4
    main.o(i.file_write_UT) refers to ff.o(i.f_open) for f_open
    main.o(i.file_write_UT) refers to ff.o(i.f_write) for f_write
    main.o(i.file_write_UT) refers to ff.o(i.f_close) for f_close
    main.o(i.file_write_UT) refers to main.o(.constdata) for .constdata
    main.o(i.file_write_UT) refers to main.o(.bss) for file_w
    main.o(i.file_write_read_UT) refers to _printf_percent.o(.ARM.Collect$$_printf_percent$$00000000) for _printf_percent
    main.o(i.file_write_read_UT) refers to _printf_u.o(.ARM.Collect$$_printf_percent$$0000000A) for _printf_u
    main.o(i.file_write_read_UT) refers to _printf_s.o(.ARM.Collect$$_printf_percent$$00000014) for _printf_s
    main.o(i.file_write_read_UT) refers to _printf_dec.o(.text) for _printf_int_dec
    main.o(i.file_write_read_UT) refers to _printf_str.o(.text) for _printf_str
    main.o(i.file_write_read_UT) refers to noretval__2printf.o(.text) for __2printf
    main.o(i.file_write_read_UT) refers to rt_memcpy_w.o(.text) for __aeabi_memcpy4
    main.o(i.file_write_read_UT) refers to rt_memclr_w.o(.text) for __aeabi_memclr4
    main.o(i.file_write_read_UT) refers to ff.o(i.f_open) for f_open
    main.o(i.file_write_read_UT) refers to ff.o(i.f_write) for f_write
    main.o(i.file_write_read_UT) refers to ff.o(i.f_lseek) for f_lseek
    main.o(i.file_write_read_UT) refers to ff.o(i.f_read) for f_read
    main.o(i.file_write_read_UT) refers to ff.o(i.f_close) for f_close
    main.o(i.file_write_read_UT) refers to main.o(.constdata) for .constdata
    main.o(i.file_write_read_UT) refers to main.o(.bss) for file
    main.o(i.flash_FAT_format) refers to ff.o(i.f_mount) for f_mount
    main.o(i.flash_FAT_format) refers to ff.o(i.f_mkfs) for f_mkfs
    main.o(i.flash_FAT_format) refers to noretval__2printf.o(.text) for __2printf
    main.o(i.flash_FAT_format) refers to main.o(.bss) for fs
    main.o(i.main) refers to _printf_percent.o(.ARM.Collect$$_printf_percent$$00000000) for _printf_percent
[...]
    i.rcu_clock_freq_get                     0x08004770   Section        0  gd32f4xx_rcu.o(i.rcu_clock_freq_get)
    i.rcu_periph_clock_enable                0x08004894   Section        0  gd32f4xx_rcu.o(i.rcu_periph_clock_enable)
    i.rcu_periph_reset_disable               0x080048b8   Section        0  gd32f4xx_rcu.o(i.rcu_periph_reset_disable)
    i.rcu_periph_reset_enable                0x080048dc   Section        0  gd32f4xx_rcu.o(i.rcu_periph_reset_enable)
    i.remove_chain                           0x08004900   Section        0  ff.o(i.remove_chain)
    remove_chain                             0x08004901   Thumb Code   154  ff.o(i.remove_chain)
    i.spi_enable                             0x0800499a   Section        0  gd32f4xx_spi.o(i.spi_enable)
    i.spi_flash_UT                           0x080049a4   Section        0  main.o(i.spi_flash_UT)
    i.spi_i2s_data_receive                   0x08004a20   Section        0  gd32f4xx_spi.o(i.spi_i2s_data_receive)
    i.spi_i2s_data_transmit                  0x08004a28   Section        0  gd32f4xx_spi.o(i.spi_i2s_data_transmit)
    i.spi_i2s_deinit                         0x08004a2c   Section        0  gd32f4xx_spi.o(i.spi_i2s_deinit)
    i.spi_i2s_flag_get                       0x08004ad8   Section        0  gd32f4xx_spi.o(i.spi_i2s_flag_get)
    i.spi_init                               0x08004ae8   Section        0  gd32f4xx_spi.o(i.spi_init)
    i.st_clust                               0x08004b1a   Section        0  ff.o(i.st_clust)
    st_clust                                 0x08004b1b   Thumb Code    36  ff.o(i.st_clust)
    i.st_dword                               0x08004b3e   Section        0  ff.o(i.st_dword)
    st_dword                                 0x08004b3f   Thumb Code    24  ff.o(i.st_dword)
    i.st_word                                0x08004b56   Section        0  ff.o(i.st_word)
    st_word                                  0x08004b57   Thumb Code    12  ff.o(i.st_word)
    i.sum_sfn                                0x08004b62   Section        0  ff.o(i.sum_sfn)
    sum_sfn                                  0x08004b63   Thumb Code    32  ff.o(i.sum_sfn)
    i.sync_fs                                0x08004b84   Section        0  ff.o(i.sync_fs)
    sync_fs                                  0x08004b85   Thumb Code   134  ff.o(i.sync_fs)
    i.sync_window                            0x08004c14   Section        0  ff.o(i.sync_window)
    sync_window                              0x08004c15   Thumb Code    74  ff.o(i.sync_window)
    i.system_clock_200m_25m_hxtal            0x08004c60   Section        0  system_gd32f4xx.o(i.system_clock_200m_25m_hxtal)
    system_clock_200m_25m_hxtal              0x08004c61   Thumb Code   240  system_gd32f4xx.o(i.system_clock_200m_25m_hxtal)
    i.system_clock_config                    0x08004d5c   Section        0  system_gd32f4xx.o(i.system_clock_config)
    system_clock_config                      0x08004d5d   Thumb Code     8  system_gd32f4xx.o(i.system_clock_config)
    i.tchar2uni                              0x08004d64   Section        0  ff.o(i.tchar2uni)
    tchar2uni                                0x08004d65   Thumb Code   168  ff.o(i.tchar2uni)
    i.unlock_fs                              0x08004e14   Section        0  ff.o(i.unlock_fs)
    unlock_fs                                0x08004e15   Thumb Code    28  ff.o(i.unlock_fs)
    i.usart_baudrate_set                     0x08004e30   Section        0  gd32f4xx_usart.o(i.usart_baudrate_set)
    i.usart_data_transmit                    0x08004f18   Section        0  gd32f4xx_usart.o(i.usart_data_transmit)
    i.usart_deinit                           0x08004f20   Section        0  gd32f4xx_usart.o(i.usart_deinit)
    i.usart_enable                           0x08004ffc   Section        0  gd32f4xx_usart.o(i.usart_enable)
    i.usart_flag_get                         0x08005006   Section        0  gd32f4xx_usart.o(i.usart_flag_get)
    i.usart_receive_config                   0x08005024   Section        0  gd32f4xx_usart.o(i.usart_receive_config)
    i.usart_transmit_config                  0x08005034   Section        0  gd32f4xx_usart.o(i.usart_transmit_config)
    i.uxListRemove                           0x08005044   Section        0  list.o(i.uxListRemove)
    i.vListInitialise                        0x0800506c   Section        0  list.o(i.vListInitialise)
    i.vListInitialiseItem                    0x08005086   Section        0  list.o(i.vListInitialiseItem)
    i.vListInsert                            0x0800508c   Section        0  list.o(i.vListInsert)
    i.vPortEnterCritical                     0x080050c0   Section        0  port.o(i.vPortEnterCritical)
    i.vPortExitCritical                      0x08005114   Section        0  port.o(i.vPortExitCritical)
    i.vPortFree                              0x08005150   Section        0  heap_4.o(i.vPortFree)
    i.vPortSetupTimerInterrupt               0x080051dc   Section        0  port.o(i.vPortSetupTimerInterrupt)
    i.vQueueAddToRegistry                    0x08005204   Section        0  queue.o(i.vQueueAddToRegistry)
    i.vQueueDelete                           0x08005264   Section        0  queue.o(i.vQueueDelete)
    i.vQueueUnregisterQueue                  0x08005290   Section        0  queue.o(i.vQueueUnregisterQueue)
    i.vQueueWaitForMessageRestricted         0x080052d8   Section        0  queue.o(i.vQueueWaitForMessageRestricted)
    i.vTaskDelay                             0x08005324   Section        0  tasks.o(i.vTaskDelay)
    i.vTaskInternalSetTimeOutState           0x08005380   Section        0  tasks.o(i.vTaskInternalSetTimeOutState)
    i.vTaskMissedYield                       0x08005398   Section        0  tasks.o(i.vTaskMissedYield)
    i.vTaskPlaceOnEventList                  0x080053a4   Section        0  tasks.o(i.vTaskPlaceOnEventList)
    i.vTaskPlaceOnEventListRestricted        0x080053dc   Section        0  tasks.o(i.vTaskPlaceOnEventListRestricted)
    i.vTaskPriorityDisinheritAfterTimeout    0x08005440   Section        0  tasks.o(i.vTaskPriorityDisinheritAfterTimeout)
    i.vTaskStartScheduler                    0x08005558   Section        0  tasks.o(i.vTaskStartScheduler)
    i.vTaskSuspendAll                        0x080055f4   Section        0  tasks.o(i.vTaskSuspendAll)
    i.vTaskSwitchContext                     0x08005604   Section        0  tasks.o(i.vTaskSwitchContext)
    i.validate                               0x08005690   Section        0  ff.o(i.validate)
    validate                                 0x08005691   Thumb Code    82  ff.o(i.validate)
    i.xPortStartScheduler                    0x080056e4   Section        0  port.o(i.xPortStartScheduler)
    i.xQueueCreateMutex                      0x0800584c   Section        0  queue.o(i.xQueueCreateMutex)
    i.xQueueGenericCreate                    0x0800586e   Section        0  queue.o(i.xQueueGenericCreate)
    i.xQueueGenericReset                     0x080058d4   Section        0  queue.o(i.xQueueGenericReset)
    i.xQueueGenericSend                      0x080059b0   Section        0  queue.o(i.xQueueGenericSend)
    i.xQueueReceive                          0x08005b58   Section        0  queue.o(i.xQueueReceive)
    i.xQueueSemaphoreTake                    0x08005cc0   Section        0  queue.o(i.xQueueSemaphoreTake)
    i.xTaskCheckForTimeOut                   0x08005e54   Section        0  tasks.o(i.xTaskCheckForTimeOut)
    i.xTaskCreate                            0x08005ee4   Section        0  tasks.o(i.xTaskCreate)
    i.xTaskGetSchedulerState                 0x08005f4c   Section        0  tasks.o(i.xTaskGetSchedulerState)
    i.xTaskGetTickCount                      0x08005f6c   Section        0  tasks.o(i.xTaskGetTickCount)
    i.xTaskIncrementTick                     0x08005f78   Section        0  tasks.o(i.xTaskIncrementTick)
    i.xTaskPriorityDisinherit                0x08006134   Section        0  tasks.o(i.xTaskPriorityDisinherit)
    i.xTaskPriorityInherit                   0x08006224   Section        0  tasks.o(i.xTaskPriorityInherit)
    i.xTaskRemoveFromEventList               0x08006310   Section        0  tasks.o(i.xTaskRemoveFromEventList)
    i.xTaskResumeAll                         0x08006430   Section        0  tasks.o(i.xTaskResumeAll)
    i.xTimerCreateTimerTask                  0x080065a8   Section        0  timers.o(i.xTimerCreateTimerTask)
    x$fpl$fpinit                             0x08006600   Section       10  fpinit.o(x$fpl$fpinit)
    $v0                                      0x08006600   Number         0  fpinit.o(x$fpl$fpinit)
    .constdata                               0x0800660c   Section      250  main.o(.constdata)
    .constdata                               0x08006708   Section      204  ff.o(.constdata)
    LfnOfs                                   0x08006708   Data          13  ff.o(.constdata)
    ExCvt                                    0x08006715   Data         128  ff.o(.constdata)
    badchr                                   0x08006795   Data          18  ff.o(.constdata)
    cst                                      0x080067a8   Data          14  ff.o(.constdata)
    cst32                                    0x080067b6   Data          14  ff.o(.constdata)
    defopt                                   0x080067c4   Data          16  ff.o(.constdata)
    .constdata                               0x080067d4   Section      942  ffunicode.o(.constdata)
    uc437                                    0x080067d4   Data         256  ffunicode.o(.constdata)
    cvt1                                     0x080068d4   Data         498  ffunicode.o(.constdata)
    cvt2                                     0x08006ac6   Data         188  ffunicode.o(.constdata)
    .constdata                               0x08006b82   Section       40  _printf_hex_int.o(.constdata)
    uc_hextab                                0x08006b82   Data          20  _printf_hex_int.o(.constdata)
    lc_hextab                                0x08006b96   Data          20  _printf_hex_int.o(.constdata)
    .data                                    0x20000000   Section        8  main.o(.data)
    .data                                    0x20000008   Section        4  system_gd32f4xx.o(.data)
    .data                                    0x2000000c   Section      132  gd32f450i_eval.o(.data)
    GPIO_PORT                                0x2000000c   Data          12  gd32f450i_eval.o(.data)
    GPIO_PIN                                 0x20000018   Data          12  gd32f450i_eval.o(.data)
    COM_CLK                                  0x20000024   Data           4  gd32f450i_eval.o(.data)
    COM_GPIO_CLK                             0x20000028   Data           4  gd32f450i_eval.o(.data)
    COM_TX_PIN                               0x2000002c   Data           8  gd32f450i_eval.o(.data)
    COM_RX_PIN                               0x20000034   Data           8  gd32f450i_eval.o(.data)
    COM_GPIO_PORT                            0x2000003c   Data           8  gd32f450i_eval.o(.data)
    COM_AF                                   0x20000044   Data           8  gd32f450i_eval.o(.data)
    GPIO_CLK                                 0x2000004c   Data           6  gd32f450i_eval.o(.data)
    KEY_PORT                                 0x20000054   Data          12  gd32f450i_eval.o(.data)
    KEY_PIN                                  0x20000060   Data          12  gd32f450i_eval.o(.data)
    KEY_CLK                                  0x2000006c   Data           6  gd32f450i_eval.o(.data)
    KEY_EXTI_LINE                            0x20000074   Data          12  gd32f450i_eval.o(.data)
    KEY_PORT_SOURCE                          0x20000080   Data           3  gd32f450i_eval.o(.data)
    KEY_PIN_SOURCE                           0x20000083   Data           3  gd32f450i_eval.o(.data)
    KEY_IRQn                                 0x20000086   Data           3  gd32f450i_eval.o(.data)
    .data                                    0x20000090   Section       64  tasks.o(.data)
    pxDelayedTaskList                        0x20000094   Data           4  tasks.o(.data)
    pxOverflowDelayedTaskList                0x20000098   Data           4  tasks.o(.data)
    uxDeletedTasksWaitingCleanUp             0x2000009c   Data           4  tasks.o(.data)
    uxCurrentNumberOfTasks                   0x200000a0   Data           4  tasks.o(.data)
    xTickCount                               0x200000a4   Data           4  tasks.o(.data)
    uxTopReadyPriority                       0x200000a8   Data           4  tasks.o(.data)
    xSchedulerRunning                        0x200000ac   Data           4  tasks.o(.data)
    xPendedTicks                             0x200000b0   Data           4  tasks.o(.data)
    xYieldPending                            0x200000b4   Data           4  tasks.o(.data)
    xNumOfOverflows                          0x200000b8   Data           4  tasks.o(.data)
    uxTaskNumber                             0x200000bc   Data           4  tasks.o(.data)
    xNextTaskUnblockTime                     0x200000c0   Data           4  tasks.o(.data)
    xIdleTaskHandle                          0x200000c4   Data           4  tasks.o(.data)
    uxSchedulerSuspended                     0x200000cc   Data           4  tasks.o(.data)
    .data                                    0x200000d0   Section       20  timers.o(.data)
    pxCurrentTimerList                       0x200000d0   Data           4  timers.o(.data)
    pxOverflowTimerList                      0x200000d4   Data           4  timers.o(.data)
    xTimerQueue                              0x200000d8   Data           4  timers.o(.data)
    xTimerTaskHandle                         0x200000dc   Data           4  timers.o(.data)
    xLastTime                                0x200000e0   Data           4  timers.o(.data)
    .data                                    0x200000e4   Section       28  heap_4.o(.data)
    xStart                                   0x200000e4   Data           8  heap_4.o(.data)
    pxEnd                                    0x200000ec   Data           4  heap_4.o(.data)
    xFreeBytesRemaining                      0x200000f0   Data           4  heap_4.o(.data)
    xMinimumEverFreeBytesRemaining           0x200000f4   Data           4  heap_4.o(.data)
    xNumberOfSuccessfulAllocations           0x200000f8   Data           4  heap_4.o(.data)
    xNumberOfSuccessfulFrees                 0x200000fc   Data           4  heap_4.o(.data)
    .data                                    0x20000100   Section       12  port.o(.data)
    uxCriticalNesting                        0x20000100   Data           4  port.o(.data)
    ucMaxSysCallPriority                     0x20000104   Data           1  port.o(.data)
    ulMaxPRIGROUPValue                       0x20000108   Data           4  port.o(.data)
    .data                                    0x2000010c   Section        2  diskio.o(.data)
    .data                                    0x2000010e   Section        3  ff.o(.data)
    Fsid                                     0x2000010e   Data           2  ff.o(.data)
    CurrVol                                  0x20000110   Data           1  ff.o(.data)
    .bss                                     0x20000114   Section     2752  main.o(.bss)
    work                                     0x20000114   Data         512  main.o(.bss)
    fs                                       0x20000314   Data         572  main.o(.bss)
    file                                     0x20000550   Data         556  main.o(.bss)
    file_w                                   0x2000077c   Data         556  main.o(.bss)
    file_r                                   0x200009a8   Data         556  main.o(.bss)
    .bss                                     0x20000bd4   Section       64  queue.o(.bss)
    .bss                                     0x20000c14   Section      200  tasks.o(.bss)
    pxReadyTasksLists                        0x20000c14   Data         100  tasks.o(.bss)
    xDelayedTaskList1                        0x20000c78   Data          20  tasks.o(.bss)
    xDelayedTaskList2                        0x20000c8c   Data          20  tasks.o(.bss)
    xPendingReadyList                        0x20000ca0   Data          20  tasks.o(.bss)
    xTasksWaitingTermination                 0x20000cb4   Data          20  tasks.o(.bss)
    xSuspendedTaskList                       0x20000cc8   Data          20  tasks.o(.bss)
    .bss                                     0x20000cdc   Section       40  timers.o(.bss)
    xActiveTimerList1                        0x20000cdc   Data          20  timers.o(.bss)
    xActiveTimerList2                        0x20000cf0   Data          20  timers.o(.bss)
    .bss                                     0x20000d04   Section    76800  heap_4.o(.bss)
    ucHeap                                   0x20000d04   Data       76800  heap_4.o(.bss)
    .bss                                     0x20013904   Section       40  ff.o(.bss)
    FatFs                                    0x20013904   Data          40  ff.o(.bss)
    .bss                                     0x2001392c   Section       96  libspace.o(.bss)
    HEAP                                     0x20013990   Section        0  startup_gd32f450_470.o(HEAP)
    STACK                                    0x20013990   Section    16384  startup_gd32f450_470.o(STACK)
    Heap_Mem                                 0x20013990   Data           0  startup_gd32f450_470.o(HEAP)
    Stack_Mem                                0x20013990   Data       16384  startup_gd32f450_470.o(STACK)
    __initial_sp                             0x20017990   Data           0  startup_gd32f450_470.o(STACK)

    Global Symbols

    Symbol Name                              Value     Ov Type        Size  Object(Section)

    BuildAttributes$$THM_ISAv4$E$P$D$K$B$S$7EM$VFPi3$EXTD16$VFPS$VFMA$PE$A:L22UL41UL21$X:L11$S22US41US21$IEEE1$IW$USESV6$~STKCKD$USESV7$~SHL$OSPACE$ROPI$EBA8$UX$STANDARDLIB$REQ8$PRES8$EABIv2 0x00000000   Number         0  anon$$obj.o ABSOLUTE
    __ARM_use_no_argv                        0x00000000   Number         0  main.o ABSOLUTE
    __ARM_exceptions_init                     - Undefined Weak Reference
    __alloca_initialize                       - Undefined Weak Reference
    __arm_preinit_                            - Undefined Weak Reference
    __cpp_initialize__aeabi_                  - Undefined Weak Reference
    __cxa_finalize                            - Undefined Weak Reference
    __rt_locale                               - Undefined Weak Reference
    __sigvec_lookup                           - Undefined Weak Reference
    _atexit_init                              - Undefined Weak Reference
    _call_atexit_fns                          - Undefined Weak Reference
    _clock_init                               - Undefined Weak Reference
    _fp_trap_init                             - Undefined Weak Reference
    _fp_trap_shutdown                         - Undefined Weak Reference
    _get_lc_collate                           - Undefined Weak Reference
    _get_lc_ctype                             - Undefined Weak Reference
    _get_lc_monetary                          - Undefined Weak Reference
    _get_lc_numeric                           - Undefined Weak Reference
    _get_lc_time                              - Undefined Weak Reference
    _getenv_init                              - Undefined Weak Reference
    _handle_redirection                       - Undefined Weak Reference
    _init_alloc                               - Undefined Weak Reference
    _init_user_alloc                          - Undefined Weak Reference
    _initio                                   - Undefined Weak Reference
    _mutex_acquire                            - Undefined Weak Reference
    _mutex_release                            - Undefined Weak Reference
    _printf_mbtowc                            - Undefined Weak Reference
    _printf_post_padding                      - Undefined Weak Reference
    _printf_pre_padding                       - Undefined Weak Reference
    _printf_truncate_signed                   - Undefined Weak Reference
    _printf_truncate_unsigned                 - Undefined Weak Reference
    _rand_init                                - Undefined Weak Reference
    _signal_finish                            - Undefined Weak Reference
    _signal_init                              - Undefined Weak Reference
    _terminate_alloc                          - Undefined Weak Reference
    _terminate_user_alloc                     - Undefined Weak Reference
    _terminateio                              - Undefined Weak Reference
    __Vectors_Size                           0x000001ac   Number         0  startup_gd32f450_470.o ABSOLUTE
    __Vectors                                0x08000000   Data           4  startup_gd32f450_470.o(RESET)
    __Vectors_End                            0x080001ac   Data           0  startup_gd32f450_470.o(RESET)
    __main                                   0x080001ad   Thumb Code     8  __main.o(!!!main)
    __scatterload                            0x080001b5   Thumb Code     0  __scatter.o(!!!scatter)
    __scatterload_rt2                        0x080001b5   Thumb Code    44  __scatter.o(!!!scatter)
    __scatterload_rt2_thumb_only             0x080001b5   Thumb Code     0  __scatter.o(!!!scatter)
    __scatterload_null                       0x080001c3   Thumb Code     0  __scatter.o(!!!scatter)
    __scatterload_copy                       0x080001e9   Thumb Code    26  __scatter_copy.o(!!handler_copy)
    __scatterload_zeroinit                   0x08000205   Thumb Code    28  __scatter_zi.o(!!handler_zi)
    _printf_percent                          0x08000221   Thumb Code     0  _printf_percent.o(.ARM.Collect$$_printf_percent$$00000000)
    _printf_u                                0x08000221   Thumb Code     0  _printf_u.o(.ARM.Collect$$_printf_percent$$0000000A)
    _printf_x                                0x08000227   Thumb Code     0  _printf_x.o(.ARM.Collect$$_printf_percent$$0000000C)
    _printf_s                                0x0800022d   Thumb Code     0  _printf_s.o(.ARM.Collect$$_printf_percent$$00000014)
    _printf_percent_end                      0x08000233   Thumb Code     0  _printf_percent_end.o(.ARM.Collect$$_printf_percent$$00000017)
    __rt_lib_init                            0x08000237   Thumb Code     0  libinit.o(.ARM.Collect$$libinit$$00000000)
    __rt_lib_init_fp_1                       0x08000239   Thumb Code     0  libinit2.o(.ARM.Collect$$libinit$$00000001)
    __rt_lib_init_alloca_1                   0x0800023d   Thumb Code     0  libinit2.o(.ARM.Collect$$libinit$$0000002E)
    __rt_lib_init_argv_1                     0x0800023d   Thumb Code     0  libinit2.o(.ARM.Collect$$libinit$$0000002C)
    __rt_lib_init_atexit_1                   0x0800023d   Thumb Code     0  libinit2.o(.ARM.Collect$$libinit$$0000001B)
    __rt_lib_init_clock_1                    0x0800023d   Thumb Code     0  libinit2.o(.ARM.Collect$$libinit$$00000021)
    __rt_lib_init_cpp_1                      0x0800023d   Thumb Code     0  libinit2.o(.ARM.Collect$$libinit$$00000032)
    __rt_lib_init_exceptions_1               0x0800023d   Thumb Code     0  libinit2.o(.ARM.Collect$$libinit$$00000030)
    __rt_lib_init_fp_trap_1                  0x0800023d   Thumb Code     0  libinit2.o(.ARM.Collect$$libinit$$0000001F)
    __rt_lib_init_getenv_1                   0x0800023d   Thumb Code     0  libinit2.o(.ARM.Collect$$libinit$$00000023)
    __rt_lib_init_heap_1                     0x0800023d   Thumb Code     0  libinit2.o(.ARM.Collect$$libinit$$0000000A)
    __rt_lib_init_lc_collate_1               0x0800023d   Thumb Code     0  libinit2.o(.ARM.Collect$$libinit$$00000011)
    __rt_lib_init_lc_ctype_1                 0x0800023d   Thumb Code     0  libinit2.o(.ARM.Collect$$libinit$$00000013)
    __rt_lib_init_lc_monetary_1              0x0800023d   Thumb Code     0  libinit2.o(.ARM.Collect$$libinit$$00000015)
    __rt_lib_init_lc_numeric_1               0x0800023d   Thumb Code     0  libinit2.o(.ARM.Collect$$libinit$$00000017)
    __rt_lib_init_lc_time_1                  0x0800023d   Thumb Code     0  libinit2.o(.ARM.Collect$$libinit$$00000019)
    __rt_lib_init_preinit_1                  0x0800023d   Thumb Code     0  libinit2.o(.ARM.Collect$$libinit$$00000004)
    __rt_lib_init_rand_1                     0x0800023d   Thumb Code     0  libinit2.o(.ARM.Collect$$libinit$$0000000E)
    __rt_lib_init_return                     0x0800023d   Thumb Code     0  libinit2.o(.ARM.Collect$$libinit$$00000033)
    __rt_lib_init_signal_1                   0x0800023d   Thumb Code     0  libinit2.o(.ARM.Collect$$libinit$$0000001D)
    __rt_lib_init_stdio_1                    0x0800023d   Thumb Code     0  libinit2.o(.ARM.Collect$$libinit$$00000025)
    __rt_lib_init_user_alloc_1               0x0800023d   Thumb Code     0  libinit2.o(.ARM.Collect$$libinit$$0000000C)
    __rt_lib_shutdown                        0x0800023f   Thumb Code     0  libshutdown.o(.ARM.Collect$$libshutdown$$00000000)
    __rt_lib_shutdown_cpp_1                  0x08000241   Thumb Code     0  libshutdown2.o(.ARM.Collect$$libshutdown$$00000002)
    __rt_lib_shutdown_fp_trap_1              0x08000241   Thumb Code     0  libshutdown2.o(.ARM.Collect$$libshutdown$$00000007)
    __rt_lib_shutdown_heap_1                 0x08000241   Thumb Code     0  libshutdown2.o(.ARM.Collect$$libshutdown$$0000000F)
    __rt_lib_shutdown_return                 0x08000241   Thumb Code     0  libshutdown2.o(.ARM.Collect$$libshutdown$$00000010)
    __rt_lib_shutdown_signal_1               0x08000241   Thumb Code     0  libshutdown2.o(.ARM.Collect$$libshutdown$$0000000A)
    __rt_lib_shutdown_stdio_1                0x08000241   Thumb Code     0  libshutdown2.o(.ARM.Collect$$libshutdown$$00000004)
    __rt_lib_shutdown_user_alloc_1           0x08000241   Thumb Code     0  libshutdown2.o(.ARM.Collect$$libshutdown$$0000000C)
    __rt_entry                               0x08000243   Thumb Code     0  __rtentry.o(.ARM.Collect$$rtentry$$00000000)
    __rt_entry_presh_1                       0x08000243   Thumb Code     0  __rtentry2.o(.ARM.Collect$$rtentry$$00000002)
    __rt_entry_sh                            0x08000243   Thumb Code     0  __rtentry4.o(.ARM.Collect$$rtentry$$00000004)
    __rt_entry_li                            0x08000249   Thumb Code     0  __rtentry2.o(.ARM.Collect$$rtentry$$0000000A)
    __rt_entry_postsh_1                      0x08000249   Thumb Code     0  __rtentry2.o(.ARM.Collect$$rtentry$$00000009)
    __rt_entry_main                          0x0800024d   Thumb Code     0  __rtentry2.o(.ARM.Collect$$rtentry$$0000000D)
    __rt_entry_postli_1                      0x0800024d   Thumb Code     0  __rtentry2.o(.ARM.Collect$$rtentry$$0000000C)
    __rt_exit                                0x08000255   Thumb Code     0  rtexit.o(.ARM.Collect$$rtexit$$00000000)
    __rt_exit_ls                             0x08000257   Thumb Code     0  rtexit2.o(.ARM.Collect$$rtexit$$00000003)
    __rt_exit_prels_1                        0x08000257   Thumb Code     0  rtexit2.o(.ARM.Collect$$rtexit$$00000002)
    __rt_exit_exit                           0x0800025b   Thumb Code     0  rtexit2.o(.ARM.Collect$$rtexit$$00000004)
    SVC_Handler                              0x08000261   Thumb Code    28  port.o(.emb_text)
    __asm___6_port_c_39a90d8d__prvStartFirstTask 0x08000281   Thumb Code    36  port.o(.emb_text)
    __asm___6_port_c_39a90d8d__prvEnableVFP  0x080002a9   Thumb Code    16  port.o(.emb_text)
    PendSV_Handler                           0x080002bd   Thumb Code    88  port.o(.emb_text)
    vPortGetIPSR                             0x08000319   Thumb Code     6  port.o(.emb_text)
    Reset_Handler                            0x08000321   Thumb Code     8  startup_gd32f450_470.o(.text)
    ADC_IRQHandler                           0x0800033b   Thumb Code     0  startup_gd32f450_470.o(.text)
    CAN0_EWMC_IRQHandler                     0x0800033b   Thumb Code     0  startup_gd32f450_470.o(.text)
    CAN0_RX0_IRQHandler                      0x0800033b   Thumb Code     0  startup_gd32f450_470.o(.text)
    CAN0_RX1_IRQHandler                      0x0800033b   Thumb Code     0  startup_gd32f450_470.o(.text)
    CAN0_TX_IRQHandler                       0x0800033b   Thumb Code     0  startup_gd32f450_470.o(.text)
    CAN1_EWMC_IRQHandler                     0x0800033b   Thumb Code     0  startup_gd32f450_470.o(.text)
    CAN1_RX0_IRQHandler                      0x0800033b   Thumb Code     0  startup_gd32f450_470.o(.text)
    CAN1_RX1_IRQHandler                      0x0800033b   Thumb Code     0  startup_gd32f450_470.o(.text)
    CAN1_TX_IRQHandler                       0x0800033b   Thumb Code     0  startup_gd32f450_470.o(.text)
    DCI_IRQHandler                           0x0800033b   Thumb Code     0  startup_gd32f450_470.o(.text)
    DMA0_Channel0_IRQHandler                 0x0800033b   Thumb Code     0  startup_gd32f450_470.o(.text)
    DMA0_Channel1_IRQHandler                 0x0800033b   Thumb Code     0  startup_gd32f450_470.o(.text)
    DMA0_Channel2_IRQHandler                 0x0800033b   Thumb Code     0  startup_gd32f450_470.o(.text)
    DMA0_Channel3_IRQHandler                 0x0800033b   Thumb Code     0  startup_gd32f450_470.o(.text)
    DMA0_Channel4_IRQHandler                 0x0800033b   Thumb Code     0  startup_gd32f450_470.o(.text)
    DMA0_Channel5_IRQHandler                 0x0800033b   Thumb Code     0  startup_gd32f450_470.o(.text)
    DMA0_Channel6_IRQHandler                 0x0800033b   Thumb Code     0  startup_gd32f450_470.o(.text)
    DMA0_Channel7_IRQHandler                 0x0800033b   Thumb Code     0  startup_gd32f450_470.o(.text)
    DMA1_Channel0_IRQHandler                 0x0800033b   Thumb Code     0  startup_gd32f450_470.o(.text)
    DMA1_Channel1_IRQHandler                 0x0800033b   Thumb Code     0  startup_gd32f450_470.o(.text)
    DMA1_Channel2_IRQHandler                 0x0800033b   Thumb Code     0  startup_gd32f450_470.o(.text)
    DMA1_Channel3_IRQHandler                 0x0800033b   Thumb Code     0  startup_gd32f450_470.o(.text)
    DMA1_Channel4_IRQHandler                 0x0800033b   Thumb Code     0  startup_gd32f450_470.o(.text)
    DMA1_Channel5_IRQHandler                 0x0800033b   Thumb Code     0  startup_gd32f450_470.o(.text)
    DMA1_Channel6_IRQHandler                 0x0800033b   Thumb Code     0  startup_gd32f450_470.o(.text)
    DMA1_Channel7_IRQHandler                 0x0800033b   Thumb Code     0  startup_gd32f450_470.o(.text)
    ENET_IRQHandler                          0x0800033b   Thumb Code     0  startup_gd32f450_470.o(.text)
    ENET_WKUP_IRQHandler                     0x0800033b   Thumb Code     0  startup_gd32f450_470.o(.text)
    EXMC_IRQHandler                          0x0800033b   Thumb Code     0  startup_gd32f450_470.o(.text)
    EXTI0_IRQHandler                         0x0800033b   Thumb Code     0  startup_gd32f450_470.o(.text)
    EXTI10_15_IRQHandler                     0x0800033b   Thumb Code     0  startup_gd32f450_470.o(.text)
    EXTI1_IRQHandler                         0x0800033b   Thumb Code     0  startup_gd32f450_470.o(.text)
    EXTI2_IRQHandler                         0x0800033b   Thumb Code     0  startup_gd32f450_470.o(.text)
    EXTI3_IRQHandler                         0x0800033b   Thumb Code     0  startup_gd32f450_470.o(.text)
    EXTI4_IRQHandler                         0x0800033b   Thumb Code     0  startup_gd32f450_470.o(.text)
    EXTI5_9_IRQHandler                       0x0800033b   Thumb Code     0  startup_gd32f450_470.o(.text)
    FMC_IRQHandler                           0x0800033b   Thumb Code     0  startup_gd32f450_470.o(.text)
    FPU_IRQHandler                           0x0800033b   Thumb Code     0  startup_gd32f450_470.o(.text)
    I2C0_ER_IRQHandler                       0x0800033b   Thumb Code     0  startup_gd32f450_470.o(.text)
    I2C0_EV_IRQHandler                       0x0800033b   Thumb Code     0  startup_gd32f450_470.o(.text)
    I2C1_ER_IRQHandler                       0x0800033b   Thumb Code     0  startup_gd32f450_470.o(.text)
    I2C1_EV_IRQHandler                       0x0800033b   Thumb Code     0  startup_gd32f450_470.o(.text)
    I2C2_ER_IRQHandler                       0x0800033b   Thumb Code     0  startup_gd32f450_470.o(.text)
    I2C2_EV_IRQHandler                       0x0800033b   Thumb Code     0  startup_gd32f450_470.o(.text)
    IPA_IRQHandler                           0x0800033b   Thumb Code     0  startup_gd32f450_470.o(.text)
    LVD_IRQHandler                           0x0800033b   Thumb Code     0  startup_gd32f450_470.o(.text)
    RCU_CTC_IRQHandler                       0x0800033b   Thumb Code     0  startup_gd32f450_470.o(.text)
    RTC_Alarm_IRQHandler                     0x0800033b   Thumb Code     0  startup_gd32f450_470.o(.text)
    RTC_WKUP_IRQHandler                      0x0800033b   Thumb Code     0  startup_gd32f450_470.o(.text)
    SDIO_IRQHandler                          0x0800033b   Thumb Code     0  startup_gd32f450_470.o(.text)
    SPI0_IRQHandler                          0x0800033b   Thumb Code     0  startup_gd32f450_470.o(.text)
    SPI1_IRQHandler                          0x0800033b   Thumb Code     0  startup_gd32f450_470.o(.text)
    SPI2_IRQHandler                          0x0800033b   Thumb Code     0  startup_gd32f450_470.o(.text)
    SPI3_IRQHandler                          0x0800033b   Thumb Code     0  startup_gd32f450_470.o(.text)
    SPI4_IRQHandler                          0x0800033b   Thumb Code     0  startup_gd32f450_470.o(.text)
    SPI5_IRQHandler                          0x0800033b   Thumb Code     0  startup_gd32f450_470.o(.text)
    TAMPER_STAMP_IRQHandler                  0x0800033b   Thumb Code     0  startup_gd32f450_470.o(.text)
    TIMER0_BRK_TIMER8_IRQHandler             0x0800033b   Thumb Code     0  startup_gd32f450_470.o(.text)
    TIMER0_Channel_IRQHandler                0x0800033b   Thumb Code     0  startup_gd32f450_470.o(.text)
    TIMER0_TRG_CMT_TIMER10_IRQHandler        0x0800033b   Thumb Code     0  startup_gd32f450_470.o(.text)
    TIMER0_UP_TIMER9_IRQHandler              0x0800033b   Thumb Code     0  startup_gd32f450_470.o(.text)
    TIMER1_IRQHandler                        0x0800033b   Thumb Code     0  startup_gd32f450_470.o(.text)
    TIMER2_IRQHandler                        0x0800033b   Thumb Code     0  startup_gd32f450_470.o(.text)
    TIMER3_IRQHandler                        0x0800033b   Thumb Code     0  startup_gd32f450_470.o(.text)
    TIMER4_IRQHandler                        0x0800033b   Thumb Code     0  startup_gd32f450_470.o(.text)
    TIMER5_DAC_IRQHandler                    0x0800033b   Thumb Code     0  startup_gd32f450_470.o(.text)
    TIMER6_IRQHandler                        0x0800033b   Thumb Code     0  startup_gd32f450_470.o(.text)
    TIMER7_BRK_TIMER11_IRQHandler            0x0800033b   Thumb Code     0  startup_gd32f450_470.o(.text)
    TIMER7_Channel_IRQHandler                0x0800033b   Thumb Code     0  startup_gd32f450_470.o(.text)
    TIMER7_TRG_CMT_TIMER13_IRQHandler        0x0800033b   Thumb Code     0  startup_gd32f450_470.o(.text)
    TIMER7_UP_TIMER12_IRQHandler             0x0800033b   Thumb Code     0  startup_gd32f450_470.o(.text)
    TLI_ER_IRQHandler                        0x0800033b   Thumb Code     0  startup_gd32f450_470.o(.text)
    TLI_IRQHandler                           0x0800033b   Thumb Code     0  startup_gd32f450_470.o(.text)
    TRNG_IRQHandler                          0x0800033b   Thumb Code     0  startup_gd32f450_470.o(.text)
    UART3_IRQHandler                         0x0800033b   Thumb Code     0  startup_gd32f450_470.o(.text)
    UART4_IRQHandler                         0x0800033b   Thumb Code     0  startup_gd32f450_470.o(.text)
    UART6_IRQHandler                         0x0800033b   Thumb Code     0  startup_gd32f450_470.o(.text)
    UART7_IRQHandler                         0x0800033b   Thumb Code     0  startup_gd32f450_470.o(.text)
    USART0_IRQHandler                        0x0800033b   Thumb Code     0  startup_gd32f450_470.o(.text)
    USART1_IRQHandler                        0x0800033b   Thumb Code     0  startup_gd32f450_470.o(.text)
    USART2_IRQHandler                        0x0800033b   Thumb Code     0  startup_gd32f450_470.o(.text)
    USART5_IRQHandler                        0x0800033b   Thumb Code     0  startup_gd32f450_470.o(.text)
    USBFS_IRQHandler                         0x0800033b   Thumb Code     0  startup_gd32f450_470.o(.text)
    USBFS_WKUP_IRQHandler                    0x0800033b   Thumb Code     0  startup_gd32f450_470.o(.text)
    USBHS_EP1_In_IRQHandler                  0x0800033b   Thumb Code     0  startup_gd32f450_470.o(.text)
    USBHS_EP1_Out_IRQHandler                 0x0800033b   Thumb Code     0  startup_gd32f450_470.o(.text)
    USBHS_IRQHandler                         0x0800033b   Thumb Code     0  startup_gd32f450_470.o(.text)
    USBHS_WKUP_IRQHandler                    0x0800033b   Thumb Code     0  startup_gd32f450_470.o(.text)
    WWDGT_IRQHandler                         0x0800033b   Thumb Code     0  startup_gd32f450_470.o(.text)
    __user_initial_stackheap                 0x0800033d   Thumb Code    10  startup_gd32f450_470.o(.text)
    __use_no_semihosting                     0x0800035d   Thumb Code     2  use_no_semi_2.o(.text)
    __2printf                                0x08000361   Thumb Code    20  noretval__2printf.o(.text)
    __printf                                 0x08000379   Thumb Code   104  __printf.o(.text)
    _printf_str                              0x080003e1   Thumb Code    82  _printf_str.o(.text)
    _printf_int_dec                          0x08000435   Thumb Code   104  _printf_dec.o(.text)
    _printf_int_hex                          0x080004ad   Thumb Code    84  _printf_hex_int.o(.text)
    _printf_longlong_hex                     0x080004ad   Thumb Code     0  _printf_hex_int.o(.text)
    strlen                                   0x08000505   Thumb Code    62  strlen.o(.text)
    __aeabi_memcpy                           0x08000543   Thumb Code     0  rt_memcpy_v6.o(.text)
    __rt_memcpy                              0x08000543   Thumb Code   138  rt_memcpy_v6.o(.text)
    _memcpy_lastbytes                        0x080005a9   Thumb Code     0  rt_memcpy_v6.o(.text)
    __aeabi_memcpy4                          0x080005cd   Thumb Code     0  rt_memcpy_w.o(.text)
    __aeabi_memcpy8                          0x080005cd   Thumb Code     0  rt_memcpy_w.o(.text)
    __rt_memcpy_w                            0x080005cd   Thumb Code   100  rt_memcpy_w.o(.text)
    _memcpy_lastbytes_aligned                0x08000615   Thumb Code     0  rt_memcpy_w.o(.text)
    __aeabi_memset                           0x08000631   Thumb Code    16  aeabi_memset.o(.text)
    __aeabi_memclr                           0x08000641   Thumb Code     0  rt_memclr.o(.text)
    __rt_memclr                              0x08000641   Thumb Code    68  rt_memclr.o(.text)
    _memset                                  0x08000645   Thumb Code     0  rt_memclr.o(.text)
    __aeabi_memclr4                          0x08000685   Thumb Code     0  rt_memclr_w.o(.text)
    __aeabi_memclr8                          0x08000685   Thumb Code     0  rt_memclr_w.o(.text)
    __rt_memclr_w                            0x08000685   Thumb Code    78  rt_memclr_w.o(.text)
    _memset_w                                0x08000689   Thumb Code     0  rt_memclr_w.o(.text)
    __use_two_region_memory                  0x080006d3   Thumb Code     2  heapauxi.o(.text)
    __rt_heap_escrow$2region                 0x080006d5   Thumb Code     2  heapauxi.o(.text)
    __rt_heap_expand$2region                 0x080006d7   Thumb Code     2  heapauxi.o(.text)
    __I$use$semihosting                      0x080006d9   Thumb Code     0  use_no_semi.o(.text)
    __use_no_semihosting_swi                 0x080006d9   Thumb Code     2  use_no_semi.o(.text)
    _printf_int_common                       0x080006db   Thumb Code   178  _printf_intcommon.o(.text)
    _printf_cs_common                        0x0800078d   Thumb Code    20  _printf_char.o(.text)
    _printf_char                             0x080007a1   Thumb Code    16  _printf_char.o(.text)
    _printf_string                           0x080007b1   Thumb Code     8  _printf_char.o(.text)
    _printf_char_file                        0x080007b9   Thumb Code    32  _printf_char_file.o(.text)
    _printf_char_common                      0x080007e7   Thumb Code    32  _printf_char_common.o(.text)
    ferror                                   0x0800080d   Thumb Code     8  ferror.o(.text)
    __user_setup_stackheap                   0x08000815   Thumb Code    74  sys_stackheap_outer.o(.text)
    exit                                     0x0800085f   Thumb Code    18  exit.o(.text)
    __user_libspace                          0x08000871   Thumb Code     8  libspace.o(.text)
    __user_perproc_libspace                  0x08000871   Thumb Code     0  libspace.o(.text)
    __user_perthread_libspace                0x08000871   Thumb Code     0  libspace.o(.text)
    BusFault_Handler                         0x08000879   Thumb Code     4  gd32f4xx_it.o(i.BusFault_Handler)
    DebugMon_Handler                         0x0800087d   Thumb Code     2  gd32f4xx_it.o(i.DebugMon_Handler)
    HardFault_Handler                        0x080008d5   Thumb Code     4  gd32f4xx_it.o(i.HardFault_Handler)
    Led_Init                                 0x080008d9   Thumb Code    40  main.o(i.Led_Init)
    MemManage_Handler                        0x08000905   Thumb Code     4  gd32f4xx_it.o(i.MemManage_Handler)
    NMI_Handler                              0x08000909   Thumb Code     2  gd32f4xx_it.o(i.NMI_Handler)
    SysTick_Handler                          0x08000989   Thumb Code    46  port.o(i.SysTick_Handler)
    SystemInit                               0x080009bd   Thumb Code   194  system_gd32f4xx.o(i.SystemInit)
    UsageFault_Handler                       0x08000a91   Thumb Code     4  gd32f4xx_it.o(i.UsageFault_Handler)
    _sys_exit                                0x08000a95   Thumb Code     4  gd32f450i_eval.o(i._sys_exit)
    disk_initialize                          0x080016b9   Thumb Code    38  diskio.o(i.disk_initialize)
    disk_ioctl                               0x080016e5   Thumb Code    64  diskio.o(i.disk_ioctl)
    disk_read                                0x08001729   Thumb Code    78  diskio.o(i.disk_read)
    disk_status                              0x08001777   Thumb Code     6  diskio.o(i.disk_status)
    disk_write                               0x0800177d   Thumb Code    78  diskio.o(i.disk_write)
    f_close                                  0x080017cb   Thumb Code    42  ff.o(i.f_close)
    f_lseek                                  0x080017f5   Thumb Code   828  ff.o(i.f_lseek)
    f_mkfs                                   0x08001b31   Thumb Code  1824  ff.o(i.f_mkfs)
    f_mount                                  0x08002285   Thumb Code   116  ff.o(i.f_mount)
    f_open                                   0x080022fd   Thumb Code   540  ff.o(i.f_open)
    f_read                                   0x08002519   Thumb Code   512  ff.o(i.f_read)
    f_sync                                   0x08002719   Thumb Code   176  ff.o(i.f_sync)
    f_write                                  0x080027c9   Thumb Code   580  ff.o(i.f_write)
    ff_cre_syncobj                           0x08002a0d   Thumb Code    26  ffsystem.o(i.ff_cre_syncobj)
    ff_del_syncobj                           0x08002a27   Thumb Code    14  ffsystem.o(i.ff_del_syncobj)
    ff_memalloc                              0x08002a35   Thumb Code    12  ffsystem.o(i.ff_memalloc)
    ff_memfree                               0x08002a41   Thumb Code    12  ffsystem.o(i.ff_memfree)
    ff_rel_grant                             0x08002a4d   Thumb Code    18  ffsystem.o(i.ff_rel_grant)
    ff_req_grant                             0x08002a5f   Thumb Code    24  ffsystem.o(i.ff_req_grant)
    ff_uni2oem                               0x08002a79   Thumb Code    58  ffunicode.o(i.ff_uni2oem)
    ff_wtoupper                              0x08002ab9   Thumb Code   166  ffunicode.o(i.ff_wtoupper)
    file_read_UT                             0x08002b69   Thumb Code    92  main.o(i.file_read_UT)
    file_write_read_UT                       0x08002c3d   Thumb Code   134  main.o(i.file_write_read_UT)
    flash_FAT_format                         0x08002dd9   Thumb Code    86  main.o(i.flash_FAT_format)
    fputc                                    0x08002f49   Thumb Code    32  gd32f450i_eval.o(i.fputc)
    gd_eval_GD25Q40_BufferRead               0x08002f6d   Thumb Code    76  drv_gd25q40.o(i.gd_eval_GD25Q40_BufferRead)
    gd_eval_GD25Q40_BufferWrite              0x08002fbd   Thumb Code   290  drv_gd25q40.o(i.gd_eval_GD25Q40_BufferWrite)
    gd_eval_GD25Q40_BulkErase                0x080030e1   Thumb Code    34  drv_gd25q40.o(i.gd_eval_GD25Q40_BulkErase)
    gd_eval_GD25Q40_Init                     0x08003109   Thumb Code    40  drv_gd25q40.o(i.gd_eval_GD25Q40_Init)
    gd_eval_GD25Q40_PageWrite                0x08003135   Thumb Code    82  drv_gd25q40.o(i.gd_eval_GD25Q40_PageWrite)
    gd_eval_GD25Q40_ReadID                   0x0800318d   Thumb Code    74  drv_gd25q40.o(i.gd_eval_GD25Q40_ReadID)
    gd_eval_SPI_Init                         0x080031dd   Thumb Code    12  drv_gd25q40.o(i.gd_eval_SPI_Init)
    gd_eval_SPI_SwapByte                     0x080031e9   Thumb Code    50  drv_gd25q40.o(i.gd_eval_SPI_SwapByte)
    gd_eval_com_init                         0x08003221   Thumb Code   206  gd32f450i_eval.o(i.gd_eval_com_init)
    get_fattime                              0x080034bd   Thumb Code     4  diskio.o(i.get_fattime)
    gpio_af_set                              0x08003515   Thumb Code    94  gd32f4xx_gpio.o(i.gpio_af_set)
    gpio_bit_reset                           0x08003573   Thumb Code     4  gd32f4xx_gpio.o(i.gpio_bit_reset)
    gpio_bit_set                             0x08003577   Thumb Code     4  gd32f4xx_gpio.o(i.gpio_bit_set)
    gpio_mode_set                            0x0800357b   Thumb Code    78  gd32f4xx_gpio.o(i.gpio_mode_set)
    gpio_output_options_set                  0x080035c9   Thumb Code    66  gd32f4xx_gpio.o(i.gpio_output_options_set)
    main                                     0x08003661   Thumb Code   116  main.o(i.main)
    nvic_priority_group_set                  0x08003a5d   Thumb Code    10  gd32f4xx_misc.o(i.nvic_priority_group_set)
    pvPortMalloc                             0x080045f9   Thumb Code   280  heap_4.o(i.pvPortMalloc)
    pvTaskIncrementMutexHeldCount            0x08004725   Thumb Code    26  tasks.o(i.pvTaskIncrementMutexHeldCount)
    pxPortInitialiseStack                    0x08004745   Thumb Code    38  port.o(i.pxPortInitialiseStack)
    rcu_clock_freq_get                       0x08004771   Thumb Code   264  gd32f4xx_rcu.o(i.rcu_clock_freq_get)
    rcu_periph_clock_enable                  0x08004895   Thumb Code    32  gd32f4xx_rcu.o(i.rcu_periph_clock_enable)
    rcu_periph_reset_disable                 0x080048b9   Thumb Code    32  gd32f4xx_rcu.o(i.rcu_periph_reset_disable)
    rcu_periph_reset_enable                  0x080048dd   Thumb Code    32  gd32f4xx_rcu.o(i.rcu_periph_reset_enable)
    spi_enable                               0x0800499b   Thumb Code    10  gd32f4xx_spi.o(i.spi_enable)
    spi_flash_UT                             0x080049a5   Thumb Code    76  main.o(i.spi_flash_UT)
    spi_i2s_data_receive                     0x08004a21   Thumb Code     8  gd32f4xx_spi.o(i.spi_i2s_data_receive)
    spi_i2s_data_transmit                    0x08004a29   Thumb Code     4  gd32f4xx_spi.o(i.spi_i2s_data_transmit)
    spi_i2s_deinit                           0x08004a2d   Thumb Code   162  gd32f4xx_spi.o(i.spi_i2s_deinit)
    spi_i2s_flag_get                         0x08004ad9   Thumb Code    16  gd32f4xx_spi.o(i.spi_i2s_flag_get)
    spi_init                                 0x08004ae9   Thumb Code    50  gd32f4xx_spi.o(i.spi_init)
    usart_baudrate_set                       0x08004e31   Thumb Code   224  gd32f4xx_usart.o(i.usart_baudrate_set)
    usart_data_transmit                      0x08004f19   Thumb Code     8  gd32f4xx_usart.o(i.usart_data_transmit)
    usart_deinit                             0x08004f21   Thumb Code   210  gd32f4xx_usart.o(i.usart_deinit)
    usart_enable                             0x08004ffd   Thumb Code    10  gd32f4xx_usart.o(i.usart_enable)
    usart_flag_get                           0x08005007   Thumb Code    30  gd32f4xx_usart.o(i.usart_flag_get)
    usart_receive_config                     0x08005025   Thumb Code    16  gd32f4xx_usart.o(i.usart_receive_config)
    usart_transmit_config                    0x08005035   Thumb Code    16  gd32f4xx_usart.o(i.usart_transmit_config)
    uxListRemove                             0x08005045   Thumb Code    40  list.o(i.uxListRemove)
    vListInitialise                          0x0800506d   Thumb Code    26  list.o(i.vListInitialise)
    vListInitialiseItem                      0x08005087   Thumb Code     6  list.o(i.vListInitialiseItem)
    vListInsert                              0x0800508d   Thumb Code    52  list.o(i.vListInsert)
    vPortEnterCritical                       0x080050c1   Thumb Code    76  port.o(i.vPortEnterCritical)
    vPortExitCritical                        0x08005115   Thumb Code    56  port.o(i.vPortExitCritical)
    vPortFree                                0x08005151   Thumb Code   132  heap_4.o(i.vPortFree)
    vPortSetupTimerInterrupt                 0x080051dd   Thumb Code    36  port.o(i.vPortSetupTimerInterrupt)
    vQueueAddToRegistry                      0x08005205   Thumb Code    90  queue.o(i.vQueueAddToRegistry)
    vQueueDelete                             0x08005265   Thumb Code    44  queue.o(i.vQueueDelete)
    vQueueUnregisterQueue                    0x08005291   Thumb Code    68  queue.o(i.vQueueUnregisterQueue)
    vQueueWaitForMessageRestricted           0x080052d9   Thumb Code    74  queue.o(i.vQueueWaitForMessageRestricted)
    vTaskDelay                               0x08005325   Thumb Code    82  tasks.o(i.vTaskDelay)
    vTaskInternalSetTimeOutState             0x08005381   Thumb Code    14  tasks.o(i.vTaskInternalSetTimeOutState)
    vTaskMissedYield                         0x08005399   Thumb Code     8  tasks.o(i.vTaskMissedYield)
    vTaskPlaceOnEventList                    0x080053a5   Thumb Code    52  tasks.o(i.vTaskPlaceOnEventList)
    vTaskPlaceOnEventListRestricted          0x080053dd   Thumb Code    94  tasks.o(i.vTaskPlaceOnEventListRestricted)
    vTaskPriorityDisinheritAfterTimeout      0x08005441   Thumb Code   268  tasks.o(i.vTaskPriorityDisinheritAfterTimeout)
    vTaskStartScheduler                      0x08005559   Thumb Code   122  tasks.o(i.vTaskStartScheduler)
    vTaskSuspendAll                          0x080055f5   Thumb Code    12  tasks.o(i.vTaskSuspendAll)
    vTaskSwitchContext                       0x08005605   Thumb Code   118  tasks.o(i.vTaskSwitchContext)
    xPortStartScheduler                      0x080056e5   Thumb Code   330  port.o(i.xPortStartScheduler)
    xQueueCreateMutex                        0x0800584d   Thumb Code    34  queue.o(i.xQueueCreateMutex)
    xQueueGenericCreate                      0x0800586f   Thumb Code   102  queue.o(i.xQueueGenericCreate)
    xQueueGenericReset                       0x080058d5   Thumb Code   214  queue.o(i.xQueueGenericReset)
    xQueueGenericSend                        0x080059b1   Thumb Code   420  queue.o(i.xQueueGenericSend)
    xQueueReceive                            0x08005b59   Thumb Code   356  queue.o(i.xQueueReceive)
    xQueueSemaphoreTake                      0x08005cc1   Thumb Code   398  queue.o(i.xQueueSemaphoreTake)
    xTaskCheckForTimeOut                     0x08005e55   Thumb Code   136  tasks.o(i.xTaskCheckForTimeOut)
    xTaskCreate                              0x08005ee5   Thumb Code   104  tasks.o(i.xTaskCreate)
    xTaskGetSchedulerState                   0x08005f4d   Thumb Code    24  tasks.o(i.xTaskGetSchedulerState)
    xTaskGetTickCount                        0x08005f6d   Thumb Code     6  tasks.o(i.xTaskGetTickCount)
    xTaskIncrementTick                       0x08005f79   Thumb Code   398  tasks.o(i.xTaskIncrementTick)
    xTaskPriorityDisinherit                  0x08006135   Thumb Code   226  tasks.o(i.xTaskPriorityDisinherit)
    xTaskPriorityInherit                     0x08006225   Thumb Code   224  tasks.o(i.xTaskPriorityInherit)
    xTaskRemoveFromEventList                 0x08006311   Thumb Code   264  tasks.o(i.xTaskRemoveFromEventList)
    xTaskResumeAll                           0x08006431   Thumb Code   338  tasks.o(i.xTaskResumeAll)
    xTimerCreateTimerTask                    0x080065a9   Thumb Code    66  timers.o(i.xTimerCreateTimerTask)
    _fp_init                                 0x08006601   Thumb Code    10  fpinit.o(x$fpl$fpinit)
    __fplib_config_fpu_vfp                   0x08006609   Thumb Code     0  fpinit.o(x$fpl$fpinit)
    __fplib_config_pureend_doubles           0x08006609   Thumb Code     0  fpinit.o(x$fpl$fpinit)
    Region$$Table$$Base                      0x08006bac   Number         0  anon$$obj.o(Region$$Table)
    Region$$Table$$Limit                     0x08006bcc   Number         0  anon$$obj.o(Region$$Table)
    task1_handle                             0x20000000   Data           4  main.o(.data)
    task2_handle                             0x20000004   Data           4  main.o(.data)
    SystemCoreClock                          0x20000008   Data           4  system_gd32f4xx.o(.data)
    __stdout                                 0x2000008c   Data           4  gd32f450i_eval.o(.data)
    pxCurrentTCB                             0x20000090   Data           4  tasks.o(.data)
    uxTopUsedPriority                        0x200000c8   Data           4  tasks.o(.data)
    FLASH_SECTOR_COUNT                       0x2000010c   Data           2  diskio.o(.data)
    xQueueRegistry                           0x20000bd4   Data          64  queue.o(.bss)
    __libspace_start                         0x2001392c   Data          96  libspace.o(.bss)
    __temporary_stack_top$libspace           0x2001398c   Data           0  libspace.o(.bss)



==============================================================================

Memory Map of the image

  Image Entry point : 0x080001ad

  Load Region LR_IROM1 (Base: 0x08000000, Size: 0x00006ce0, Max: 0x00200000, ABSOLUTE)

    Execution Region ER_IROM1 (Exec base: 0x08000000, Load base: 0x08000000, Size: 0x00006bcc, Max: 0x00200000, ABSOLUTE)

    Exec Addr    Load Addr    Size         Type   Attr      Idx    E Section Name        Object

    0x08000000   0x08000000   0x000001ac   Data   RO         5915    RESET               startup_gd32f450_470.o
    0x080001ac   0x080001ac   0x00000008   Code   RO         7931  * !!!main             c_w.l(__main.o)
    0x080001b4   0x080001b4   0x00000034   Code   RO         8101    !!!scatter          c_w.l(__scatter.o)
    0x080001e8   0x080001e8   0x0000001a   Code   RO         8103    !!handler_copy      c_w.l(__scatter_copy.o)
    0x08000202   0x08000202   0x00000002   PAD
    0x08000204   0x08000204   0x0000001c   Code   RO         8105    !!handler_zi        c_w.l(__scatter_zi.o)
    0x08000220   0x08000220   0x00000000   Code   RO         7914    .ARM.Collect$$_printf_percent$$00000000  c_w.l(_printf_percent.o)
    0x08000220   0x08000220   0x00000006   Code   RO         7913    .ARM.Collect$$_printf_percent$$0000000A  c_w.l(_printf_u.o)
    0x08000226   0x08000226   0x00000006   Code   RO         7912    .ARM.Collect$$_printf_percent$$0000000C  c_w.l(_printf_x.o)
    0x0800022c   0x0800022c   0x00000006   Code   RO         7911    .ARM.Collect$$_printf_percent$$00000014  c_w.l(_printf_s.o)
    0x08000232   0x08000232   0x00000004   Code   RO         7942    .ARM.Collect$$_printf_percent$$00000017  c_w.l(_printf_percent_end.o)
    0x08000236   0x08000236   0x00000002   Code   RO         7975    .ARM.Collect$$libinit$$00000000  c_w.l(libinit.o)
    0x08000238   0x08000238   0x00000004   Code   RO         7981    .ARM.Collect$$libinit$$00000001  c_w.l(libinit2.o)
    0x0800023c   0x0800023c   0x00000000   Code   RO         7984    .ARM.Collect$$libinit$$00000004  c_w.l(libinit2.o)
    0x0800023c   0x0800023c   0x00000000   Code   RO         7987    .ARM.Collect$$libinit$$0000000A  c_w.l(libinit2.o)
    0x0800023c   0x0800023c   0x00000000   Code   RO         7989    .ARM.Collect$$libinit$$0000000C  c_w.l(libinit2.o)
    0x0800023c   0x0800023c   0x00000000   Code   RO         7991    .ARM.Collect$$libinit$$0000000E  c_w.l(libinit2.o)
    0x0800023c   0x0800023c   0x00000000   Code   RO         7994    .ARM.Collect$$libinit$$00000011  c_w.l(libinit2.o)
    0x0800023c   0x0800023c   0x00000000   Code   RO         7996    .ARM.Collect$$libinit$$00000013  c_w.l(libinit2.o)
    0x0800023c   0x0800023c   0x00000000   Code   RO         7998    .ARM.Collect$$libinit$$00000015  c_w.l(libinit2.o)
    0x0800023c   0x0800023c   0x00000000   Code   RO         8000    .ARM.Collect$$libinit$$00000017  c_w.l(libinit2.o)
    0x0800023c   0x0800023c   0x00000000   Code   RO         8002    .ARM.Collect$$libinit$$00000019  c_w.l(libinit2.o)
    0x0800023c   0x0800023c   0x00000000   Code   RO         8004    .ARM.Collect$$libinit$$0000001B  c_w.l(libinit2.o)
    0x0800023c   0x0800023c   0x00000000   Code   RO         8006    .ARM.Collect$$libinit$$0000001D  c_w.l(libinit2.o)
    0x0800023c   0x0800023c   0x00000000   Code   RO         8008    .ARM.Collect$$libinit$$0000001F  c_w.l(libinit2.o)
    0x0800023c   0x0800023c   0x00000000   Code   RO         8010    .ARM.Collect$$libinit$$00000021  c_w.l(libinit2.o)
    0x0800023c   0x0800023c   0x00000000   Code   RO         8012    .ARM.Collect$$libinit$$00000023  c_w.l(libinit2.o)
    0x0800023c   0x0800023c   0x00000000   Code   RO         8014    .ARM.Collect$$libinit$$00000025  c_w.l(libinit2.o)
    0x0800023c   0x0800023c   0x00000000   Code   RO         8018    .ARM.Collect$$libinit$$0000002C  c_w.l(libinit2.o)
    0x0800023c   0x0800023c   0x00000000   Code   RO         8020    .ARM.Collect$$libinit$$0000002E  c_w.l(libinit2.o)
    0x0800023c   0x0800023c   0x00000000   Code   RO         8022    .ARM.Collect$$libinit$$00000030  c_w.l(libinit2.o)
    0x0800023c   0x0800023c   0x00000000   Code   RO         8024    .ARM.Collect$$libinit$$00000032  c_w.l(libinit2.o)
    0x0800023c   0x0800023c   0x00000002   Code   RO         8025    .ARM.Collect$$libinit$$00000033  c_w.l(libinit2.o)
    0x0800023e   0x0800023e   0x00000002   Code   RO         8043    .ARM.Collect$$libshutdown$$00000000  c_w.l(libshutdown.o)
    0x08000240   0x08000240   0x00000000   Code   RO         8053    .ARM.Collect$$libshutdown$$00000002  c_w.l(libshutdown2.o)
    0x08000240   0x08000240   0x00000000   Code   RO         8055    .ARM.Collect$$libshutdown$$00000004  c_w.l(libshutdown2.o)
    0x08000240   0x08000240   0x00000000   Code   RO         8058    .ARM.Collect$$libshutdown$$00000007  c_w.l(libshutdown2.o)
    0x08000240   0x08000240   0x00000000   Code   RO         8061    .ARM.Collect$$libshutdown$$0000000A  c_w.l(libshutdown2.o)
    0x08000240   0x08000240   0x00000000   Code   RO         8063    .ARM.Collect$$libshutdown$$0000000C  c_w.l(libshutdown2.o)
    0x08000240   0x08000240   0x00000000   Code   RO         8066    .ARM.Collect$$libshutdown$$0000000F  c_w.l(libshutdown2.o)
    0x08000240   0x08000240   0x00000002   Code   RO         8067    .ARM.Collect$$libshutdown$$00000010  c_w.l(libshutdown2.o)
    0x08000242   0x08000242   0x00000000   Code   RO         7935    .ARM.Collect$$rtentry$$00000000  c_w.l(__rtentry.o)
    0x08000242   0x08000242   0x00000000   Code   RO         7944    .ARM.Collect$$rtentry$$00000002  c_w.l(__rtentry2.o)
    0x08000242   0x08000242   0x00000006   Code   RO         7956    .ARM.Collect$$rtentry$$00000004  c_w.l(__rtentry4.o)
    0x08000248   0x08000248   0x00000000   Code   RO         7946    .ARM.Collect$$rtentry$$00000009  c_w.l(__rtentry2.o)
    0x08000248   0x08000248   0x00000004   Code   RO         7947    .ARM.Collect$$rtentry$$0000000A  c_w.l(__rtentry2.o)
    0x0800024c   0x0800024c   0x00000000   Code   RO         7949    .ARM.Collect$$rtentry$$0000000C  c_w.l(__rtentry2.o)
    0x0800024c   0x0800024c   0x00000008   Code   RO         7950    .ARM.Collect$$rtentry$$0000000D  c_w.l(__rtentry2.o)
    0x08000254   0x08000254   0x00000002   Code   RO         7979    .ARM.Collect$$rtexit$$00000000  c_w.l(rtexit.o)
    0x08000256   0x08000256   0x00000000   Code   RO         8027    .ARM.Collect$$rtexit$$00000002  c_w.l(rtexit2.o)
    0x08000256   0x08000256   0x00000004   Code   RO         8028    .ARM.Collect$$rtexit$$00000003  c_w.l(rtexit2.o)
    0x0800025a   0x0800025a   0x00000006   Code   RO         8029    .ARM.Collect$$rtexit$$00000004  c_w.l(rtexit2.o)
    0x08000260   0x08000260   0x000000be   Code   RO         7217    .emb_text           port.o
    0x0800031e   0x0800031e   0x00000002   PAD
    0x08000320   0x08000320   0x0000003c   Code   RO         5916    .text               startup_gd32f450_470.o
    0x0800035c   0x0800035c   0x00000002   Code   RO         7858    .text               c_w.l(use_no_semi_2.o)
    0x0800035e   0x0800035e   0x00000002   PAD
    0x08000360   0x08000360   0x00000018   Code   RO         7862    .text               c_w.l(noretval__2printf.o)
    0x08000378   0x08000378   0x00000068   Code   RO         7864    .text               c_w.l(__printf.o)
    0x080003e0   0x080003e0   0x00000052   Code   RO         7866    .text               c_w.l(_printf_str.o)
    0x08000432   0x08000432   0x00000002   PAD
    0x08000434   0x08000434   0x00000078   Code   RO         7868    .text               c_w.l(_printf_dec.o)
    0x080004ac   0x080004ac   0x00000058   Code   RO         7873    .text               c_w.l(_printf_hex_int.o)
    0x08000504   0x08000504   0x0000003e   Code   RO         7915    .text               c_w.l(strlen.o)
    0x08000542   0x08000542   0x0000008a   Code   RO         7917    .text               c_w.l(rt_memcpy_v6.o)
    0x080005cc   0x080005cc   0x00000064   Code   RO         7919    .text               c_w.l(rt_memcpy_w.o)
    0x08000630   0x08000630   0x00000010   Code   RO         7923    .text               c_w.l(aeabi_memset.o)
    0x08000640   0x08000640   0x00000044   Code   RO         7925    .text               c_w.l(rt_memclr.o)
    0x08000684   0x08000684   0x0000004e   Code   RO         7927    .text               c_w.l(rt_memclr_w.o)
    0x080006d2   0x080006d2   0x00000006   Code   RO         7929    .text               c_w.l(heapauxi.o)
    0x080006d8   0x080006d8   0x00000002   Code   RO         7933    .text               c_w.l(use_no_semi.o)
    0x080006da   0x080006da   0x000000b2   Code   RO         7936    .text               c_w.l(_printf_intcommon.o)
    0x0800078c   0x0800078c   0x0000002c   Code   RO         7938    .text               c_w.l(_printf_char.o)
    0x080007b8   0x080007b8   0x00000024   Code   RO         7940    .text               c_w.l(_printf_char_file.o)
    0x080007dc   0x080007dc   0x00000030   Code   RO         7958    .text               c_w.l(_printf_char_common.o)
    0x0800080c   0x0800080c   0x00000008   Code   RO         7960    .text               c_w.l(ferror.o)
    0x08000814   0x08000814   0x0000004a   Code   RO         7964    .text               c_w.l(sys_stackheap_outer.o)
    0x0800085e   0x0800085e   0x00000012   Code   RO         7968    .text               c_w.l(exit.o)
    0x08000870   0x08000870   0x00000008   Code   RO         7976    .text               c_w.l(libspace.o)
    0x08000878   0x08000878   0x00000004   Code   RO            3    i.BusFault_Handler  gd32f4xx_it.o
    0x0800087c   0x0800087c   0x00000002   Code   RO            4    i.DebugMon_Handler  gd32f4xx_it.o
    0x0800087e   0x0800087e   0x00000002   PAD
    0x08000880   0x08000880   0x00000034   Code   RO         5997    i.GD25Q40_WaitForWriteEnd  drv_gd25q40.o
    0x080008b4   0x080008b4   0x00000020   Code   RO         5998    i.GD25Q40_WriteEnable  drv_gd25q40.o
    0x080008d4   0x080008d4   0x00000004   Code   RO            5    i.HardFault_Handler  gd32f4xx_it.o
    0x080008d8   0x080008d8   0x0000002c   Code   RO          179    i.Led_Init          main.o
    0x08000904   0x08000904   0x00000004   Code   RO            6    i.MemManage_Handler  gd32f4xx_it.o
    0x08000908   0x08000908   0x00000002   Code   RO            7    i.NMI_Handler       gd32f4xx_it.o
    0x0800090a   0x0800090a   0x00000002   PAD
    0x0800090c   0x0800090c   0x00000040   Code   RO         5999    i.SPI_Configuration  drv_gd25q40.o
    0x0800094c   0x0800094c   0x0000003c   Code   RO         6000    i.SPI_GpioConfig    drv_gd25q40.o
    0x08000988   0x08000988   0x00000034   Code   RO         7218    i.SysTick_Handler   port.o
    0x080009bc   0x080009bc   0x000000d4   Code   RO          376    i.SystemInit        system_gd32f4xx.o
    0x08000a90   0x08000a90   0x00000004   Code   RO            8    i.UsageFault_Handler  gd32f4xx_it.o
    0x08000a94   0x08000a94   0x00000004   Code   RO         5922    i._sys_exit         gd32f450i_eval.o
    0x08000a98   0x08000a98   0x0000004c   Code   RO          180    i.app_task1         main.o
    0x08000ae4   0x08000ae4   0x0000004c   Code   RO          181    i.app_task2         main.o
    0x08000b30   0x08000b30   0x00000080   Code   RO         7360    i.check_fs          ff.o
    0x08000bb0   0x08000bb0   0x00000014   Code   RO         7361    i.chk_chr           ff.o
    0x08000bc4   0x08000bc4   0x00000032   Code   RO         7362    i.clmt_clust        ff.o
    0x08000bf6   0x08000bf6   0x0000001a   Code   RO         7363    i.clst2sect         ff.o
    0x08000c10   0x08000c10   0x00000098   Code   RO         7364    i.cmp_lfn           ff.o
    0x08000ca8   0x08000ca8   0x00000120   Code   RO         7365    i.create_chain      ff.o
    0x08000dc8   0x08000dc8   0x000002c0   Code   RO         7366    i.create_name       ff.o
    0x08001088   0x08001088   0x0000015c   Code   RO         7367    i.create_partition  ff.o
    0x080011e4   0x080011e4   0x0000000c   Code   RO         7368    i.dbc_1st           ff.o
    0x080011f0   0x080011f0   0x00000060   Code   RO         7370    i.dir_alloc         ff.o
    0x08001250   0x08001250   0x000000c6   Code   RO         7371    i.dir_clear         ff.o
    0x08001316   0x08001316   0x000000fc   Code   RO         7372    i.dir_find          ff.o
    0x08001412   0x08001412   0x000000ca   Code   RO         7373    i.dir_next          ff.o
    0x080014dc   0x080014dc   0x00000142   Code   RO         7375    i.dir_register      ff.o
    0x0800161e   0x0800161e   0x0000009a   Code   RO         7377    i.dir_sdi           ff.o
    0x080016b8   0x080016b8   0x0000002c   Code   RO         7296    i.disk_initialize   diskio.o
    0x080016e4   0x080016e4   0x00000044   Code   RO         7297    i.disk_ioctl        diskio.o
    0x08001728   0x08001728   0x0000004e   Code   RO         7298    i.disk_read         diskio.o
    0x08001776   0x08001776   0x00000006   Code   RO         7299    i.disk_status       diskio.o
    0x0800177c   0x0800177c   0x0000004e   Code   RO         7300    i.disk_write        diskio.o
    0x080017ca   0x080017ca   0x0000002a   Code   RO         7381    i.f_close           ff.o
    0x080017f4   0x080017f4   0x0000033c   Code   RO         7387    i.f_lseek           ff.o
    0x08001b30   0x08001b30   0x00000754   Code   RO         7389    i.f_mkfs            ff.o
    0x08002284   0x08002284   0x00000078   Code   RO         7390    i.f_mount           ff.o
    0x080022fc   0x080022fc   0x0000021c   Code   RO         7391    i.f_open            ff.o
    0x08002518   0x08002518   0x00000200   Code   RO         7396    i.f_read            ff.o
    0x08002718   0x08002718   0x000000b0   Code   RO         7401    i.f_sync            ff.o
    0x080027c8   0x080027c8   0x00000244   Code   RO         7405    i.f_write           ff.o
    0x08002a0c   0x08002a0c   0x0000001a   Code   RO         7788    i.ff_cre_syncobj    ffsystem.o
    0x08002a26   0x08002a26   0x0000000e   Code   RO         7789    i.ff_del_syncobj    ffsystem.o
    0x08002a34   0x08002a34   0x0000000c   Code   RO         7790    i.ff_memalloc       ffsystem.o
    0x08002a40   0x08002a40   0x0000000c   Code   RO         7791    i.ff_memfree        ffsystem.o
    0x08002a4c   0x08002a4c   0x00000012   Code   RO         7792    i.ff_rel_grant      ffsystem.o
    0x08002a5e   0x08002a5e   0x00000018   Code   RO         7793    i.ff_req_grant      ffsystem.o
    0x08002a76   0x08002a76   0x00000002   PAD
    0x08002a78   0x08002a78   0x00000040   Code   RO         7831    i.ff_uni2oem        ffunicode.o
    0x08002ab8   0x08002ab8   0x000000b0   Code   RO         7832    i.ff_wtoupper       ffunicode.o
    0x08002b68   0x08002b68   0x000000d4   Code   RO          182    i.file_read_UT      main.o
    0x08002c3c   0x08002c3c   0x00000124   Code   RO          184    i.file_write_read_UT  main.o
    0x08002d60   0x08002d60   0x00000078   Code   RO         7406    i.find_volume       ff.o
    0x08002dd8   0x08002dd8   0x000000a4   Code   RO          185    i.flash_FAT_format  main.o
    0x08002e7c   0x08002e7c   0x000000ca   Code   RO         7407    i.follow_path       ff.o
    0x08002f46   0x08002f46   0x00000002   PAD
    0x08002f48   0x08002f48   0x00000024   Code   RO         5923    i.fputc             gd32f450i_eval.o
    0x08002f6c   0x08002f6c   0x00000050   Code   RO         6001    i.gd_eval_GD25Q40_BufferRead  drv_gd25q40.o
    0x08002fbc   0x08002fbc   0x00000122   Code   RO         6002    i.gd_eval_GD25Q40_BufferWrite  drv_gd25q40.o
    0x080030de   0x080030de   0x00000002   PAD
    0x080030e0   0x080030e0   0x00000028   Code   RO         6003    i.gd_eval_GD25Q40_BulkErase  drv_gd25q40.o
    0x08003108   0x08003108   0x0000002c   Code   RO         6004    i.gd_eval_GD25Q40_Init  drv_gd25q40.o
    0x08003134   0x08003134   0x00000058   Code   RO         6005    i.gd_eval_GD25Q40_PageWrite  drv_gd25q40.o
    0x0800318c   0x0800318c   0x00000050   Code   RO         6006    i.gd_eval_GD25Q40_ReadID  drv_gd25q40.o
    0x080031dc   0x080031dc   0x0000000c   Code   RO         6008    i.gd_eval_SPI_Init  drv_gd25q40.o
    0x080031e8   0x080031e8   0x00000038   Code   RO         6009    i.gd_eval_SPI_SwapByte  drv_gd25q40.o
    0x08003220   0x08003220   0x000000f0   Code   RO         5924    i.gd_eval_com_init  gd32f450i_eval.o
    0x08003310   0x08003310   0x000000cc   Code   RO         7408    i.gen_numname       ff.o
    0x080033dc   0x080033dc   0x000000e0   Code   RO         7409    i.get_fat           ff.o
    0x080034bc   0x080034bc   0x00000004   Code   RO         7301    i.get_fattime       diskio.o
    0x080034c0   0x080034c0   0x00000054   Code   RO         7411    i.get_ldnumber      ff.o
    0x08003514   0x08003514   0x0000005e   Code   RO         2900    i.gpio_af_set       gd32f4xx_gpio.o
    0x08003572   0x08003572   0x00000004   Code   RO         2901    i.gpio_bit_reset    gd32f4xx_gpio.o
    0x08003576   0x08003576   0x00000004   Code   RO         2902    i.gpio_bit_set      gd32f4xx_gpio.o
    0x0800357a   0x0800357a   0x0000004e   Code   RO         2908    i.gpio_mode_set     gd32f4xx_gpio.o
    0x080035c8   0x080035c8   0x00000042   Code   RO         2910    i.gpio_output_options_set  gd32f4xx_gpio.o
    0x0800360a   0x0800360a   0x00000026   Code   RO         7412    i.ld_clust          ff.o
    0x08003630   0x08003630   0x00000018   Code   RO         7413    i.ld_dword          ff.o
    0x08003648   0x08003648   0x0000000c   Code   RO         7414    i.ld_word           ff.o
    0x08003654   0x08003654   0x0000000c   Code   RO         7415    i.lock_fs           ff.o
    0x08003660   0x08003660   0x000000c0   Code   RO          186    i.main              main.o
    0x08003720   0x08003720   0x00000024   Code   RO         7416    i.mem_cmp           ff.o
    0x08003744   0x08003744   0x0000001a   Code   RO         7417    i.mem_cpy           ff.o
    0x0800375e   0x0800375e   0x00000012   Code   RO         7418    i.mem_set           ff.o
    0x08003770   0x08003770   0x000002b8   Code   RO         7419    i.mount_volume      ff.o
    0x08003a28   0x08003a28   0x00000034   Code   RO         7420    i.move_window       ff.o
    0x08003a5c   0x08003a5c   0x00000014   Code   RO         3474    i.nvic_priority_group_set  gd32f4xx_misc.o
    0x08003a70   0x08003a70   0x000000c0   Code   RO         6624    i.prvAddCurrentTaskToDelayedList  tasks.o
    0x08003b30   0x08003b30   0x000000ec   Code   RO         6625    i.prvAddNewTaskToReadyList  tasks.o
    0x08003c1c   0x08003c1c   0x00000064   Code   RO         6988    i.prvCheckForValidListAndQueue  timers.o
    0x08003c80   0x08003c80   0x00000048   Code   RO         6626    i.prvCheckTasksWaitingTermination  tasks.o
    0x08003cc8   0x08003cc8   0x0000002a   Code   RO         6247    i.prvCopyDataFromQueue  queue.o
    0x08003cf2   0x08003cf2   0x0000007e   Code   RO         6248    i.prvCopyDataToQueue  queue.o
    0x08003d70   0x08003d70   0x00000012   Code   RO         6627    i.prvDeleteTCB      tasks.o
    0x08003d82   0x08003d82   0x00000014   Code   RO         6249    i.prvGetDisinheritPriorityAfterTimeout  queue.o
    0x08003d96   0x08003d96   0x00000002   PAD
    0x08003d98   0x08003d98   0x00000028   Code   RO         6989    i.prvGetNextExpireTime  timers.o
    0x08003dc0   0x08003dc0   0x00000070   Code   RO         7156    i.prvHeapInit       heap_4.o
    0x08003e30   0x08003e30   0x00000028   Code   RO         6628    i.prvIdleTask       tasks.o
    0x08003e58   0x08003e58   0x0000001e   Code   RO         6250    i.prvInitialiseMutex  queue.o
    0x08003e76   0x08003e76   0x0000002a   Code   RO         6251    i.prvInitialiseNewQueue  queue.o
    0x08003ea0   0x08003ea0   0x000000cc   Code   RO         6629    i.prvInitialiseNewTask  tasks.o
    0x08003f6c   0x08003f6c   0x00000068   Code   RO         6630    i.prvInitialiseTaskLists  tasks.o
    0x08003fd4   0x08003fd4   0x00000068   Code   RO         7157    i.prvInsertBlockIntoFreeList  heap_4.o
    0x0800403c   0x0800403c   0x00000058   Code   RO         6991    i.prvInsertTimerInActiveList  timers.o
    0x08004094   0x08004094   0x0000001a   Code   RO         6252    i.prvIsQueueEmpty   queue.o
    0x080040ae   0x080040ae   0x0000001e   Code   RO         6253    i.prvIsQueueFull    queue.o
    0x080040cc   0x080040cc   0x00000044   Code   RO         6992    i.prvProcessExpiredTimer  timers.o
    0x08004110   0x08004110   0x0000011c   Code   RO         6993    i.prvProcessReceivedCommands  timers.o
    0x0800422c   0x0800422c   0x00000074   Code   RO         6994    i.prvProcessTimerOrBlockTask  timers.o
    0x080042a0   0x080042a0   0x00000028   Code   RO         6995    i.prvReloadTimer    timers.o
    0x080042c8   0x080042c8   0x00000030   Code   RO         6632    i.prvResetNextTaskUnblockTime  tasks.o
    0x080042f8   0x080042f8   0x0000002c   Code   RO         6996    i.prvSampleTimeNow  timers.o
    0x08004324   0x08004324   0x00000044   Code   RO         6997    i.prvSwitchTimerLists  timers.o
    0x08004368   0x08004368   0x00000040   Code   RO         7219    i.prvTaskExitError  port.o
    0x080043a8   0x080043a8   0x0000001a   Code   RO         6998    i.prvTimerTask      timers.o
    0x080043c2   0x080043c2   0x0000007e   Code   RO         6254    i.prvUnlockQueue    queue.o
    0x08004440   0x08004440   0x00000138   Code   RO         7422    i.put_fat           ff.o
    0x08004578   0x08004578   0x00000080   Code   RO         7423    i.put_lfn           ff.o
    0x080045f8   0x080045f8   0x0000012c   Code   RO         7159    i.pvPortMalloc      heap_4.o
    0x08004724   0x08004724   0x00000020   Code   RO         6635    i.pvTaskIncrementMutexHeldCount  tasks.o
    0x08004744   0x08004744   0x0000002c   Code   RO         7220    i.pxPortInitialiseStack  port.o
    0x08004770   0x08004770   0x00000124   Code   RO         3678    i.rcu_clock_freq_get  gd32f4xx_rcu.o
    0x08004894   0x08004894   0x00000024   Code   RO         3697    i.rcu_periph_clock_enable  gd32f4xx_rcu.o
    0x080048b8   0x080048b8   0x00000024   Code   RO         3700    i.rcu_periph_reset_disable  gd32f4xx_rcu.o
    0x080048dc   0x080048dc   0x00000024   Code   RO         3701    i.rcu_periph_reset_enable  gd32f4xx_rcu.o
    0x08004900   0x08004900   0x0000009a   Code   RO         7428    i.remove_chain      ff.o
    0x0800499a   0x0800499a   0x0000000a   Code   RO         4537    i.spi_enable        gd32f4xx_spi.o
    0x080049a4   0x080049a4   0x0000007c   Code   RO          187    i.spi_flash_UT      main.o
    0x08004a20   0x08004a20   0x00000008   Code   RO         4539    i.spi_i2s_data_receive  gd32f4xx_spi.o
    0x08004a28   0x08004a28   0x00000004   Code   RO         4540    i.spi_i2s_data_transmit  gd32f4xx_spi.o
    0x08004a2c   0x08004a2c   0x000000ac   Code   RO         4541    i.spi_i2s_deinit    gd32f4xx_spi.o
    0x08004ad8   0x08004ad8   0x00000010   Code   RO         4542    i.spi_i2s_flag_get  gd32f4xx_spi.o
    0x08004ae8   0x08004ae8   0x00000032   Code   RO         4546    i.spi_init          gd32f4xx_spi.o
    0x08004b1a   0x08004b1a   0x00000024   Code   RO         7429    i.st_clust          ff.o
    0x08004b3e   0x08004b3e   0x00000018   Code   RO         7430    i.st_dword          ff.o
    0x08004b56   0x08004b56   0x0000000c   Code   RO         7431    i.st_word           ff.o
    0x08004b62   0x08004b62   0x00000020   Code   RO         7432    i.sum_sfn           ff.o
    0x08004b82   0x08004b82   0x00000002   PAD
    0x08004b84   0x08004b84   0x00000090   Code   RO         7433    i.sync_fs           ff.o
    0x08004c14   0x08004c14   0x0000004a   Code   RO         7434    i.sync_window       ff.o
    0x08004c5e   0x08004c5e   0x00000002   PAD
    0x08004c60   0x08004c60   0x000000fc   Code   RO          377    i.system_clock_200m_25m_hxtal  system_gd32f4xx.o
    0x08004d5c   0x08004d5c   0x00000008   Code   RO          378    i.system_clock_config  system_gd32f4xx.o
    0x08004d64   0x08004d64   0x000000b0   Code   RO         7435    i.tchar2uni         ff.o
    0x08004e14   0x08004e14   0x0000001c   Code   RO         7436    i.unlock_fs         ff.o
    0x08004e30   0x08004e30   0x000000e8   Code   RO         5516    i.usart_baudrate_set  gd32f4xx_usart.o
    0x08004f18   0x08004f18   0x00000008   Code   RO         5521    i.usart_data_transmit  gd32f4xx_usart.o
    0x08004f20   0x08004f20   0x000000dc   Code   RO         5522    i.usart_deinit      gd32f4xx_usart.o
    0x08004ffc   0x08004ffc   0x0000000a   Code   RO         5526    i.usart_enable      gd32f4xx_usart.o
    0x08005006   0x08005006   0x0000001e   Code   RO         5528    i.usart_flag_get    gd32f4xx_usart.o
    0x08005024   0x08005024   0x00000010   Code   RO         5553    i.usart_receive_config  gd32f4xx_usart.o
    0x08005034   0x08005034   0x00000010   Code   RO         5568    i.usart_transmit_config  gd32f4xx_usart.o
    0x08005044   0x08005044   0x00000028   Code   RO         6207    i.uxListRemove      list.o
    0x0800506c   0x0800506c   0x0000001a   Code   RO         6208    i.vListInitialise   list.o
    0x08005086   0x08005086   0x00000006   Code   RO         6209    i.vListInitialiseItem  list.o
    0x0800508c   0x0800508c   0x00000034   Code   RO         6210    i.vListInsert       list.o
    0x080050c0   0x080050c0   0x00000054   Code   RO         7222    i.vPortEnterCritical  port.o
    0x08005114   0x08005114   0x0000003c   Code   RO         7223    i.vPortExitCritical  port.o
    0x08005150   0x08005150   0x0000008c   Code   RO         7160    i.vPortFree         heap_4.o
    0x080051dc   0x080051dc   0x00000028   Code   RO         7224    i.vPortSetupTimerInterrupt  port.o
    0x08005204   0x08005204   0x00000060   Code   RO         6260    i.vQueueAddToRegistry  queue.o
    0x08005264   0x08005264   0x0000002c   Code   RO         6261    i.vQueueDelete      queue.o
    0x08005290   0x08005290   0x00000048   Code   RO         6263    i.vQueueUnregisterQueue  queue.o
    0x080052d8   0x080052d8   0x0000004a   Code   RO         6264    i.vQueueWaitForMessageRestricted  queue.o
    0x08005322   0x08005322   0x00000002   PAD
    0x08005324   0x08005324   0x0000005c   Code   RO         6644    i.vTaskDelay        tasks.o
    0x08005380   0x08005380   0x00000018   Code   RO         6649    i.vTaskInternalSetTimeOutState  tasks.o
    0x08005398   0x08005398   0x0000000c   Code   RO         6650    i.vTaskMissedYield  tasks.o
    0x080053a4   0x080053a4   0x00000038   Code   RO         6651    i.vTaskPlaceOnEventList  tasks.o
    0x080053dc   0x080053dc   0x00000064   Code   RO         6652    i.vTaskPlaceOnEventListRestricted  tasks.o
    0x08005440   0x08005440   0x00000118   Code   RO         6654    i.vTaskPriorityDisinheritAfterTimeout  tasks.o
    0x08005558   0x08005558   0x0000009c   Code   RO         6660    i.vTaskStartScheduler  tasks.o
    0x080055f4   0x080055f4   0x00000010   Code   RO         6662    i.vTaskSuspendAll   tasks.o
    0x08005604   0x08005604   0x0000008c   Code   RO         6663    i.vTaskSwitchContext  tasks.o
    0x08005690   0x08005690   0x00000052   Code   RO         7437    i.validate          ff.o
    0x080056e2   0x080056e2   0x00000002   PAD
    0x080056e4   0x080056e4   0x00000168   Code   RO         7226    i.xPortStartScheduler  port.o
    0x0800584c   0x0800584c   0x00000022   Code   RO         6266    i.xQueueCreateMutex  queue.o
    0x0800586e   0x0800586e   0x00000066   Code   RO         6267    i.xQueueGenericCreate  queue.o
    0x080058d4   0x080058d4   0x000000dc   Code   RO         6268    i.xQueueGenericReset  queue.o
    0x080059b0   0x080059b0   0x000001a8   Code   RO         6269    i.xQueueGenericSend  queue.o
    0x08005b58   0x08005b58   0x00000168   Code   RO         6277    i.xQueueReceive     queue.o
    0x08005cc0   0x08005cc0   0x00000194   Code   RO         6279    i.xQueueSemaphoreTake  queue.o
    0x08005e54   0x08005e54   0x00000090   Code   RO         6665    i.xTaskCheckForTimeOut  tasks.o
    0x08005ee4   0x08005ee4   0x00000068   Code   RO         6666    i.xTaskCreate       tasks.o
    0x08005f4c   0x08005f4c   0x00000020   Code   RO         6673    i.xTaskGetSchedulerState  tasks.o
    0x08005f6c   0x08005f6c   0x0000000c   Code   RO         6674    i.xTaskGetTickCount  tasks.o
    0x08005f78   0x08005f78   0x000001bc   Code   RO         6676    i.xTaskIncrementTick  tasks.o
    0x08006134   0x08006134   0x000000f0   Code   RO         6677    i.xTaskPriorityDisinherit  tasks.o
    0x08006224   0x08006224   0x000000ec   Code   RO         6678    i.xTaskPriorityInherit  tasks.o
    0x08006310   0x08006310   0x00000120   Code   RO         6679    i.xTaskRemoveFromEventList  tasks.o
    0x08006430   0x08006430   0x00000178   Code   RO         6680    i.xTaskResumeAll    tasks.o
    0x080065a8   0x080065a8   0x00000058   Code   RO         7006    i.xTimerCreateTimerTask  timers.o
    0x08006600   0x08006600   0x0000000a   Code   RO         8035    x$fpl$fpinit        fz_wm.l(fpinit.o)
    0x0800660a   0x0800660a   0x00000002   PAD
    0x0800660c   0x0800660c   0x000000fa   Data   RO          189    .constdata          main.o
    0x08006706   0x08006706   0x00000002   PAD
    0x08006708   0x08006708   0x000000cc   Data   RO         7439    .constdata          ff.o
    0x080067d4   0x080067d4   0x000003ae   Data   RO         7833    .constdata          ffunicode.o
    0x08006b82   0x08006b82   0x00000028   Data   RO         7874    .constdata          c_w.l(_printf_hex_int.o)
    0x08006baa   0x08006baa   0x00000002   PAD
    0x08006bac   0x08006bac   0x00000020   Data   RO         8099    Region$$Table       anon$$obj.o


    Execution Region RW_IRAM1 (Exec base: 0x20000000, Load base: 0x08006bcc, Size: 0x00017990, Max: 0x000b0000, ABSOLUTE)

    Exec Addr    Load Addr    Size         Type   Attr      Idx    E Section Name        Object

    0x20000000   0x08006bcc   0x00000008   Data   RW          190    .data               main.o
    0x20000008   0x08006bd4   0x00000004   Data   RW          379    .data               system_gd32f4xx.o
    0x2000000c   0x08006bd8   0x00000084   Data   RW         5931    .data               gd32f450i_eval.o
    0x20000090   0x08006c5c   0x00000040   Data   RW         6683    .data               tasks.o
    0x200000d0   0x08006c9c   0x00000014   Data   RW         7014    .data               timers.o
    0x200000e4   0x08006cb0   0x0000001c   Data   RW         7166    .data               heap_4.o
    0x20000100   0x08006ccc   0x0000000c   Data   RW         7227    .data               port.o
    0x2000010c   0x08006cd8   0x00000002   Data   RW         7302    .data               diskio.o
    0x2000010e   0x08006cda   0x00000003   Data   RW         7440    .data               ff.o
    0x20000111   0x08006cdd   0x00000003   PAD
    0x20000114        -       0x00000ac0   Zero   RW          188    .bss                main.o
    0x20000bd4        -       0x00000040   Zero   RW         6281    .bss                queue.o
    0x20000c14        -       0x000000c8   Zero   RW         6682    .bss                tasks.o
    0x20000cdc        -       0x00000028   Zero   RW         7013    .bss                timers.o
    0x20000d04        -       0x00012c00   Zero   RW         7165    .bss                heap_4.o
    0x20013904        -       0x00000028   Zero   RW         7438    .bss                ff.o
    0x2001392c        -       0x00000060   Zero   RW         7977    .bss                c_w.l(libspace.o)
    0x2001398c   0x08006cdd   0x00000004   PAD
    0x20013990        -       0x00000000   Zero   RW         5914    HEAP                startup_gd32f450_470.o
    0x20013990        -       0x00004000   Zero   RW         5913    STACK               startup_gd32f450_470.o


==============================================================================

Image component sizes


      Code (inc. data)   RO Data    RW Data    ZI Data      Debug   Object Name

       278         10          0          2          0       7901   diskio.o
       898         54          0          0          0       7709   drv_gd25q40.o
         0          0          0          0          0      13120   event_groups.o
     10576        184        204          3         40      58913   ff.o
       106          0          0          0          0       3787   ffsystem.o
       240         26        942          0          0       2131   ffunicode.o
       280         38          0        132          0       4077   gd32f450i_eval.o
       246          0          0          0          0       3340   gd32f4xx_gpio.o
        20          0          0          0          0      55717   gd32f4xx_it.o
        20         10          0          0          0        526   gd32f4xx_misc.o
       400         40          0          0          0       3324   gd32f4xx_rcu.o
       260         10          0          0          0       4023   gd32f4xx_spi.o
       532         18          0          0          0       4361   gd32f4xx_usart.o
       656         58          0         28      76800       5203   heap_4.o
       124          0          0          0          0       2797   list.o
      1180        536        250          8       2752      26676   main.o
       894         78          0         12          0      10716   port.o
      2272         30          0          0         64      19728   queue.o
        60         22        428          0      16384        868   startup_gd32f450_470.o
       472         30          0          4          0       2575   system_gd32f4xx.o
      3698        388          0         64        200      30437   tasks.o
       962        110          0         20         40      23236   timers.o

    ----------------------------------------------------------------------
     24196       1642       1858        276      96280     291165   Object Totals
         0          0         32          0          0          0   (incl. Generated)
        22          0          2          3          0          0   (incl. Padding)

    ----------------------------------------------------------------------

      Code (inc. data)   RO Data    RW Data    ZI Data      Debug   Library Member Name

         8          0          0          0          0         68   __main.o
       104          0          0          0          0         84   __printf.o
         0          0          0          0          0          0   __rtentry.o
        12          0          0          0          0          0   __rtentry2.o
         6          0          0          0          0          0   __rtentry4.o
        52          8          0          0          0          0   __scatter.o
        26          0          0          0          0          0   __scatter_copy.o
        28          0          0          0          0          0   __scatter_zi.o
        44          0          0          0          0        108   _printf_char.o
        48          6          0          0          0         96   _printf_char_common.o
        36          4          0          0          0         80   _printf_char_file.o
       120         16          0          0          0         92   _printf_dec.o
        88          4         40          0          0         88   _printf_hex_int.o
       178          0          0          0          0         88   _printf_intcommon.o
         0          0          0          0          0          0   _printf_percent.o
         4          0          0          0          0          0   _printf_percent_end.o
         6          0          0          0          0          0   _printf_s.o
        82          0          0          0          0         80   _printf_str.o
         6          0          0          0          0          0   _printf_u.o
         6          0          0          0          0          0   _printf_x.o
        16          0          0          0          0         68   aeabi_memset.o
        18          0          0          0          0         80   exit.o
         8          0          0          0          0         68   ferror.o
         6          0          0          0          0        152   heapauxi.o
         2          0          0          0          0          0   libinit.o
         6          0          0          0          0          0   libinit2.o
         2          0          0          0          0          0   libshutdown.o
         2          0          0          0          0          0   libshutdown2.o
         8          4          0          0         96         68   libspace.o
        24          4          0          0          0         84   noretval__2printf.o
        68          0          0          0          0         68   rt_memclr.o
        78          0          0          0          0         80   rt_memclr_w.o
       138          0          0          0          0         68   rt_memcpy_v6.o
       100          0          0          0          0         80   rt_memcpy_w.o
         2          0          0          0          0          0   rtexit.o
        10          0          0          0          0          0   rtexit2.o
        62          0          0          0          0         76   strlen.o
        74          0          0          0          0         80   sys_stackheap_outer.o
         2          0          0          0          0         68   use_no_semi.o
         2          0          0          0          0         68   use_no_semi_2.o
        10          0          0          0          0        116   fpinit.o

    ----------------------------------------------------------------------
      1500         46         42          0        100       2008   Library Totals
         8          0          2          0          4          0   (incl. Padding)

    ----------------------------------------------------------------------

      Code (inc. data)   RO Data    RW Data    ZI Data      Debug   Library Name

      1482         46         40          0         96       1892   c_w.l
        10          0          0          0          0        116   fz_wm.l

    ----------------------------------------------------------------------
      1500         46         42          0        100       2008   Library Totals

    ----------------------------------------------------------------------

==============================================================================


      Code (inc. data)   RO Data    RW Data    ZI Data      Debug   

     25696       1688       1900        276      96380     273785   Grand Totals
     25696       1688       1900        276      96380     273785   ELF Image Totals
     25696       1688       1900        276          0          0   ROM Totals

==============================================================================

    Total RO  Size (Code + RO Data)                27596 (  26.95kB)
    Total RW  Size (RW Data + ZI Data)             96656 (  94.39kB)
    Total ROM Size (Code + RO Data + RW Data)      27872 (  27.22kB)

==============================================================================

