Component: ARM Compiler 5.06 update 6 (build 750) Tool: armlink [4d35ed]

==============================================================================

Section Cross References

    main.o(i.Led_Init) refers to gd32f4xx_rcu.o(i.rcu_periph_clock_enable) for rcu_periph_clock_enable
    main.o(i.Led_Init) refers to gd32f4xx_gpio.o(i.gpio_mode_set) for gpio_mode_set
    main.o(i.Led_Init) refers to gd32f4xx_gpio.o(i.gpio_output_options_set) for gpio_output_options_set
    main.o(i.app_task1) refers to _printf_percent.o(.ARM.Collect$$_printf_percent$$00000000) for _printf_percent
    main.o(i.app_task1) refers to _printf_u.o(.ARM.Collect$$_printf_percent$$0000000A) for _printf_u
    main.o(i.app_task1) refers to _printf_dec.o(.text) for _printf_int_dec
    main.o(i.app_task1) refers to tasks.o(i.xTaskGetTickCount) for xTaskGetTickCount
    main.o(i.app_task1) refers to noretval__2printf.o(.text) for __2printf
    main.o(i.app_task1) refers to gd32f4xx_gpio.o(i.gpio_bit_set) for gpio_bit_set
    main.o(i.app_task1) refers to tasks.o(i.vTaskDelay) for vTaskDelay
    main.o(i.app_task1) refers to gd32f4xx_gpio.o(i.gpio_bit_reset) for gpio_bit_reset
    main.o(i.app_task2) refers to _printf_percent.o(.ARM.Collect$$_printf_percent$$00000000) for _printf_percent
    main.o(i.app_task2) refers to _printf_u.o(.ARM.Collect$$_printf_percent$$0000000A) for _printf_u
    main.o(i.app_task2) refers to _printf_dec.o(.text) for _printf_int_dec
    main.o(i.app_task2) refers to tasks.o(i.xTaskGetTickCount) for xTaskGetTickCount
    main.o(i.app_task2) refers to noretval__2printf.o(.text) for __2printf
    main.o(i.app_task2) refers to gd32f4xx_gpio.o(i.gpio_bit_set) for gpio_bit_set
    main.o(i.app_task2) refers to tasks.o(i.vTaskDelay) for vTaskDelay
    main.o(i.app_task2) refers to gd32f4xx_gpio.o(i.gpio_bit_reset) for gpio_bit_reset
    main.o(i.file_read_UT) refers to _printf_percent.o(.ARM.Collect$$_printf_percent$$00000000) for _printf_percent
    main.o(i.file_read_UT) refers to _printf_s.o(.ARM.Collect$$_printf_percent$$00000014) for _printf_s
    main.o(i.file_read_UT) refers to _printf_str.o(.text) for _printf_str
    main.o(i.file_read_UT) refers to _printf_d.o(.ARM.Collect$$_printf_percent$$00000009) for _printf_d
    main.o(i.file_read_UT) refers to _printf_dec.o(.text) for _printf_int_dec
    main.o(i.file_read_UT) refers to _printf_u.o(.ARM.Collect$$_printf_percent$$0000000A) for _printf_u
    main.o(i.file_read_UT) refers to rt_memclr_w.o(.text) for __aeabi_memclr4
    main.o(i.file_read_UT) refers to ff.o(i.f_getcwd) for f_getcwd
    main.o(i.file_read_UT) refers to noretval__2printf.o(.text) for __2printf
    main.o(i.file_read_UT) refers to ff.o(i.f_open) for f_open
    main.o(i.file_read_UT) refers to ff.o(i.f_read) for f_read
    main.o(i.file_read_UT) refers to ff.o(i.f_close) for f_close
    main.o(i.file_read_UT) refers to main.o(.bss) for file_r
    main.o(i.file_write_UT) refers to _printf_percent.o(.ARM.Collect$$_printf_percent$$00000000) for _printf_percent
    main.o(i.file_write_UT) refers to _printf_s.o(.ARM.Collect$$_printf_percent$$00000014) for _printf_s
    main.o(i.file_write_UT) refers to _printf_str.o(.text) for _printf_str
    main.o(i.file_write_UT) refers to noretval__2printf.o(.text) for __2printf
    main.o(i.file_write_UT) refers to rt_memcpy_w.o(.text) for __aeabi_memcpy4
    main.o(i.file_write_UT) refers to ff.o(i.f_getcwd) for f_getcwd
    main.o(i.file_write_UT) refers to ff.o(i.f_open) for f_open
    main.o(i.file_write_UT) refers to ff.o(i.f_lseek) for f_lseek
    main.o(i.file_write_UT) refers to ff.o(i.f_write) for f_write
    main.o(i.file_write_UT) refers to ff.o(i.f_close) for f_close
    main.o(i.file_write_UT) refers to main.o(.constdata) for .constdata
    main.o(i.file_write_UT) refers to main.o(.bss) for file_w
    main.o(i.file_write_read_UT) refers to _printf_percent.o(.ARM.Collect$$_printf_percent$$00000000) for _printf_percent
    main.o(i.file_write_read_UT) refers to _printf_s.o(.ARM.Collect$$_printf_percent$$00000014) for _printf_s
    main.o(i.file_write_read_UT) refers to _printf_str.o(.text) for _printf_str
    main.o(i.file_write_read_UT) refers to _printf_u.o(.ARM.Collect$$_printf_percent$$0000000A) for _printf_u
    main.o(i.file_write_read_UT) refers to _printf_dec.o(.text) for _printf_int_dec
    main.o(i.file_write_read_UT) refers to _printf_d.o(.ARM.Collect$$_printf_percent$$00000009) for _printf_d
    main.o(i.file_write_read_UT) refers to rt_memcpy_w.o(.text) for __aeabi_memcpy4
    main.o(i.file_write_read_UT) refers to rt_memclr_w.o(.text) for __aeabi_memclr4
    main.o(i.file_write_read_UT) refers to ff.o(i.f_getcwd) for f_getcwd
    main.o(i.file_write_read_UT) refers to noretval__2printf.o(.text) for __2printf
    main.o(i.file_write_read_UT) refers to ff.o(i.f_open) for f_open
    main.o(i.file_write_read_UT) refers to ff.o(i.f_write) for f_write
[...]
    i.usart_enable                           0x08005b3c   Section        0  gd32f4xx_usart.o(i.usart_enable)
    i.usart_flag_get                         0x08005b46   Section        0  gd32f4xx_usart.o(i.usart_flag_get)
    i.usart_receive_config                   0x08005b64   Section        0  gd32f4xx_usart.o(i.usart_receive_config)
    i.usart_transmit_config                  0x08005b74   Section        0  gd32f4xx_usart.o(i.usart_transmit_config)
    i.uxListRemove                           0x08005b84   Section        0  list.o(i.uxListRemove)
    i.vListInitialise                        0x08005bac   Section        0  list.o(i.vListInitialise)
    i.vListInitialiseItem                    0x08005bc6   Section        0  list.o(i.vListInitialiseItem)
    i.vListInsert                            0x08005bcc   Section        0  list.o(i.vListInsert)
    i.vPortEnterCritical                     0x08005c00   Section        0  port.o(i.vPortEnterCritical)
    i.vPortExitCritical                      0x08005c54   Section        0  port.o(i.vPortExitCritical)
    i.vPortFree                              0x08005c90   Section        0  heap_4.o(i.vPortFree)
    i.vPortSetupTimerInterrupt               0x08005d1c   Section        0  port.o(i.vPortSetupTimerInterrupt)
    i.vQueueAddToRegistry                    0x08005d44   Section        0  queue.o(i.vQueueAddToRegistry)
    i.vQueueDelete                           0x08005da4   Section        0  queue.o(i.vQueueDelete)
    i.vQueueUnregisterQueue                  0x08005dd0   Section        0  queue.o(i.vQueueUnregisterQueue)
    i.vQueueWaitForMessageRestricted         0x08005e18   Section        0  queue.o(i.vQueueWaitForMessageRestricted)
    i.vTaskDelay                             0x08005e64   Section        0  tasks.o(i.vTaskDelay)
    i.vTaskInternalSetTimeOutState           0x08005ec0   Section        0  tasks.o(i.vTaskInternalSetTimeOutState)
    i.vTaskMissedYield                       0x08005ed8   Section        0  tasks.o(i.vTaskMissedYield)
    i.vTaskPlaceOnEventList                  0x08005ee4   Section        0  tasks.o(i.vTaskPlaceOnEventList)
    i.vTaskPlaceOnEventListRestricted        0x08005f1c   Section        0  tasks.o(i.vTaskPlaceOnEventListRestricted)
    i.vTaskPriorityDisinheritAfterTimeout    0x08005f80   Section        0  tasks.o(i.vTaskPriorityDisinheritAfterTimeout)
    i.vTaskStartScheduler                    0x08006098   Section        0  tasks.o(i.vTaskStartScheduler)
    i.vTaskSuspendAll                        0x08006134   Section        0  tasks.o(i.vTaskSuspendAll)
    i.vTaskSwitchContext                     0x08006144   Section        0  tasks.o(i.vTaskSwitchContext)
    i.validate                               0x080061d0   Section        0  ff.o(i.validate)
    validate                                 0x080061d1   Thumb Code    82  ff.o(i.validate)
    i.xPortStartScheduler                    0x08006224   Section        0  port.o(i.xPortStartScheduler)
    i.xQueueCreateMutex                      0x0800638c   Section        0  queue.o(i.xQueueCreateMutex)
    i.xQueueGenericCreate                    0x080063ae   Section        0  queue.o(i.xQueueGenericCreate)
    i.xQueueGenericReset                     0x08006414   Section        0  queue.o(i.xQueueGenericReset)
    i.xQueueGenericSend                      0x080064f0   Section        0  queue.o(i.xQueueGenericSend)
    i.xQueueReceive                          0x08006698   Section        0  queue.o(i.xQueueReceive)
    i.xQueueSemaphoreTake                    0x08006800   Section        0  queue.o(i.xQueueSemaphoreTake)
    i.xTaskCheckForTimeOut                   0x08006994   Section        0  tasks.o(i.xTaskCheckForTimeOut)
    i.xTaskCreate                            0x08006a24   Section        0  tasks.o(i.xTaskCreate)
    i.xTaskGetSchedulerState                 0x08006a8c   Section        0  tasks.o(i.xTaskGetSchedulerState)
    i.xTaskGetTickCount                      0x08006aac   Section        0  tasks.o(i.xTaskGetTickCount)
    i.xTaskIncrementTick                     0x08006ab8   Section        0  tasks.o(i.xTaskIncrementTick)
    i.xTaskPriorityDisinherit                0x08006c74   Section        0  tasks.o(i.xTaskPriorityDisinherit)
    i.xTaskPriorityInherit                   0x08006d64   Section        0  tasks.o(i.xTaskPriorityInherit)
    i.xTaskRemoveFromEventList               0x08006e50   Section        0  tasks.o(i.xTaskRemoveFromEventList)
    i.xTaskResumeAll                         0x08006f70   Section        0  tasks.o(i.xTaskResumeAll)
    i.xTimerCreateTimerTask                  0x080070e8   Section        0  timers.o(i.xTimerCreateTimerTask)
    x$fpl$fpinit                             0x08007140   Section       10  fpinit.o(x$fpl$fpinit)
    $v0                                      0x08007140   Number         0  fpinit.o(x$fpl$fpinit)
    .constdata                               0x0800714c   Section      206  main.o(.constdata)
    .constdata                               0x0800721c   Section      188  ff.o(.constdata)
    LfnOfs                                   0x0800721c   Data          13  ff.o(.constdata)
    ExCvt                                    0x08007229   Data         128  ff.o(.constdata)
    cst                                      0x080072aa   Data          14  ff.o(.constdata)
    cst32                                    0x080072b8   Data          14  ff.o(.constdata)
    defopt                                   0x080072c8   Data          16  ff.o(.constdata)
    .constdata                               0x080072d8   Section      942  ffunicode.o(.constdata)
    uc437                                    0x080072d8   Data         256  ffunicode.o(.constdata)
    cvt1                                     0x080073d8   Data         498  ffunicode.o(.constdata)
    cvt2                                     0x080075ca   Data         188  ffunicode.o(.constdata)
    .constdata                               0x08007686   Section       40  _printf_hex_int.o(.constdata)
    uc_hextab                                0x08007686   Data          20  _printf_hex_int.o(.constdata)
    lc_hextab                                0x0800769a   Data          20  _printf_hex_int.o(.constdata)
    .constdata                               0x080076ae   Section       17  __printf_flags_wp.o(.constdata)
    maptable                                 0x080076ae   Data          17  __printf_flags_wp.o(.constdata)
    .data                                    0x20000000   Section        8  main.o(.data)
    .data                                    0x20000008   Section        4  system_gd32f4xx.o(.data)
    .data                                    0x2000000c   Section      132  gd32f450i_eval.o(.data)
    GPIO_PORT                                0x2000000c   Data          12  gd32f450i_eval.o(.data)
    GPIO_PIN                                 0x20000018   Data          12  gd32f450i_eval.o(.data)
    COM_CLK                                  0x20000024   Data           4  gd32f450i_eval.o(.data)
    COM_GPIO_CLK                             0x20000028   Data           4  gd32f450i_eval.o(.data)
    COM_TX_PIN                               0x2000002c   Data           8  gd32f450i_eval.o(.data)
    COM_RX_PIN                               0x20000034   Data           8  gd32f450i_eval.o(.data)
    COM_GPIO_PORT                            0x2000003c   Data           8  gd32f450i_eval.o(.data)
    COM_AF                                   0x20000044   Data           8  gd32f450i_eval.o(.data)
    GPIO_CLK                                 0x2000004c   Data           6  gd32f450i_eval.o(.data)
    KEY_PORT                                 0x20000054   Data          12  gd32f450i_eval.o(.data)
    KEY_PIN                                  0x20000060   Data          12  gd32f450i_eval.o(.data)
    KEY_CLK                                  0x2000006c   Data           6  gd32f450i_eval.o(.data)
    KEY_EXTI_LINE                            0x20000074   Data          12  gd32f450i_eval.o(.data)
    KEY_PORT_SOURCE                          0x20000080   Data           3  gd32f450i_eval.o(.data)
    KEY_PIN_SOURCE                           0x20000083   Data           3  gd32f450i_eval.o(.data)
    KEY_IRQn                                 0x20000086   Data           3  gd32f450i_eval.o(.data)
    .data                                    0x20000090   Section       64  tasks.o(.data)
    pxDelayedTaskList                        0x20000094   Data           4  tasks.o(.data)
    pxOverflowDelayedTaskList                0x20000098   Data           4  tasks.o(.data)
    uxDeletedTasksWaitingCleanUp             0x2000009c   Data           4  tasks.o(.data)
    uxCurrentNumberOfTasks                   0x200000a0   Data           4  tasks.o(.data)
    xTickCount                               0x200000a4   Data           4  tasks.o(.data)
    uxTopReadyPriority                       0x200000a8   Data           4  tasks.o(.data)
    xSchedulerRunning                        0x200000ac   Data           4  tasks.o(.data)
    xPendedTicks                             0x200000b0   Data           4  tasks.o(.data)
    xYieldPending                            0x200000b4   Data           4  tasks.o(.data)
    xNumOfOverflows                          0x200000b8   Data           4  tasks.o(.data)
    uxTaskNumber                             0x200000bc   Data           4  tasks.o(.data)
    xNextTaskUnblockTime                     0x200000c0   Data           4  tasks.o(.data)
    xIdleTaskHandle                          0x200000c4   Data           4  tasks.o(.data)
    uxSchedulerSuspended                     0x200000cc   Data           4  tasks.o(.data)
    .data                                    0x200000d0   Section       20  timers.o(.data)
    pxCurrentTimerList                       0x200000d0   Data           4  timers.o(.data)
    pxOverflowTimerList                      0x200000d4   Data           4  timers.o(.data)
    xTimerQueue                              0x200000d8   Data           4  timers.o(.data)
    xTimerTaskHandle                         0x200000dc   Data           4  timers.o(.data)
    xLastTime                                0x200000e0   Data           4  timers.o(.data)
    .data                                    0x200000e4   Section       28  heap_4.o(.data)
    xStart                                   0x200000e4   Data           8  heap_4.o(.data)
    pxEnd                                    0x200000ec   Data           4  heap_4.o(.data)
    xFreeBytesRemaining                      0x200000f0   Data           4  heap_4.o(.data)
    xMinimumEverFreeBytesRemaining           0x200000f4   Data           4  heap_4.o(.data)
    xNumberOfSuccessfulAllocations           0x200000f8   Data           4  heap_4.o(.data)
    xNumberOfSuccessfulFrees                 0x200000fc   Data           4  heap_4.o(.data)
    .data                                    0x20000100   Section       12  port.o(.data)
    uxCriticalNesting                        0x20000100   Data           4  port.o(.data)
    ucMaxSysCallPriority                     0x20000104   Data           1  port.o(.data)
    ulMaxPRIGROUPValue                       0x20000108   Data           4  port.o(.data)
    .data                                    0x2000010c   Section        2  diskio.o(.data)
    .data                                    0x20000110   Section        7  ff.o(.data)
    FatFs                                    0x20000110   Data           4  ff.o(.data)
    Fsid                                     0x20000114   Data           2  ff.o(.data)
    CurrVol                                  0x20000116   Data           1  ff.o(.data)
    .bss                                     0x20000118   Section    20676  main.o(.bss)
    work                                     0x20000118   Data        4096  main.o(.bss)
    fs                                       0x20001118   Data        4160  main.o(.bss)
    file                                     0x20002158   Data        4140  main.o(.bss)
    file_w                                   0x20003184   Data        4140  main.o(.bss)
    file_r                                   0x200041b0   Data        4140  main.o(.bss)
    .bss                                     0x200051dc   Section       64  queue.o(.bss)
    .bss                                     0x2000521c   Section      200  tasks.o(.bss)
    pxReadyTasksLists                        0x2000521c   Data         100  tasks.o(.bss)
    xDelayedTaskList1                        0x20005280   Data          20  tasks.o(.bss)
    xDelayedTaskList2                        0x20005294   Data          20  tasks.o(.bss)
    xPendingReadyList                        0x200052a8   Data          20  tasks.o(.bss)
    xTasksWaitingTermination                 0x200052bc   Data          20  tasks.o(.bss)
    xSuspendedTaskList                       0x200052d0   Data          20  tasks.o(.bss)
    .bss                                     0x200052e4   Section       40  timers.o(.bss)
    xActiveTimerList1                        0x200052e4   Data          20  timers.o(.bss)
    xActiveTimerList2                        0x200052f8   Data          20  timers.o(.bss)
    .bss                                     0x2000530c   Section    76800  heap_4.o(.bss)
    ucHeap                                   0x2000530c   Data       76800  heap_4.o(.bss)
    .bss                                     0x20017f0c   Section       96  libspace.o(.bss)
    HEAP                                     0x20017f70   Section        0  startup_gd32f450_470.o(HEAP)
    STACK                                    0x20017f70   Section    16384  startup_gd32f450_470.o(STACK)
    Heap_Mem                                 0x20017f70   Data           0  startup_gd32f450_470.o(HEAP)
    Stack_Mem                                0x20017f70   Data       16384  startup_gd32f450_470.o(STACK)
    __initial_sp                             0x2001bf70   Data           0  startup_gd32f450_470.o(STACK)

    Global Symbols

    Symbol Name                              Value     Ov Type        Size  Object(Section)

    BuildAttributes$$THM_ISAv4$E$P$D$K$B$S$7EM$VFPi3$EXTD16$VFPS$VFMA$PE$A:L22UL41UL21$X:L11$S22US41US21$IEEE1$IW$USESV6$~STKCKD$USESV7$~SHL$OSPACE$ROPI$EBA8$UX$STANDARDLIB$REQ8$PRES8$EABIv2 0x00000000   Number         0  anon$$obj.o ABSOLUTE
    __ARM_use_no_argv                        0x00000000   Number         0  main.o ABSOLUTE
    _printf_flags                            0x00000000   Number         0  printf_stubs.o ABSOLUTE
    _printf_return_value                     0x00000000   Number         0  printf_stubs.o ABSOLUTE
    _printf_sizespec                         0x00000000   Number         0  printf_stubs.o ABSOLUTE
    _printf_widthprec                        0x00000000   Number         0  printf_stubs.o ABSOLUTE
    __ARM_exceptions_init                     - Undefined Weak Reference
    __alloca_initialize                       - Undefined Weak Reference
    __arm_preinit_                            - Undefined Weak Reference
    __cpp_initialize__aeabi_                  - Undefined Weak Reference
    __cxa_finalize                            - Undefined Weak Reference
    __rt_locale                               - Undefined Weak Reference
    __sigvec_lookup                           - Undefined Weak Reference
    _atexit_init                              - Undefined Weak Reference
    _call_atexit_fns                          - Undefined Weak Reference
    _clock_init                               - Undefined Weak Reference
    _fp_trap_init                             - Undefined Weak Reference
    _fp_trap_shutdown                         - Undefined Weak Reference
    _get_lc_collate                           - Undefined Weak Reference
    _get_lc_ctype                             - Undefined Weak Reference
    _get_lc_monetary                          - Undefined Weak Reference
    _get_lc_numeric                           - Undefined Weak Reference
    _get_lc_time                              - Undefined Weak Reference
    _getenv_init                              - Undefined Weak Reference
    _handle_redirection                       - Undefined Weak Reference
    _init_alloc                               - Undefined Weak Reference
    _init_user_alloc                          - Undefined Weak Reference
    _initio                                   - Undefined Weak Reference
    _mutex_acquire                            - Undefined Weak Reference
    _mutex_release                            - Undefined Weak Reference
    _printf_mbtowc                            - Undefined Weak Reference
    _printf_truncate_signed                   - Undefined Weak Reference
    _printf_truncate_unsigned                 - Undefined Weak Reference
    _rand_init                                - Undefined Weak Reference
    _signal_finish                            - Undefined Weak Reference
    _signal_init                              - Undefined Weak Reference
    _terminate_alloc                          - Undefined Weak Reference
    _terminate_user_alloc                     - Undefined Weak Reference
    _terminateio                              - Undefined Weak Reference
    __Vectors_Size                           0x000001ac   Number         0  startup_gd32f450_470.o ABSOLUTE
    __Vectors                                0x08000000   Data           4  startup_gd32f450_470.o(RESET)
    __Vectors_End                            0x080001ac   Data           0  startup_gd32f450_470.o(RESET)
    __main                                   0x080001ad   Thumb Code     8  __main.o(!!!main)
    __scatterload                            0x080001b5   Thumb Code     0  __scatter.o(!!!scatter)
    __scatterload_rt2                        0x080001b5   Thumb Code    44  __scatter.o(!!!scatter)
    __scatterload_rt2_thumb_only             0x080001b5   Thumb Code     0  __scatter.o(!!!scatter)
    __scatterload_null                       0x080001c3   Thumb Code     0  __scatter.o(!!!scatter)
    __scatterload_copy                       0x080001e9   Thumb Code    26  __scatter_copy.o(!!handler_copy)
    __scatterload_zeroinit                   0x08000205   Thumb Code    28  __scatter_zi.o(!!handler_zi)
    _printf_d                                0x08000221   Thumb Code     0  _printf_d.o(.ARM.Collect$$_printf_percent$$00000009)
    _printf_percent                          0x08000221   Thumb Code     0  _printf_percent.o(.ARM.Collect$$_printf_percent$$00000000)
    _printf_u                                0x08000227   Thumb Code     0  _printf_u.o(.ARM.Collect$$_printf_percent$$0000000A)
    _printf_x                                0x0800022d   Thumb Code     0  _printf_x.o(.ARM.Collect$$_printf_percent$$0000000C)
    _printf_c                                0x08000233   Thumb Code     0  _printf_c.o(.ARM.Collect$$_printf_percent$$00000013)
    _printf_s                                0x08000239   Thumb Code     0  _printf_s.o(.ARM.Collect$$_printf_percent$$00000014)
    _printf_percent_end                      0x0800023f   Thumb Code     0  _printf_percent_end.o(.ARM.Collect$$_printf_percent$$00000017)
    __rt_lib_init                            0x08000243   Thumb Code     0  libinit.o(.ARM.Collect$$libinit$$00000000)
    __rt_lib_init_fp_1                       0x08000245   Thumb Code     0  libinit2.o(.ARM.Collect$$libinit$$00000001)
    __rt_lib_init_alloca_1                   0x08000249   Thumb Code     0  libinit2.o(.ARM.Collect$$libinit$$0000002E)
    __rt_lib_init_argv_1                     0x08000249   Thumb Code     0  libinit2.o(.ARM.Collect$$libinit$$0000002C)
    __rt_lib_init_atexit_1                   0x08000249   Thumb Code     0  libinit2.o(.ARM.Collect$$libinit$$0000001B)
    __rt_lib_init_clock_1                    0x08000249   Thumb Code     0  libinit2.o(.ARM.Collect$$libinit$$00000021)
    __rt_lib_init_cpp_1                      0x08000249   Thumb Code     0  libinit2.o(.ARM.Collect$$libinit$$00000032)
    __rt_lib_init_exceptions_1               0x08000249   Thumb Code     0  libinit2.o(.ARM.Collect$$libinit$$00000030)
    __rt_lib_init_fp_trap_1                  0x08000249   Thumb Code     0  libinit2.o(.ARM.Collect$$libinit$$0000001F)
    __rt_lib_init_getenv_1                   0x08000249   Thumb Code     0  libinit2.o(.ARM.Collect$$libinit$$00000023)
    __rt_lib_init_heap_1                     0x08000249   Thumb Code     0  libinit2.o(.ARM.Collect$$libinit$$0000000A)
    __rt_lib_init_lc_collate_1               0x08000249   Thumb Code     0  libinit2.o(.ARM.Collect$$libinit$$00000011)
    __rt_lib_init_lc_ctype_1                 0x08000249   Thumb Code     0  libinit2.o(.ARM.Collect$$libinit$$00000013)
    __rt_lib_init_lc_monetary_1              0x08000249   Thumb Code     0  libinit2.o(.ARM.Collect$$libinit$$00000015)
    __rt_lib_init_lc_numeric_1               0x08000249   Thumb Code     0  libinit2.o(.ARM.Collect$$libinit$$00000017)
    __rt_lib_init_lc_time_1                  0x08000249   Thumb Code     0  libinit2.o(.ARM.Collect$$libinit$$00000019)
    __rt_lib_init_preinit_1                  0x08000249   Thumb Code     0  libinit2.o(.ARM.Collect$$libinit$$00000004)
    __rt_lib_init_rand_1                     0x08000249   Thumb Code     0  libinit2.o(.ARM.Collect$$libinit$$0000000E)
    __rt_lib_init_return                     0x08000249   Thumb Code     0  libinit2.o(.ARM.Collect$$libinit$$00000033)
    __rt_lib_init_signal_1                   0x08000249   Thumb Code     0  libinit2.o(.ARM.Collect$$libinit$$0000001D)
    __rt_lib_init_stdio_1                    0x08000249   Thumb Code     0  libinit2.o(.ARM.Collect$$libinit$$00000025)
    __rt_lib_init_user_alloc_1               0x08000249   Thumb Code     0  libinit2.o(.ARM.Collect$$libinit$$0000000C)
    __rt_lib_shutdown                        0x0800024b   Thumb Code     0  libshutdown.o(.ARM.Collect$$libshutdown$$00000000)
    __rt_lib_shutdown_cpp_1                  0x0800024d   Thumb Code     0  libshutdown2.o(.ARM.Collect$$libshutdown$$00000002)
    __rt_lib_shutdown_fp_trap_1              0x0800024d   Thumb Code     0  libshutdown2.o(.ARM.Collect$$libshutdown$$00000007)
    __rt_lib_shutdown_heap_1                 0x0800024d   Thumb Code     0  libshutdown2.o(.ARM.Collect$$libshutdown$$0000000F)
    __rt_lib_shutdown_return                 0x0800024d   Thumb Code     0  libshutdown2.o(.ARM.Collect$$libshutdown$$00000010)
    __rt_lib_shutdown_signal_1               0x0800024d   Thumb Code     0  libshutdown2.o(.ARM.Collect$$libshutdown$$0000000A)
    __rt_lib_shutdown_stdio_1                0x0800024d   Thumb Code     0  libshutdown2.o(.ARM.Collect$$libshutdown$$00000004)
    __rt_lib_shutdown_user_alloc_1           0x0800024d   Thumb Code     0  libshutdown2.o(.ARM.Collect$$libshutdown$$0000000C)
    __rt_entry                               0x0800024f   Thumb Code     0  __rtentry.o(.ARM.Collect$$rtentry$$00000000)
    __rt_entry_presh_1                       0x0800024f   Thumb Code     0  __rtentry2.o(.ARM.Collect$$rtentry$$00000002)
    __rt_entry_sh                            0x0800024f   Thumb Code     0  __rtentry4.o(.ARM.Collect$$rtentry$$00000004)
    __rt_entry_li                            0x08000255   Thumb Code     0  __rtentry2.o(.ARM.Collect$$rtentry$$0000000A)
    __rt_entry_postsh_1                      0x08000255   Thumb Code     0  __rtentry2.o(.ARM.Collect$$rtentry$$00000009)
    __rt_entry_main                          0x08000259   Thumb Code     0  __rtentry2.o(.ARM.Collect$$rtentry$$0000000D)
    __rt_entry_postli_1                      0x08000259   Thumb Code     0  __rtentry2.o(.ARM.Collect$$rtentry$$0000000C)
    __rt_exit                                0x08000261   Thumb Code     0  rtexit.o(.ARM.Collect$$rtexit$$00000000)
    __rt_exit_ls                             0x08000263   Thumb Code     0  rtexit2.o(.ARM.Collect$$rtexit$$00000003)
    __rt_exit_prels_1                        0x08000263   Thumb Code     0  rtexit2.o(.ARM.Collect$$rtexit$$00000002)
    __rt_exit_exit                           0x08000267   Thumb Code     0  rtexit2.o(.ARM.Collect$$rtexit$$00000004)
    SVC_Handler                              0x0800026d   Thumb Code    28  port.o(.emb_text)
    __asm___6_port_c_39a90d8d__prvStartFirstTask 0x0800028d   Thumb Code    36  port.o(.emb_text)
    __asm___6_port_c_39a90d8d__prvEnableVFP  0x080002b5   Thumb Code    16  port.o(.emb_text)
    PendSV_Handler                           0x080002c9   Thumb Code    88  port.o(.emb_text)
    vPortGetIPSR                             0x08000325   Thumb Code     6  port.o(.emb_text)
    Reset_Handler                            0x0800032d   Thumb Code     8  startup_gd32f450_470.o(.text)
    ADC_IRQHandler                           0x08000347   Thumb Code     0  startup_gd32f450_470.o(.text)
    CAN0_EWMC_IRQHandler                     0x08000347   Thumb Code     0  startup_gd32f450_470.o(.text)
    CAN0_RX0_IRQHandler                      0x08000347   Thumb Code     0  startup_gd32f450_470.o(.text)
    CAN0_RX1_IRQHandler                      0x08000347   Thumb Code     0  startup_gd32f450_470.o(.text)
    CAN0_TX_IRQHandler                       0x08000347   Thumb Code     0  startup_gd32f450_470.o(.text)
    CAN1_EWMC_IRQHandler                     0x08000347   Thumb Code     0  startup_gd32f450_470.o(.text)
    CAN1_RX0_IRQHandler                      0x08000347   Thumb Code     0  startup_gd32f450_470.o(.text)
    CAN1_RX1_IRQHandler                      0x08000347   Thumb Code     0  startup_gd32f450_470.o(.text)
    CAN1_TX_IRQHandler                       0x08000347   Thumb Code     0  startup_gd32f450_470.o(.text)
    DCI_IRQHandler                           0x08000347   Thumb Code     0  startup_gd32f450_470.o(.text)
    DMA0_Channel0_IRQHandler                 0x08000347   Thumb Code     0  startup_gd32f450_470.o(.text)
    DMA0_Channel1_IRQHandler                 0x08000347   Thumb Code     0  startup_gd32f450_470.o(.text)
    DMA0_Channel2_IRQHandler                 0x08000347   Thumb Code     0  startup_gd32f450_470.o(.text)
    DMA0_Channel3_IRQHandler                 0x08000347   Thumb Code     0  startup_gd32f450_470.o(.text)
    DMA0_Channel4_IRQHandler                 0x08000347   Thumb Code     0  startup_gd32f450_470.o(.text)
    DMA0_Channel5_IRQHandler                 0x08000347   Thumb Code     0  startup_gd32f450_470.o(.text)
    DMA0_Channel6_IRQHandler                 0x08000347   Thumb Code     0  startup_gd32f450_470.o(.text)
    DMA0_Channel7_IRQHandler                 0x08000347   Thumb Code     0  startup_gd32f450_470.o(.text)
    DMA1_Channel0_IRQHandler                 0x08000347   Thumb Code     0  startup_gd32f450_470.o(.text)
    DMA1_Channel1_IRQHandler                 0x08000347   Thumb Code     0  startup_gd32f450_470.o(.text)
    DMA1_Channel2_IRQHandler                 0x08000347   Thumb Code     0  startup_gd32f450_470.o(.text)
    DMA1_Channel3_IRQHandler                 0x08000347   Thumb Code     0  startup_gd32f450_470.o(.text)
    DMA1_Channel4_IRQHandler                 0x08000347   Thumb Code     0  startup_gd32f450_470.o(.text)
    DMA1_Channel5_IRQHandler                 0x08000347   Thumb Code     0  startup_gd32f450_470.o(.text)
    DMA1_Channel6_IRQHandler                 0x08000347   Thumb Code     0  startup_gd32f450_470.o(.text)
    DMA1_Channel7_IRQHandler                 0x08000347   Thumb Code     0  startup_gd32f450_470.o(.text)
    ENET_IRQHandler                          0x08000347   Thumb Code     0  startup_gd32f450_470.o(.text)
    ENET_WKUP_IRQHandler                     0x08000347   Thumb Code     0  startup_gd32f450_470.o(.text)
    EXMC_IRQHandler                          0x08000347   Thumb Code     0  startup_gd32f450_470.o(.text)
    EXTI0_IRQHandler                         0x08000347   Thumb Code     0  startup_gd32f450_470.o(.text)
    EXTI10_15_IRQHandler                     0x08000347   Thumb Code     0  startup_gd32f450_470.o(.text)
    EXTI1_IRQHandler                         0x08000347   Thumb Code     0  startup_gd32f450_470.o(.text)
    EXTI2_IRQHandler                         0x08000347   Thumb Code     0  startup_gd32f450_470.o(.text)
    EXTI3_IRQHandler                         0x08000347   Thumb Code     0  startup_gd32f450_470.o(.text)
    EXTI4_IRQHandler                         0x08000347   Thumb Code     0  startup_gd32f450_470.o(.text)
    EXTI5_9_IRQHandler                       0x08000347   Thumb Code     0  startup_gd32f450_470.o(.text)
    FMC_IRQHandler                           0x08000347   Thumb Code     0  startup_gd32f450_470.o(.text)
    FPU_IRQHandler                           0x08000347   Thumb Code     0  startup_gd32f450_470.o(.text)
    I2C0_ER_IRQHandler                       0x08000347   Thumb Code     0  startup_gd32f450_470.o(.text)
    I2C0_EV_IRQHandler                       0x08000347   Thumb Code     0  startup_gd32f450_470.o(.text)
    I2C1_ER_IRQHandler                       0x08000347   Thumb Code     0  startup_gd32f450_470.o(.text)
    I2C1_EV_IRQHandler                       0x08000347   Thumb Code     0  startup_gd32f450_470.o(.text)
    I2C2_ER_IRQHandler                       0x08000347   Thumb Code     0  startup_gd32f450_470.o(.text)
    I2C2_EV_IRQHandler                       0x08000347   Thumb Code     0  startup_gd32f450_470.o(.text)
    IPA_IRQHandler                           0x08000347   Thumb Code     0  startup_gd32f450_470.o(.text)
    LVD_IRQHandler                           0x08000347   Thumb Code     0  startup_gd32f450_470.o(.text)
    RCU_CTC_IRQHandler                       0x08000347   Thumb Code     0  startup_gd32f450_470.o(.text)
    RTC_Alarm_IRQHandler                     0x08000347   Thumb Code     0  startup_gd32f450_470.o(.text)
    RTC_WKUP_IRQHandler                      0x08000347   Thumb Code     0  startup_gd32f450_470.o(.text)
    SDIO_IRQHandler                          0x08000347   Thumb Code     0  startup_gd32f450_470.o(.text)
    SPI0_IRQHandler                          0x08000347   Thumb Code     0  startup_gd32f450_470.o(.text)
    SPI1_IRQHandler                          0x08000347   Thumb Code     0  startup_gd32f450_470.o(.text)
    SPI2_IRQHandler                          0x08000347   Thumb Code     0  startup_gd32f450_470.o(.text)
    SPI3_IRQHandler                          0x08000347   Thumb Code     0  startup_gd32f450_470.o(.text)
    SPI4_IRQHandler                          0x08000347   Thumb Code     0  startup_gd32f450_470.o(.text)
    SPI5_IRQHandler                          0x08000347   Thumb Code     0  startup_gd32f450_470.o(.text)
    TAMPER_STAMP_IRQHandler                  0x08000347   Thumb Code     0  startup_gd32f450_470.o(.text)
    TIMER0_BRK_TIMER8_IRQHandler             0x08000347   Thumb Code     0  startup_gd32f450_470.o(.text)
    TIMER0_Channel_IRQHandler                0x08000347   Thumb Code     0  startup_gd32f450_470.o(.text)
    TIMER0_TRG_CMT_TIMER10_IRQHandler        0x08000347   Thumb Code     0  startup_gd32f450_470.o(.text)
    TIMER0_UP_TIMER9_IRQHandler              0x08000347   Thumb Code     0  startup_gd32f450_470.o(.text)
    TIMER1_IRQHandler                        0x08000347   Thumb Code     0  startup_gd32f450_470.o(.text)
    TIMER2_IRQHandler                        0x08000347   Thumb Code     0  startup_gd32f450_470.o(.text)
    TIMER3_IRQHandler                        0x08000347   Thumb Code     0  startup_gd32f450_470.o(.text)
    TIMER4_IRQHandler                        0x08000347   Thumb Code     0  startup_gd32f450_470.o(.text)
    TIMER5_DAC_IRQHandler                    0x08000347   Thumb Code     0  startup_gd32f450_470.o(.text)
    TIMER6_IRQHandler                        0x08000347   Thumb Code     0  startup_gd32f450_470.o(.text)
    TIMER7_BRK_TIMER11_IRQHandler            0x08000347   Thumb Code     0  startup_gd32f450_470.o(.text)
    TIMER7_Channel_IRQHandler                0x08000347   Thumb Code     0  startup_gd32f450_470.o(.text)
    TIMER7_TRG_CMT_TIMER13_IRQHandler        0x08000347   Thumb Code     0  startup_gd32f450_470.o(.text)
    TIMER7_UP_TIMER12_IRQHandler             0x08000347   Thumb Code     0  startup_gd32f450_470.o(.text)
    TLI_ER_IRQHandler                        0x08000347   Thumb Code     0  startup_gd32f450_470.o(.text)
    TLI_IRQHandler                           0x08000347   Thumb Code     0  startup_gd32f450_470.o(.text)
    TRNG_IRQHandler                          0x08000347   Thumb Code     0  startup_gd32f450_470.o(.text)
    UART3_IRQHandler                         0x08000347   Thumb Code     0  startup_gd32f450_470.o(.text)
    UART4_IRQHandler                         0x08000347   Thumb Code     0  startup_gd32f450_470.o(.text)
    UART6_IRQHandler                         0x08000347   Thumb Code     0  startup_gd32f450_470.o(.text)
    UART7_IRQHandler                         0x08000347   Thumb Code     0  startup_gd32f450_470.o(.text)
    USART0_IRQHandler                        0x08000347   Thumb Code     0  startup_gd32f450_470.o(.text)
    USART1_IRQHandler                        0x08000347   Thumb Code     0  startup_gd32f450_470.o(.text)
    USART2_IRQHandler                        0x08000347   Thumb Code     0  startup_gd32f450_470.o(.text)
    USART5_IRQHandler                        0x08000347   Thumb Code     0  startup_gd32f450_470.o(.text)
    USBFS_IRQHandler                         0x08000347   Thumb Code     0  startup_gd32f450_470.o(.text)
    USBFS_WKUP_IRQHandler                    0x08000347   Thumb Code     0  startup_gd32f450_470.o(.text)
    USBHS_EP1_In_IRQHandler                  0x08000347   Thumb Code     0  startup_gd32f450_470.o(.text)
    USBHS_EP1_Out_IRQHandler                 0x08000347   Thumb Code     0  startup_gd32f450_470.o(.text)
    USBHS_IRQHandler                         0x08000347   Thumb Code     0  startup_gd32f450_470.o(.text)
    USBHS_WKUP_IRQHandler                    0x08000347   Thumb Code     0  startup_gd32f450_470.o(.text)
    WWDGT_IRQHandler                         0x08000347   Thumb Code     0  startup_gd32f450_470.o(.text)
    __user_initial_stackheap                 0x08000349   Thumb Code    10  startup_gd32f450_470.o(.text)
    __use_no_semihosting                     0x08000369   Thumb Code     2  use_no_semi_2.o(.text)
    __2printf                                0x0800036d   Thumb Code    20  noretval__2printf.o(.text)
    _printf_pre_padding                      0x08000385   Thumb Code    44  _printf_pad.o(.text)
    _printf_post_padding                     0x080003b1   Thumb Code    34  _printf_pad.o(.text)
    _printf_str                              0x080003d3   Thumb Code    82  _printf_str.o(.text)
    _printf_int_dec                          0x08000425   Thumb Code   104  _printf_dec.o(.text)
    _printf_int_hex                          0x0800049d   Thumb Code    84  _printf_hex_int.o(.text)
    _printf_longlong_hex                     0x0800049d   Thumb Code     0  _printf_hex_int.o(.text)
    __printf                                 0x080004f5   Thumb Code   308  __printf_flags_wp.o(.text)
    __aeabi_memcpy                           0x0800062d   Thumb Code     0  rt_memcpy_v6.o(.text)
    __rt_memcpy                              0x0800062d   Thumb Code   138  rt_memcpy_v6.o(.text)
    _memcpy_lastbytes                        0x08000693   Thumb Code     0  rt_memcpy_v6.o(.text)
    __aeabi_memcpy4                          0x080006b7   Thumb Code     0  rt_memcpy_w.o(.text)
    __aeabi_memcpy8                          0x080006b7   Thumb Code     0  rt_memcpy_w.o(.text)
    __rt_memcpy_w                            0x080006b7   Thumb Code   100  rt_memcpy_w.o(.text)
    _memcpy_lastbytes_aligned                0x080006ff   Thumb Code     0  rt_memcpy_w.o(.text)
    __aeabi_memset                           0x0800071b   Thumb Code    16  aeabi_memset.o(.text)
    __aeabi_memclr                           0x0800072b   Thumb Code     0  rt_memclr.o(.text)
    __rt_memclr                              0x0800072b   Thumb Code    68  rt_memclr.o(.text)
    _memset                                  0x0800072f   Thumb Code     0  rt_memclr.o(.text)
    __aeabi_memclr4                          0x0800076f   Thumb Code     0  rt_memclr_w.o(.text)
    __aeabi_memclr8                          0x0800076f   Thumb Code     0  rt_memclr_w.o(.text)
    __rt_memclr_w                            0x0800076f   Thumb Code    78  rt_memclr_w.o(.text)
    _memset_w                                0x08000773   Thumb Code     0  rt_memclr_w.o(.text)
    __use_two_region_memory                  0x080007bd   Thumb Code     2  heapauxi.o(.text)
    __rt_heap_escrow$2region                 0x080007bf   Thumb Code     2  heapauxi.o(.text)
    __rt_heap_expand$2region                 0x080007c1   Thumb Code     2  heapauxi.o(.text)
    __I$use$semihosting                      0x080007c3   Thumb Code     0  use_no_semi.o(.text)
    __use_no_semihosting_swi                 0x080007c3   Thumb Code     2  use_no_semi.o(.text)
    _printf_int_common                       0x080007c5   Thumb Code   178  _printf_intcommon.o(.text)
    _printf_cs_common                        0x08000877   Thumb Code    20  _printf_char.o(.text)
    _printf_char                             0x0800088b   Thumb Code    16  _printf_char.o(.text)
    _printf_string                           0x0800089b   Thumb Code     8  _printf_char.o(.text)
    _printf_char_file                        0x080008a5   Thumb Code    32  _printf_char_file.o(.text)
    _printf_char_common                      0x080008d3   Thumb Code    32  _printf_char_common.o(.text)
    ferror                                   0x080008f9   Thumb Code     8  ferror.o(.text)
    __user_setup_stackheap                   0x08000901   Thumb Code    74  sys_stackheap_outer.o(.text)
    exit                                     0x0800094b   Thumb Code    18  exit.o(.text)
    __user_libspace                          0x0800095d   Thumb Code     8  libspace.o(.text)
    __user_perproc_libspace                  0x0800095d   Thumb Code     0  libspace.o(.text)
    __user_perthread_libspace                0x0800095d   Thumb Code     0  libspace.o(.text)
    BusFault_Handler                         0x08000965   Thumb Code     4  gd32f4xx_it.o(i.BusFault_Handler)
    DebugMon_Handler                         0x08000969   Thumb Code     2  gd32f4xx_it.o(i.DebugMon_Handler)
    HardFault_Handler                        0x080009c1   Thumb Code     4  gd32f4xx_it.o(i.HardFault_Handler)
    Led_Init                                 0x080009c5   Thumb Code    40  main.o(i.Led_Init)
    MemManage_Handler                        0x080009f1   Thumb Code     4  gd32f4xx_it.o(i.MemManage_Handler)
    NMI_Handler                              0x080009f5   Thumb Code     2  gd32f4xx_it.o(i.NMI_Handler)
    SysTick_Handler                          0x08000a75   Thumb Code    46  port.o(i.SysTick_Handler)
    SystemInit                               0x08000aa9   Thumb Code   194  system_gd32f4xx.o(i.SystemInit)
    UsageFault_Handler                       0x08000b7d   Thumb Code     4  gd32f4xx_it.o(i.UsageFault_Handler)
    _is_digit                                0x08000b81   Thumb Code    14  __printf_wp.o(i._is_digit)
    _sys_exit                                0x08000b8f   Thumb Code     4  gd32f450i_eval.o(i._sys_exit)
    disk_initialize                          0x0800184d   Thumb Code    38  diskio.o(i.disk_initialize)
    disk_ioctl                               0x08001879   Thumb Code    64  diskio.o(i.disk_ioctl)
    disk_read                                0x080018bd   Thumb Code    78  diskio.o(i.disk_read)
    disk_status                              0x0800190b   Thumb Code     6  diskio.o(i.disk_status)
    disk_write                               0x08001911   Thumb Code    78  diskio.o(i.disk_write)
    f_close                                  0x0800195f   Thumb Code    42  ff.o(i.f_close)
    f_getcwd                                 0x08001989   Thumb Code   304  ff.o(i.f_getcwd)
    f_getfree                                0x08001ab9   Thumb Code   262  ff.o(i.f_getfree)
    f_lseek                                  0x08001bbf   Thumb Code   872  ff.o(i.f_lseek)
    f_mkfs                                   0x08001f29   Thumb Code  1726  ff.o(i.f_mkfs)
    f_mount                                  0x0800261d   Thumb Code   116  ff.o(i.f_mount)
    f_open                                   0x08002695   Thumb Code   526  ff.o(i.f_open)
    f_read                                   0x080028a3   Thumb Code   564  ff.o(i.f_read)
    f_stat                                   0x08002ad7   Thumb Code    80  ff.o(i.f_stat)
    f_sync                                   0x08002b27   Thumb Code   176  ff.o(i.f_sync)
    f_write                                  0x08002bd7   Thumb Code   632  ff.o(i.f_write)
    ff_cre_syncobj                           0x08002e4f   Thumb Code    26  ffsystem.o(i.ff_cre_syncobj)
    ff_del_syncobj                           0x08002e69   Thumb Code    14  ffsystem.o(i.ff_del_syncobj)
    ff_oem2uni                               0x08002e79   Thumb Code    38  ffunicode.o(i.ff_oem2uni)
    ff_rel_grant                             0x08002ea5   Thumb Code    18  ffsystem.o(i.ff_rel_grant)
    ff_req_grant                             0x08002eb7   Thumb Code    24  ffsystem.o(i.ff_req_grant)
    ff_uni2oem                               0x08002ed1   Thumb Code    58  ffunicode.o(i.ff_uni2oem)
    ff_wtoupper                              0x08002f11   Thumb Code   166  ffunicode.o(i.ff_wtoupper)
    file_read_UT                             0x08002fc1   Thumb Code   108  main.o(i.file_read_UT)
    file_write_read_UT                       0x080030a5   Thumb Code   162  main.o(i.file_write_read_UT)
    flash_FAT_avail_size                     0x0800328d   Thumb Code    56  main.o(i.flash_FAT_avail_size)
    flash_FAT_check_file_status              0x080032f5   Thumb Code   182  main.o(i.flash_FAT_check_file_status)
    flash_FAT_format                         0x08003411   Thumb Code    90  main.o(i.flash_FAT_format)
    fputc                                    0x0800358d   Thumb Code    32  gd32f450i_eval.o(i.fputc)
    gd_eval_GD25Q40_BufferRead               0x080035b1   Thumb Code    76  drv_gd25q40.o(i.gd_eval_GD25Q40_BufferRead)
    gd_eval_GD25Q40_BufferWrite              0x08003601   Thumb Code   290  drv_gd25q40.o(i.gd_eval_GD25Q40_BufferWrite)
    gd_eval_GD25Q40_Init                     0x08003725   Thumb Code    40  drv_gd25q40.o(i.gd_eval_GD25Q40_Init)
    gd_eval_GD25Q40_PageWrite                0x08003751   Thumb Code    82  drv_gd25q40.o(i.gd_eval_GD25Q40_PageWrite)
    gd_eval_SPI_Init                         0x080037a9   Thumb Code    12  drv_gd25q40.o(i.gd_eval_SPI_Init)
    gd_eval_SPI_SwapByte                     0x080037b5   Thumb Code    50  drv_gd25q40.o(i.gd_eval_SPI_SwapByte)
    gd_eval_com_init                         0x080037ed   Thumb Code   206  gd32f450i_eval.o(i.gd_eval_com_init)
    get_fattime                              0x08003adb   Thumb Code     4  diskio.o(i.get_fattime)
    gpio_af_set                              0x08003d01   Thumb Code    94  gd32f4xx_gpio.o(i.gpio_af_set)
    gpio_bit_reset                           0x08003d5f   Thumb Code     4  gd32f4xx_gpio.o(i.gpio_bit_reset)
    gpio_bit_set                             0x08003d63   Thumb Code     4  gd32f4xx_gpio.o(i.gpio_bit_set)
    gpio_mode_set                            0x08003d67   Thumb Code    78  gd32f4xx_gpio.o(i.gpio_mode_set)
    gpio_output_options_set                  0x08003db5   Thumb Code    66  gd32f4xx_gpio.o(i.gpio_output_options_set)
    main                                     0x08003e4d   Thumb Code   120  main.o(i.main)
    nvic_priority_group_set                  0x080042a1   Thumb Code    10  gd32f4xx_misc.o(i.nvic_priority_group_set)
    pvPortMalloc                             0x08005005   Thumb Code   280  heap_4.o(i.pvPortMalloc)
    pvTaskIncrementMutexHeldCount            0x08005131   Thumb Code    26  tasks.o(i.pvTaskIncrementMutexHeldCount)
    pxPortInitialiseStack                    0x08005151   Thumb Code    38  port.o(i.pxPortInitialiseStack)
    rcu_clock_freq_get                       0x0800517d   Thumb Code   264  gd32f4xx_rcu.o(i.rcu_clock_freq_get)
    rcu_periph_clock_enable                  0x080052a1   Thumb Code    32  gd32f4xx_rcu.o(i.rcu_periph_clock_enable)
    rcu_periph_reset_disable                 0x080052c5   Thumb Code    32  gd32f4xx_rcu.o(i.rcu_periph_reset_disable)
    rcu_periph_reset_enable                  0x080052e9   Thumb Code    32  gd32f4xx_rcu.o(i.rcu_periph_reset_enable)
    spi_enable                               0x080053a7   Thumb Code    10  gd32f4xx_spi.o(i.spi_enable)
    spi_flash_bulk_erase                     0x080053b1   Thumb Code    34  gd25qxx.o(i.spi_flash_bulk_erase)
    spi_flash_init                           0x080053d9   Thumb Code   148  gd25qxx.o(i.spi_flash_init)
    spi_flash_read_id                        0x08005479   Thumb Code    74  gd25qxx.o(i.spi_flash_read_id)
    spi_flash_send_byte                      0x080054c9   Thumb Code    50  gd25qxx.o(i.spi_flash_send_byte)
    spi_flash_wait_for_write_end             0x08005501   Thumb Code    46  gd25qxx.o(i.spi_flash_wait_for_write_end)
    spi_flash_write_enable                   0x08005535   Thumb Code    26  gd25qxx.o(i.spi_flash_write_enable)
    spi_i2s_data_receive                     0x08005555   Thumb Code     8  gd32f4xx_spi.o(i.spi_i2s_data_receive)
    spi_i2s_data_transmit                    0x0800555d   Thumb Code     4  gd32f4xx_spi.o(i.spi_i2s_data_transmit)
    spi_i2s_deinit                           0x08005561   Thumb Code   162  gd32f4xx_spi.o(i.spi_i2s_deinit)
    spi_i2s_flag_get                         0x0800560d   Thumb Code    16  gd32f4xx_spi.o(i.spi_i2s_flag_get)
    spi_init                                 0x0800561d   Thumb Code    50  gd32f4xx_spi.o(i.spi_init)
    spi_quad_io23_output_enable              0x0800564f   Thumb Code    14  gd32f4xx_spi.o(i.spi_quad_io23_output_enable)
    usart_baudrate_set                       0x08005971   Thumb Code   224  gd32f4xx_usart.o(i.usart_baudrate_set)
    usart_data_transmit                      0x08005a59   Thumb Code     8  gd32f4xx_usart.o(i.usart_data_transmit)
    usart_deinit                             0x08005a61   Thumb Code   210  gd32f4xx_usart.o(i.usart_deinit)
    usart_enable                             0x08005b3d   Thumb Code    10  gd32f4xx_usart.o(i.usart_enable)
    usart_flag_get                           0x08005b47   Thumb Code    30  gd32f4xx_usart.o(i.usart_flag_get)
    usart_receive_config                     0x08005b65   Thumb Code    16  gd32f4xx_usart.o(i.usart_receive_config)
    usart_transmit_config                    0x08005b75   Thumb Code    16  gd32f4xx_usart.o(i.usart_transmit_config)
    uxListRemove                             0x08005b85   Thumb Code    40  list.o(i.uxListRemove)
    vListInitialise                          0x08005bad   Thumb Code    26  list.o(i.vListInitialise)
    vListInitialiseItem                      0x08005bc7   Thumb Code     6  list.o(i.vListInitialiseItem)
    vListInsert                              0x08005bcd   Thumb Code    52  list.o(i.vListInsert)
    vPortEnterCritical                       0x08005c01   Thumb Code    76  port.o(i.vPortEnterCritical)
    vPortExitCritical                        0x08005c55   Thumb Code    56  port.o(i.vPortExitCritical)
    vPortFree                                0x08005c91   Thumb Code   132  heap_4.o(i.vPortFree)
    vPortSetupTimerInterrupt                 0x08005d1d   Thumb Code    36  port.o(i.vPortSetupTimerInterrupt)
    vQueueAddToRegistry                      0x08005d45   Thumb Code    90  queue.o(i.vQueueAddToRegistry)
    vQueueDelete                             0x08005da5   Thumb Code    44  queue.o(i.vQueueDelete)
    vQueueUnregisterQueue                    0x08005dd1   Thumb Code    68  queue.o(i.vQueueUnregisterQueue)
    vQueueWaitForMessageRestricted           0x08005e19   Thumb Code    74  queue.o(i.vQueueWaitForMessageRestricted)
    vTaskDelay                               0x08005e65   Thumb Code    82  tasks.o(i.vTaskDelay)
    vTaskInternalSetTimeOutState             0x08005ec1   Thumb Code    14  tasks.o(i.vTaskInternalSetTimeOutState)
    vTaskMissedYield                         0x08005ed9   Thumb Code     8  tasks.o(i.vTaskMissedYield)
    vTaskPlaceOnEventList                    0x08005ee5   Thumb Code    52  tasks.o(i.vTaskPlaceOnEventList)
    vTaskPlaceOnEventListRestricted          0x08005f1d   Thumb Code    94  tasks.o(i.vTaskPlaceOnEventListRestricted)
    vTaskPriorityDisinheritAfterTimeout      0x08005f81   Thumb Code   268  tasks.o(i.vTaskPriorityDisinheritAfterTimeout)
    vTaskStartScheduler                      0x08006099   Thumb Code   122  tasks.o(i.vTaskStartScheduler)
    vTaskSuspendAll                          0x08006135   Thumb Code    12  tasks.o(i.vTaskSuspendAll)
    vTaskSwitchContext                       0x08006145   Thumb Code   118  tasks.o(i.vTaskSwitchContext)
    xPortStartScheduler                      0x08006225   Thumb Code   330  port.o(i.xPortStartScheduler)
    xQueueCreateMutex                        0x0800638d   Thumb Code    34  queue.o(i.xQueueCreateMutex)
    xQueueGenericCreate                      0x080063af   Thumb Code   102  queue.o(i.xQueueGenericCreate)
    xQueueGenericReset                       0x08006415   Thumb Code   214  queue.o(i.xQueueGenericReset)
    xQueueGenericSend                        0x080064f1   Thumb Code   420  queue.o(i.xQueueGenericSend)
    xQueueReceive                            0x08006699   Thumb Code   356  queue.o(i.xQueueReceive)
    xQueueSemaphoreTake                      0x08006801   Thumb Code   398  queue.o(i.xQueueSemaphoreTake)
    xTaskCheckForTimeOut                     0x08006995   Thumb Code   136  tasks.o(i.xTaskCheckForTimeOut)
    xTaskCreate                              0x08006a25   Thumb Code   104  tasks.o(i.xTaskCreate)
    xTaskGetSchedulerState                   0x08006a8d   Thumb Code    24  tasks.o(i.xTaskGetSchedulerState)
    xTaskGetTickCount                        0x08006aad   Thumb Code     6  tasks.o(i.xTaskGetTickCount)
    xTaskIncrementTick                       0x08006ab9   Thumb Code   398  tasks.o(i.xTaskIncrementTick)
    xTaskPriorityDisinherit                  0x08006c75   Thumb Code   226  tasks.o(i.xTaskPriorityDisinherit)
    xTaskPriorityInherit                     0x08006d65   Thumb Code   224  tasks.o(i.xTaskPriorityInherit)
    xTaskRemoveFromEventList                 0x08006e51   Thumb Code   264  tasks.o(i.xTaskRemoveFromEventList)
    xTaskResumeAll                           0x08006f71   Thumb Code   338  tasks.o(i.xTaskResumeAll)
    xTimerCreateTimerTask                    0x080070e9   Thumb Code    66  timers.o(i.xTimerCreateTimerTask)
    _fp_init                                 0x08007141   Thumb Code    10  fpinit.o(x$fpl$fpinit)
    __fplib_config_fpu_vfp                   0x08007149   Thumb Code     0  fpinit.o(x$fpl$fpinit)
    __fplib_config_pureend_doubles           0x08007149   Thumb Code     0  fpinit.o(x$fpl$fpinit)
    Region$$Table$$Base                      0x080076c0   Number         0  anon$$obj.o(Region$$Table)
    Region$$Table$$Limit                     0x080076e0   Number         0  anon$$obj.o(Region$$Table)
    task1_handle                             0x20000000   Data           4  main.o(.data)
    task2_handle                             0x20000004   Data           4  main.o(.data)
    SystemCoreClock                          0x20000008   Data           4  system_gd32f4xx.o(.data)
    __stdout                                 0x2000008c   Data           4  gd32f450i_eval.o(.data)
    pxCurrentTCB                             0x20000090   Data           4  tasks.o(.data)
    uxTopUsedPriority                        0x200000c8   Data           4  tasks.o(.data)
    FLASH_SECTOR_COUNT                       0x2000010c   Data           2  diskio.o(.data)
    xQueueRegistry                           0x200051dc   Data          64  queue.o(.bss)
    __libspace_start                         0x20017f0c   Data          96  libspace.o(.bss)
    __temporary_stack_top$libspace           0x20017f6c   Data           0  libspace.o(.bss)



==============================================================================

Memory Map of the image

  Image Entry point : 0x080001ad

  Load Region LR_IROM1 (Base: 0x08000000, Size: 0x000077f8, Max: 0x00200000, ABSOLUTE)

    Execution Region ER_IROM1 (Exec base: 0x08000000, Load base: 0x08000000, Size: 0x000076e0, Max: 0x00200000, ABSOLUTE)

    Exec Addr    Load Addr    Size         Type   Attr      Idx    E Section Name        Object

    0x08000000   0x08000000   0x000001ac   Data   RO         5956    RESET               startup_gd32f450_470.o
    0x080001ac   0x080001ac   0x00000008   Code   RO         8067  * !!!main             c_w.l(__main.o)
    0x080001b4   0x080001b4   0x00000034   Code   RO         8237    !!!scatter          c_w.l(__scatter.o)
    0x080001e8   0x080001e8   0x0000001a   Code   RO         8239    !!handler_copy      c_w.l(__scatter_copy.o)
    0x08000202   0x08000202   0x00000002   PAD
    0x08000204   0x08000204   0x0000001c   Code   RO         8241    !!handler_zi        c_w.l(__scatter_zi.o)
    0x08000220   0x08000220   0x00000000   Code   RO         8050    .ARM.Collect$$_printf_percent$$00000000  c_w.l(_printf_percent.o)
    0x08000220   0x08000220   0x00000006   Code   RO         8048    .ARM.Collect$$_printf_percent$$00000009  c_w.l(_printf_d.o)
    0x08000226   0x08000226   0x00000006   Code   RO         8049    .ARM.Collect$$_printf_percent$$0000000A  c_w.l(_printf_u.o)
    0x0800022c   0x0800022c   0x00000006   Code   RO         8047    .ARM.Collect$$_printf_percent$$0000000C  c_w.l(_printf_x.o)
    0x08000232   0x08000232   0x00000006   Code   RO         8045    .ARM.Collect$$_printf_percent$$00000013  c_w.l(_printf_c.o)
    0x08000238   0x08000238   0x00000006   Code   RO         8046    .ARM.Collect$$_printf_percent$$00000014  c_w.l(_printf_s.o)
    0x0800023e   0x0800023e   0x00000004   Code   RO         8078    .ARM.Collect$$_printf_percent$$00000017  c_w.l(_printf_percent_end.o)
    0x08000242   0x08000242   0x00000002   Code   RO         8111    .ARM.Collect$$libinit$$00000000  c_w.l(libinit.o)
    0x08000244   0x08000244   0x00000004   Code   RO         8117    .ARM.Collect$$libinit$$00000001  c_w.l(libinit2.o)
    0x08000248   0x08000248   0x00000000   Code   RO         8120    .ARM.Collect$$libinit$$00000004  c_w.l(libinit2.o)
    0x08000248   0x08000248   0x00000000   Code   RO         8123    .ARM.Collect$$libinit$$0000000A  c_w.l(libinit2.o)
    0x08000248   0x08000248   0x00000000   Code   RO         8125    .ARM.Collect$$libinit$$0000000C  c_w.l(libinit2.o)
    0x08000248   0x08000248   0x00000000   Code   RO         8127    .ARM.Collect$$libinit$$0000000E  c_w.l(libinit2.o)
    0x08000248   0x08000248   0x00000000   Code   RO         8130    .ARM.Collect$$libinit$$00000011  c_w.l(libinit2.o)
    0x08000248   0x08000248   0x00000000   Code   RO         8132    .ARM.Collect$$libinit$$00000013  c_w.l(libinit2.o)
    0x08000248   0x08000248   0x00000000   Code   RO         8134    .ARM.Collect$$libinit$$00000015  c_w.l(libinit2.o)
    0x08000248   0x08000248   0x00000000   Code   RO         8136    .ARM.Collect$$libinit$$00000017  c_w.l(libinit2.o)
    0x08000248   0x08000248   0x00000000   Code   RO         8138    .ARM.Collect$$libinit$$00000019  c_w.l(libinit2.o)
    0x08000248   0x08000248   0x00000000   Code   RO         8140    .ARM.Collect$$libinit$$0000001B  c_w.l(libinit2.o)
    0x08000248   0x08000248   0x00000000   Code   RO         8142    .ARM.Collect$$libinit$$0000001D  c_w.l(libinit2.o)
    0x08000248   0x08000248   0x00000000   Code   RO         8144    .ARM.Collect$$libinit$$0000001F  c_w.l(libinit2.o)
    0x08000248   0x08000248   0x00000000   Code   RO         8146    .ARM.Collect$$libinit$$00000021  c_w.l(libinit2.o)
    0x08000248   0x08000248   0x00000000   Code   RO         8148    .ARM.Collect$$libinit$$00000023  c_w.l(libinit2.o)
    0x08000248   0x08000248   0x00000000   Code   RO         8150    .ARM.Collect$$libinit$$00000025  c_w.l(libinit2.o)
    0x08000248   0x08000248   0x00000000   Code   RO         8154    .ARM.Collect$$libinit$$0000002C  c_w.l(libinit2.o)
    0x08000248   0x08000248   0x00000000   Code   RO         8156    .ARM.Collect$$libinit$$0000002E  c_w.l(libinit2.o)
    0x08000248   0x08000248   0x00000000   Code   RO         8158    .ARM.Collect$$libinit$$00000030  c_w.l(libinit2.o)
    0x08000248   0x08000248   0x00000000   Code   RO         8160    .ARM.Collect$$libinit$$00000032  c_w.l(libinit2.o)
    0x08000248   0x08000248   0x00000002   Code   RO         8161    .ARM.Collect$$libinit$$00000033  c_w.l(libinit2.o)
    0x0800024a   0x0800024a   0x00000002   Code   RO         8179    .ARM.Collect$$libshutdown$$00000000  c_w.l(libshutdown.o)
    0x0800024c   0x0800024c   0x00000000   Code   RO         8189    .ARM.Collect$$libshutdown$$00000002  c_w.l(libshutdown2.o)
    0x0800024c   0x0800024c   0x00000000   Code   RO         8191    .ARM.Collect$$libshutdown$$00000004  c_w.l(libshutdown2.o)
    0x0800024c   0x0800024c   0x00000000   Code   RO         8194    .ARM.Collect$$libshutdown$$00000007  c_w.l(libshutdown2.o)
    0x0800024c   0x0800024c   0x00000000   Code   RO         8197    .ARM.Collect$$libshutdown$$0000000A  c_w.l(libshutdown2.o)
    0x0800024c   0x0800024c   0x00000000   Code   RO         8199    .ARM.Collect$$libshutdown$$0000000C  c_w.l(libshutdown2.o)
    0x0800024c   0x0800024c   0x00000000   Code   RO         8202    .ARM.Collect$$libshutdown$$0000000F  c_w.l(libshutdown2.o)
    0x0800024c   0x0800024c   0x00000002   Code   RO         8203    .ARM.Collect$$libshutdown$$00000010  c_w.l(libshutdown2.o)
    0x0800024e   0x0800024e   0x00000000   Code   RO         8071    .ARM.Collect$$rtentry$$00000000  c_w.l(__rtentry.o)
    0x0800024e   0x0800024e   0x00000000   Code   RO         8080    .ARM.Collect$$rtentry$$00000002  c_w.l(__rtentry2.o)
    0x0800024e   0x0800024e   0x00000006   Code   RO         8092    .ARM.Collect$$rtentry$$00000004  c_w.l(__rtentry4.o)
    0x08000254   0x08000254   0x00000000   Code   RO         8082    .ARM.Collect$$rtentry$$00000009  c_w.l(__rtentry2.o)
    0x08000254   0x08000254   0x00000004   Code   RO         8083    .ARM.Collect$$rtentry$$0000000A  c_w.l(__rtentry2.o)
    0x08000258   0x08000258   0x00000000   Code   RO         8085    .ARM.Collect$$rtentry$$0000000C  c_w.l(__rtentry2.o)
    0x08000258   0x08000258   0x00000008   Code   RO         8086    .ARM.Collect$$rtentry$$0000000D  c_w.l(__rtentry2.o)
    0x08000260   0x08000260   0x00000002   Code   RO         8115    .ARM.Collect$$rtexit$$00000000  c_w.l(rtexit.o)
    0x08000262   0x08000262   0x00000000   Code   RO         8163    .ARM.Collect$$rtexit$$00000002  c_w.l(rtexit2.o)
    0x08000262   0x08000262   0x00000004   Code   RO         8164    .ARM.Collect$$rtexit$$00000003  c_w.l(rtexit2.o)
    0x08000266   0x08000266   0x00000006   Code   RO         8165    .ARM.Collect$$rtexit$$00000004  c_w.l(rtexit2.o)
    0x0800026c   0x0800026c   0x000000be   Code   RO         7374    .emb_text           port.o
    0x0800032a   0x0800032a   0x00000002   PAD
    0x0800032c   0x0800032c   0x0000003c   Code   RO         5957    .text               startup_gd32f450_470.o
    0x08000368   0x08000368   0x00000002   Code   RO         7990    .text               c_w.l(use_no_semi_2.o)
    0x0800036a   0x0800036a   0x00000002   PAD
    0x0800036c   0x0800036c   0x00000018   Code   RO         7994    .text               c_w.l(noretval__2printf.o)
    0x08000384   0x08000384   0x0000004e   Code   RO         7998    .text               c_w.l(_printf_pad.o)
    0x080003d2   0x080003d2   0x00000052   Code   RO         8000    .text               c_w.l(_printf_str.o)
    0x08000424   0x08000424   0x00000078   Code   RO         8002    .text               c_w.l(_printf_dec.o)
    0x0800049c   0x0800049c   0x00000058   Code   RO         8007    .text               c_w.l(_printf_hex_int.o)
    0x080004f4   0x080004f4   0x00000138   Code   RO         8037    .text               c_w.l(__printf_flags_wp.o)
    0x0800062c   0x0800062c   0x0000008a   Code   RO         8053    .text               c_w.l(rt_memcpy_v6.o)
    0x080006b6   0x080006b6   0x00000064   Code   RO         8055    .text               c_w.l(rt_memcpy_w.o)
    0x0800071a   0x0800071a   0x00000010   Code   RO         8059    .text               c_w.l(aeabi_memset.o)
    0x0800072a   0x0800072a   0x00000044   Code   RO         8061    .text               c_w.l(rt_memclr.o)
    0x0800076e   0x0800076e   0x0000004e   Code   RO         8063    .text               c_w.l(rt_memclr_w.o)
    0x080007bc   0x080007bc   0x00000006   Code   RO         8065    .text               c_w.l(heapauxi.o)
    0x080007c2   0x080007c2   0x00000002   Code   RO         8069    .text               c_w.l(use_no_semi.o)
    0x080007c4   0x080007c4   0x000000b2   Code   RO         8072    .text               c_w.l(_printf_intcommon.o)
    0x08000876   0x08000876   0x0000002c   Code   RO         8074    .text               c_w.l(_printf_char.o)
    0x080008a2   0x080008a2   0x00000002   PAD
    0x080008a4   0x080008a4   0x00000024   Code   RO         8076    .text               c_w.l(_printf_char_file.o)
    0x080008c8   0x080008c8   0x00000030   Code   RO         8094    .text               c_w.l(_printf_char_common.o)
    0x080008f8   0x080008f8   0x00000008   Code   RO         8096    .text               c_w.l(ferror.o)
    0x08000900   0x08000900   0x0000004a   Code   RO         8100    .text               c_w.l(sys_stackheap_outer.o)
    0x0800094a   0x0800094a   0x00000012   Code   RO         8104    .text               c_w.l(exit.o)
    0x0800095c   0x0800095c   0x00000008   Code   RO         8112    .text               c_w.l(libspace.o)
    0x08000964   0x08000964   0x00000004   Code   RO            3    i.BusFault_Handler  gd32f4xx_it.o
    0x08000968   0x08000968   0x00000002   Code   RO            4    i.DebugMon_Handler  gd32f4xx_it.o
    0x0800096a   0x0800096a   0x00000002   PAD
    0x0800096c   0x0800096c   0x00000034   Code   RO         6038    i.GD25Q40_WaitForWriteEnd  drv_gd25q40.o
    0x080009a0   0x080009a0   0x00000020   Code   RO         6039    i.GD25Q40_WriteEnable  drv_gd25q40.o
    0x080009c0   0x080009c0   0x00000004   Code   RO            5    i.HardFault_Handler  gd32f4xx_it.o
    0x080009c4   0x080009c4   0x0000002c   Code   RO          179    i.Led_Init          main.o
    0x080009f0   0x080009f0   0x00000004   Code   RO            6    i.MemManage_Handler  gd32f4xx_it.o
    0x080009f4   0x080009f4   0x00000002   Code   RO            7    i.NMI_Handler       gd32f4xx_it.o
    0x080009f6   0x080009f6   0x00000002   PAD
    0x080009f8   0x080009f8   0x00000040   Code   RO         6040    i.SPI_Configuration  drv_gd25q40.o
    0x08000a38   0x08000a38   0x0000003c   Code   RO         6041    i.SPI_GpioConfig    drv_gd25q40.o
    0x08000a74   0x08000a74   0x00000034   Code   RO         7375    i.SysTick_Handler   port.o
    0x08000aa8   0x08000aa8   0x000000d4   Code   RO          417    i.SystemInit        system_gd32f4xx.o
    0x08000b7c   0x08000b7c   0x00000004   Code   RO            8    i.UsageFault_Handler  gd32f4xx_it.o
    0x08000b80   0x08000b80   0x0000000e   Code   RO         8035    i._is_digit         c_w.l(__printf_wp.o)
    0x08000b8e   0x08000b8e   0x00000004   Code   RO         5963    i._sys_exit         gd32f450i_eval.o
    0x08000b92   0x08000b92   0x00000002   PAD
    0x08000b94   0x08000b94   0x0000004c   Code   RO          180    i.app_task1         main.o
    0x08000be0   0x08000be0   0x0000004c   Code   RO          181    i.app_task2         main.o
    0x08000c2c   0x08000c2c   0x00000080   Code   RO         7517    i.check_fs          ff.o
    0x08000cac   0x08000cac   0x00000014   Code   RO         7518    i.chk_chr           ff.o
    0x08000cc0   0x08000cc0   0x00000036   Code   RO         7519    i.clmt_clust        ff.o
    0x08000cf6   0x08000cf6   0x0000001a   Code   RO         7520    i.clst2sect         ff.o
    0x08000d10   0x08000d10   0x00000098   Code   RO         7521    i.cmp_lfn           ff.o
    0x08000da8   0x08000da8   0x00000120   Code   RO         7522    i.create_chain      ff.o
    0x08000ec8   0x08000ec8   0x000002c0   Code   RO         7523    i.create_name       ff.o
    0x08001188   0x08001188   0x0000015c   Code   RO         7524    i.create_partition  ff.o
    0x080012e4   0x080012e4   0x0000000c   Code   RO         7525    i.dbc_1st           ff.o
    0x080012f0   0x080012f0   0x0000000c   Code   RO         7526    i.dbc_2nd           ff.o
    0x080012fc   0x080012fc   0x00000060   Code   RO         7527    i.dir_alloc         ff.o
    0x0800135c   0x0800135c   0x00000060   Code   RO         7528    i.dir_clear         ff.o
    0x080013bc   0x080013bc   0x000000fc   Code   RO         7529    i.dir_find          ff.o
    0x080014b8   0x080014b8   0x000000da   Code   RO         7530    i.dir_next          ff.o
    0x08001592   0x08001592   0x000000d2   Code   RO         7531    i.dir_read          ff.o
    0x08001664   0x08001664   0x00000142   Code   RO         7532    i.dir_register      ff.o
    0x080017a6   0x080017a6   0x000000a6   Code   RO         7534    i.dir_sdi           ff.o
    0x0800184c   0x0800184c   0x0000002c   Code   RO         7453    i.disk_initialize   diskio.o
    0x08001878   0x08001878   0x00000044   Code   RO         7454    i.disk_ioctl        diskio.o
    0x080018bc   0x080018bc   0x0000004e   Code   RO         7455    i.disk_read         diskio.o
    0x0800190a   0x0800190a   0x00000006   Code   RO         7456    i.disk_status       diskio.o
    0x08001910   0x08001910   0x0000004e   Code   RO         7457    i.disk_write        diskio.o
    0x0800195e   0x0800195e   0x0000002a   Code   RO         7538    i.f_close           ff.o
    0x08001988   0x08001988   0x00000130   Code   RO         7540    i.f_getcwd          ff.o
    0x08001ab8   0x08001ab8   0x00000106   Code   RO         7541    i.f_getfree         ff.o
    0x08001bbe   0x08001bbe   0x00000368   Code   RO         7543    i.f_lseek           ff.o
    0x08001f26   0x08001f26   0x00000002   PAD
    0x08001f28   0x08001f28   0x000006f4   Code   RO         7545    i.f_mkfs            ff.o
    0x0800261c   0x0800261c   0x00000078   Code   RO         7546    i.f_mount           ff.o
    0x08002694   0x08002694   0x0000020e   Code   RO         7547    i.f_open            ff.o
    0x080028a2   0x080028a2   0x00000234   Code   RO         7552    i.f_read            ff.o
    0x08002ad6   0x08002ad6   0x00000050   Code   RO         7555    i.f_stat            ff.o
    0x08002b26   0x08002b26   0x000000b0   Code   RO         7556    i.f_sync            ff.o
    0x08002bd6   0x08002bd6   0x00000278   Code   RO         7560    i.f_write           ff.o
    0x08002e4e   0x08002e4e   0x0000001a   Code   RO         7932    i.ff_cre_syncobj    ffsystem.o
    0x08002e68   0x08002e68   0x0000000e   Code   RO         7933    i.ff_del_syncobj    ffsystem.o
    0x08002e76   0x08002e76   0x00000002   PAD
    0x08002e78   0x08002e78   0x0000002c   Code   RO         7962    i.ff_oem2uni        ffunicode.o
    0x08002ea4   0x08002ea4   0x00000012   Code   RO         7934    i.ff_rel_grant      ffsystem.o
    0x08002eb6   0x08002eb6   0x00000018   Code   RO         7935    i.ff_req_grant      ffsystem.o
    0x08002ece   0x08002ece   0x00000002   PAD
    0x08002ed0   0x08002ed0   0x00000040   Code   RO         7963    i.ff_uni2oem        ffunicode.o
    0x08002f10   0x08002f10   0x000000b0   Code   RO         7964    i.ff_wtoupper       ffunicode.o
    0x08002fc0   0x08002fc0   0x000000e4   Code   RO          182    i.file_read_UT      main.o
    0x080030a4   0x080030a4   0x00000170   Code   RO          184    i.file_write_read_UT  main.o
    0x08003214   0x08003214   0x00000078   Code   RO         7561    i.find_volume       ff.o
    0x0800328c   0x0800328c   0x00000068   Code   RO          185    i.flash_FAT_avail_size  main.o
    0x080032f4   0x080032f4   0x0000011c   Code   RO          186    i.flash_FAT_check_file_status  main.o
    0x08003410   0x08003410   0x000000a8   Code   RO          187    i.flash_FAT_format  main.o
    0x080034b8   0x080034b8   0x000000d4   Code   RO         7562    i.follow_path       ff.o
    0x0800358c   0x0800358c   0x00000024   Code   RO         5964    i.fputc             gd32f450i_eval.o
    0x080035b0   0x080035b0   0x00000050   Code   RO         6042    i.gd_eval_GD25Q40_BufferRead  drv_gd25q40.o
    0x08003600   0x08003600   0x00000122   Code   RO         6043    i.gd_eval_GD25Q40_BufferWrite  drv_gd25q40.o
    0x08003722   0x08003722   0x00000002   PAD
    0x08003724   0x08003724   0x0000002c   Code   RO         6045    i.gd_eval_GD25Q40_Init  drv_gd25q40.o
    0x08003750   0x08003750   0x00000058   Code   RO         6046    i.gd_eval_GD25Q40_PageWrite  drv_gd25q40.o
    0x080037a8   0x080037a8   0x0000000c   Code   RO         6049    i.gd_eval_SPI_Init  drv_gd25q40.o
    0x080037b4   0x080037b4   0x00000038   Code   RO         6050    i.gd_eval_SPI_SwapByte  drv_gd25q40.o
    0x080037ec   0x080037ec   0x000000f0   Code   RO         5965    i.gd_eval_com_init  gd32f450i_eval.o
    0x080038dc   0x080038dc   0x000000cc   Code   RO         7563    i.gen_numname       ff.o
    0x080039a8   0x080039a8   0x00000132   Code   RO         7564    i.get_fat           ff.o
    0x08003ada   0x08003ada   0x00000004   Code   RO         7458    i.get_fattime       diskio.o
    0x08003ade   0x08003ade   0x000001cc   Code   RO         7565    i.get_fileinfo      ff.o
    0x08003caa   0x08003caa   0x00000002   PAD
    0x08003cac   0x08003cac   0x00000054   Code   RO         7566    i.get_ldnumber      ff.o
    0x08003d00   0x08003d00   0x0000005e   Code   RO         2941    i.gpio_af_set       gd32f4xx_gpio.o
    0x08003d5e   0x08003d5e   0x00000004   Code   RO         2942    i.gpio_bit_reset    gd32f4xx_gpio.o
    0x08003d62   0x08003d62   0x00000004   Code   RO         2943    i.gpio_bit_set      gd32f4xx_gpio.o
    0x08003d66   0x08003d66   0x0000004e   Code   RO         2949    i.gpio_mode_set     gd32f4xx_gpio.o
    0x08003db4   0x08003db4   0x00000042   Code   RO         2951    i.gpio_output_options_set  gd32f4xx_gpio.o
    0x08003df6   0x08003df6   0x00000026   Code   RO         7567    i.ld_clust          ff.o
    0x08003e1c   0x08003e1c   0x00000018   Code   RO         7568    i.ld_dword          ff.o
    0x08003e34   0x08003e34   0x0000000c   Code   RO         7569    i.ld_word           ff.o
    0x08003e40   0x08003e40   0x0000000c   Code   RO         7570    i.lock_fs           ff.o
    0x08003e4c   0x08003e4c   0x000000c8   Code   RO          188    i.main              main.o
    0x08003f14   0x08003f14   0x00000024   Code   RO         7571    i.mem_cmp           ff.o
    0x08003f38   0x08003f38   0x0000001a   Code   RO         7572    i.mem_cpy           ff.o
    0x08003f52   0x08003f52   0x00000012   Code   RO         7573    i.mem_set           ff.o
    0x08003f64   0x08003f64   0x00000308   Code   RO         7574    i.mount_volume      ff.o
    0x0800426c   0x0800426c   0x00000034   Code   RO         7575    i.move_window       ff.o
    0x080042a0   0x080042a0   0x00000014   Code   RO         3515    i.nvic_priority_group_set  gd32f4xx_misc.o
    0x080042b4   0x080042b4   0x0000008c   Code   RO         7576    i.pick_lfn          ff.o
    0x08004340   0x08004340   0x000000c0   Code   RO         6781    i.prvAddCurrentTaskToDelayedList  tasks.o
    0x08004400   0x08004400   0x000000ec   Code   RO         6782    i.prvAddNewTaskToReadyList  tasks.o
    0x080044ec   0x080044ec   0x00000064   Code   RO         7145    i.prvCheckForValidListAndQueue  timers.o
    0x08004550   0x08004550   0x00000048   Code   RO         6783    i.prvCheckTasksWaitingTermination  tasks.o
    0x08004598   0x08004598   0x0000002a   Code   RO         6407    i.prvCopyDataFromQueue  queue.o
    0x080045c2   0x080045c2   0x0000007e   Code   RO         6408    i.prvCopyDataToQueue  queue.o
    0x08004640   0x08004640   0x00000012   Code   RO         6784    i.prvDeleteTCB      tasks.o
    0x08004652   0x08004652   0x00000014   Code   RO         6409    i.prvGetDisinheritPriorityAfterTimeout  queue.o
    0x08004666   0x08004666   0x00000002   PAD
    0x08004668   0x08004668   0x00000028   Code   RO         7146    i.prvGetNextExpireTime  timers.o
    0x08004690   0x08004690   0x00000070   Code   RO         7313    i.prvHeapInit       heap_4.o
    0x08004700   0x08004700   0x00000028   Code   RO         6785    i.prvIdleTask       tasks.o
    0x08004728   0x08004728   0x0000001e   Code   RO         6410    i.prvInitialiseMutex  queue.o
    0x08004746   0x08004746   0x0000002a   Code   RO         6411    i.prvInitialiseNewQueue  queue.o
    0x08004770   0x08004770   0x000000cc   Code   RO         6786    i.prvInitialiseNewTask  tasks.o
    0x0800483c   0x0800483c   0x00000068   Code   RO         6787    i.prvInitialiseTaskLists  tasks.o
    0x080048a4   0x080048a4   0x00000068   Code   RO         7314    i.prvInsertBlockIntoFreeList  heap_4.o
    0x0800490c   0x0800490c   0x00000058   Code   RO         7148    i.prvInsertTimerInActiveList  timers.o
    0x08004964   0x08004964   0x0000001a   Code   RO         6412    i.prvIsQueueEmpty   queue.o
    0x0800497e   0x0800497e   0x0000001e   Code   RO         6413    i.prvIsQueueFull    queue.o
    0x0800499c   0x0800499c   0x00000044   Code   RO         7149    i.prvProcessExpiredTimer  timers.o
    0x080049e0   0x080049e0   0x0000011c   Code   RO         7150    i.prvProcessReceivedCommands  timers.o
    0x08004afc   0x08004afc   0x00000074   Code   RO         7151    i.prvProcessTimerOrBlockTask  timers.o
    0x08004b70   0x08004b70   0x00000028   Code   RO         7152    i.prvReloadTimer    timers.o
    0x08004b98   0x08004b98   0x00000030   Code   RO         6789    i.prvResetNextTaskUnblockTime  tasks.o
    0x08004bc8   0x08004bc8   0x0000002c   Code   RO         7153    i.prvSampleTimeNow  timers.o
    0x08004bf4   0x08004bf4   0x00000044   Code   RO         7154    i.prvSwitchTimerLists  timers.o
    0x08004c38   0x08004c38   0x00000040   Code   RO         7376    i.prvTaskExitError  port.o
    0x08004c78   0x08004c78   0x0000001a   Code   RO         7155    i.prvTimerTask      timers.o
    0x08004c92   0x08004c92   0x0000007e   Code   RO         6414    i.prvUnlockQueue    queue.o
    0x08004d10   0x08004d10   0x00000190   Code   RO         7577    i.put_fat           ff.o
    0x08004ea0   0x08004ea0   0x00000080   Code   RO         7578    i.put_lfn           ff.o
    0x08004f20   0x08004f20   0x000000e4   Code   RO         7579    i.put_utf           ff.o
    0x08005004   0x08005004   0x0000012c   Code   RO         7316    i.pvPortMalloc      heap_4.o
    0x08005130   0x08005130   0x00000020   Code   RO         6792    i.pvTaskIncrementMutexHeldCount  tasks.o
    0x08005150   0x08005150   0x0000002c   Code   RO         7377    i.pxPortInitialiseStack  port.o
    0x0800517c   0x0800517c   0x00000124   Code   RO         3719    i.rcu_clock_freq_get  gd32f4xx_rcu.o
    0x080052a0   0x080052a0   0x00000024   Code   RO         3738    i.rcu_periph_clock_enable  gd32f4xx_rcu.o
    0x080052c4   0x080052c4   0x00000024   Code   RO         3741    i.rcu_periph_reset_disable  gd32f4xx_rcu.o
    0x080052e8   0x080052e8   0x00000024   Code   RO         3742    i.rcu_periph_reset_enable  gd32f4xx_rcu.o
    0x0800530c   0x0800530c   0x0000009a   Code   RO         7583    i.remove_chain      ff.o
    0x080053a6   0x080053a6   0x0000000a   Code   RO         4578    i.spi_enable        gd32f4xx_spi.o
    0x080053b0   0x080053b0   0x00000028   Code   RO         6136    i.spi_flash_bulk_erase  gd25qxx.o
    0x080053d8   0x080053d8   0x000000a0   Code   RO         6137    i.spi_flash_init    gd25qxx.o
    0x08005478   0x08005478   0x00000050   Code   RO         6140    i.spi_flash_read_id  gd25qxx.o
    0x080054c8   0x080054c8   0x00000038   Code   RO         6142    i.spi_flash_send_byte  gd25qxx.o
    0x08005500   0x08005500   0x00000034   Code   RO         6145    i.spi_flash_wait_for_write_end  gd25qxx.o
    0x08005534   0x08005534   0x00000020   Code   RO         6146    i.spi_flash_write_enable  gd25qxx.o
    0x08005554   0x08005554   0x00000008   Code   RO         4580    i.spi_i2s_data_receive  gd32f4xx_spi.o
    0x0800555c   0x0800555c   0x00000004   Code   RO         4581    i.spi_i2s_data_transmit  gd32f4xx_spi.o
    0x08005560   0x08005560   0x000000ac   Code   RO         4582    i.spi_i2s_deinit    gd32f4xx_spi.o
    0x0800560c   0x0800560c   0x00000010   Code   RO         4583    i.spi_i2s_flag_get  gd32f4xx_spi.o
    0x0800561c   0x0800561c   0x00000032   Code   RO         4587    i.spi_init          gd32f4xx_spi.o
    0x0800564e   0x0800564e   0x0000000e   Code   RO         4595    i.spi_quad_io23_output_enable  gd32f4xx_spi.o
    0x0800565c   0x0800565c   0x00000024   Code   RO         7584    i.st_clust          ff.o
    0x08005680   0x08005680   0x00000018   Code   RO         7585    i.st_dword          ff.o
    0x08005698   0x08005698   0x0000000c   Code   RO         7586    i.st_word           ff.o
    0x080056a4   0x080056a4   0x00000020   Code   RO         7587    i.sum_sfn           ff.o
    0x080056c4   0x080056c4   0x00000090   Code   RO         7588    i.sync_fs           ff.o
    0x08005754   0x08005754   0x0000004a   Code   RO         7589    i.sync_window       ff.o
    0x0800579e   0x0800579e   0x00000002   PAD
    0x080057a0   0x080057a0   0x000000fc   Code   RO          418    i.system_clock_200m_25m_hxtal  system_gd32f4xx.o
    0x0800589c   0x0800589c   0x00000008   Code   RO          419    i.system_clock_config  system_gd32f4xx.o
    0x080058a4   0x080058a4   0x000000b0   Code   RO         7590    i.tchar2uni         ff.o
    0x08005954   0x08005954   0x0000001c   Code   RO         7591    i.unlock_fs         ff.o
    0x08005970   0x08005970   0x000000e8   Code   RO         5557    i.usart_baudrate_set  gd32f4xx_usart.o
    0x08005a58   0x08005a58   0x00000008   Code   RO         5562    i.usart_data_transmit  gd32f4xx_usart.o
    0x08005a60   0x08005a60   0x000000dc   Code   RO         5563    i.usart_deinit      gd32f4xx_usart.o
    0x08005b3c   0x08005b3c   0x0000000a   Code   RO         5567    i.usart_enable      gd32f4xx_usart.o
    0x08005b46   0x08005b46   0x0000001e   Code   RO         5569    i.usart_flag_get    gd32f4xx_usart.o
    0x08005b64   0x08005b64   0x00000010   Code   RO         5594    i.usart_receive_config  gd32f4xx_usart.o
    0x08005b74   0x08005b74   0x00000010   Code   RO         5609    i.usart_transmit_config  gd32f4xx_usart.o
    0x08005b84   0x08005b84   0x00000028   Code   RO         6367    i.uxListRemove      list.o
    0x08005bac   0x08005bac   0x0000001a   Code   RO         6368    i.vListInitialise   list.o
    0x08005bc6   0x08005bc6   0x00000006   Code   RO         6369    i.vListInitialiseItem  list.o
    0x08005bcc   0x08005bcc   0x00000034   Code   RO         6370    i.vListInsert       list.o
    0x08005c00   0x08005c00   0x00000054   Code   RO         7379    i.vPortEnterCritical  port.o
    0x08005c54   0x08005c54   0x0000003c   Code   RO         7380    i.vPortExitCritical  port.o
    0x08005c90   0x08005c90   0x0000008c   Code   RO         7317    i.vPortFree         heap_4.o
    0x08005d1c   0x08005d1c   0x00000028   Code   RO         7381    i.vPortSetupTimerInterrupt  port.o
    0x08005d44   0x08005d44   0x00000060   Code   RO         6420    i.vQueueAddToRegistry  queue.o
    0x08005da4   0x08005da4   0x0000002c   Code   RO         6421    i.vQueueDelete      queue.o
    0x08005dd0   0x08005dd0   0x00000048   Code   RO         6423    i.vQueueUnregisterQueue  queue.o
    0x08005e18   0x08005e18   0x0000004a   Code   RO         6424    i.vQueueWaitForMessageRestricted  queue.o
    0x08005e62   0x08005e62   0x00000002   PAD
    0x08005e64   0x08005e64   0x0000005c   Code   RO         6801    i.vTaskDelay        tasks.o
    0x08005ec0   0x08005ec0   0x00000018   Code   RO         6806    i.vTaskInternalSetTimeOutState  tasks.o
    0x08005ed8   0x08005ed8   0x0000000c   Code   RO         6807    i.vTaskMissedYield  tasks.o
    0x08005ee4   0x08005ee4   0x00000038   Code   RO         6808    i.vTaskPlaceOnEventList  tasks.o
    0x08005f1c   0x08005f1c   0x00000064   Code   RO         6809    i.vTaskPlaceOnEventListRestricted  tasks.o
    0x08005f80   0x08005f80   0x00000118   Code   RO         6811    i.vTaskPriorityDisinheritAfterTimeout  tasks.o
    0x08006098   0x08006098   0x0000009c   Code   RO         6817    i.vTaskStartScheduler  tasks.o
    0x08006134   0x08006134   0x00000010   Code   RO         6819    i.vTaskSuspendAll   tasks.o
    0x08006144   0x08006144   0x0000008c   Code   RO         6820    i.vTaskSwitchContext  tasks.o
    0x080061d0   0x080061d0   0x00000052   Code   RO         7592    i.validate          ff.o
    0x08006222   0x08006222   0x00000002   PAD
    0x08006224   0x08006224   0x00000168   Code   RO         7383    i.xPortStartScheduler  port.o
    0x0800638c   0x0800638c   0x00000022   Code   RO         6426    i.xQueueCreateMutex  queue.o
    0x080063ae   0x080063ae   0x00000066   Code   RO         6427    i.xQueueGenericCreate  queue.o
    0x08006414   0x08006414   0x000000dc   Code   RO         6428    i.xQueueGenericReset  queue.o
    0x080064f0   0x080064f0   0x000001a8   Code   RO         6429    i.xQueueGenericSend  queue.o
    0x08006698   0x08006698   0x00000168   Code   RO         6437    i.xQueueReceive     queue.o
    0x08006800   0x08006800   0x00000194   Code   RO         6439    i.xQueueSemaphoreTake  queue.o
    0x08006994   0x08006994   0x00000090   Code   RO         6822    i.xTaskCheckForTimeOut  tasks.o
    0x08006a24   0x08006a24   0x00000068   Code   RO         6823    i.xTaskCreate       tasks.o
    0x08006a8c   0x08006a8c   0x00000020   Code   RO         6830    i.xTaskGetSchedulerState  tasks.o
    0x08006aac   0x08006aac   0x0000000c   Code   RO         6831    i.xTaskGetTickCount  tasks.o
    0x08006ab8   0x08006ab8   0x000001bc   Code   RO         6833    i.xTaskIncrementTick  tasks.o
    0x08006c74   0x08006c74   0x000000f0   Code   RO         6834    i.xTaskPriorityDisinherit  tasks.o
    0x08006d64   0x08006d64   0x000000ec   Code   RO         6835    i.xTaskPriorityInherit  tasks.o
    0x08006e50   0x08006e50   0x00000120   Code   RO         6836    i.xTaskRemoveFromEventList  tasks.o
    0x08006f70   0x08006f70   0x00000178   Code   RO         6837    i.xTaskResumeAll    tasks.o
    0x080070e8   0x080070e8   0x00000058   Code   RO         7163    i.xTimerCreateTimerTask  timers.o
    0x08007140   0x08007140   0x0000000a   Code   RO         8171    x$fpl$fpinit        fz_wm.l(fpinit.o)
    0x0800714a   0x0800714a   0x00000002   PAD
    0x0800714c   0x0800714c   0x000000ce   Data   RO          192    .constdata          main.o
    0x0800721a   0x0800721a   0x00000002   PAD
    0x0800721c   0x0800721c   0x000000bc   Data   RO         7593    .constdata          ff.o
    0x080072d8   0x080072d8   0x000003ae   Data   RO         7965    .constdata          ffunicode.o
    0x08007686   0x08007686   0x00000028   Data   RO         8008    .constdata          c_w.l(_printf_hex_int.o)
    0x080076ae   0x080076ae   0x00000011   Data   RO         8038    .constdata          c_w.l(__printf_flags_wp.o)
    0x080076bf   0x080076bf   0x00000001   PAD
    0x080076c0   0x080076c0   0x00000020   Data   RO         8235    Region$$Table       anon$$obj.o


    Execution Region RW_IRAM1 (Exec base: 0x20000000, Load base: 0x080076e0, Size: 0x0001bf70, Max: 0x000b0000, ABSOLUTE)

    Exec Addr    Load Addr    Size         Type   Attr      Idx    E Section Name        Object

    0x20000000   0x080076e0   0x00000008   Data   RW          193    .data               main.o
    0x20000008   0x080076e8   0x00000004   Data   RW          420    .data               system_gd32f4xx.o
    0x2000000c   0x080076ec   0x00000084   Data   RW         5972    .data               gd32f450i_eval.o
    0x20000090   0x08007770   0x00000040   Data   RW         6840    .data               tasks.o
    0x200000d0   0x080077b0   0x00000014   Data   RW         7171    .data               timers.o
    0x200000e4   0x080077c4   0x0000001c   Data   RW         7323    .data               heap_4.o
    0x20000100   0x080077e0   0x0000000c   Data   RW         7384    .data               port.o
    0x2000010c   0x080077ec   0x00000002   Data   RW         7459    .data               diskio.o
    0x2000010e   0x080077ee   0x00000002   PAD
    0x20000110   0x080077f0   0x00000007   Data   RW         7594    .data               ff.o
    0x20000117   0x080077f7   0x00000001   PAD
    0x20000118        -       0x000050c4   Zero   RW          191    .bss                main.o
    0x200051dc        -       0x00000040   Zero   RW         6441    .bss                queue.o
    0x2000521c        -       0x000000c8   Zero   RW         6839    .bss                tasks.o
    0x200052e4        -       0x00000028   Zero   RW         7170    .bss                timers.o
    0x2000530c        -       0x00012c00   Zero   RW         7322    .bss                heap_4.o
    0x20017f0c        -       0x00000060   Zero   RW         8113    .bss                c_w.l(libspace.o)
    0x20017f6c   0x080077f7   0x00000004   PAD
    0x20017f70        -       0x00000000   Zero   RW         5955    HEAP                startup_gd32f450_470.o
    0x20017f70        -       0x00004000   Zero   RW         5954    STACK               startup_gd32f450_470.o


==============================================================================

Image component sizes


      Code (inc. data)   RO Data    RW Data    ZI Data      Debug   Object Name

       278         10          0          2          0       7913   diskio.o
       778         44          0          0          0       6572   drv_gd25q40.o
         0          0          0          0          0      13120   event_groups.o
     12500        194        188          7          0      64216   ff.o
        82          0          0          0          0       2712   ffsystem.o
       284         32        942          0          0       2760   ffunicode.o
       420         42          0          0          0       3294   gd25qxx.o
       280         38          0        132          0       4077   gd32f450i_eval.o
       246          0          0          0          0       3340   gd32f4xx_gpio.o
        20          0          0          0          0      55717   gd32f4xx_it.o
        20         10          0          0          0        526   gd32f4xx_misc.o
       400         40          0          0          0       3324   gd32f4xx_rcu.o
       274         10          0          0          0       4553   gd32f4xx_spi.o
       532         18          0          0          0       4361   gd32f4xx_usart.o
       656         58          0         28      76800       5203   heap_4.o
       124          0          0          0          0       2797   list.o
      1548        690        206          8      20676      27670   main.o
       894         78          0         12          0      10716   port.o
      2272         30          0          0         64      19728   queue.o
        60         22        428          0      16384        868   startup_gd32f450_470.o
       472         30          0          4          0       2575   system_gd32f4xx.o
      3698        388          0         64        200      30437   tasks.o
       962        110          0         20         40      23236   timers.o

    ----------------------------------------------------------------------
     26826       1844       1798        280     114164     299715   Object Totals
         0          0         32          0          0          0   (incl. Generated)
        26          0          2          3          0          0   (incl. Padding)

    ----------------------------------------------------------------------

      Code (inc. data)   RO Data    RW Data    ZI Data      Debug   Library Member Name

         8          0          0          0          0         68   __main.o
       312          4         17          0          0         92   __printf_flags_wp.o
        14          0          0          0          0         68   __printf_wp.o
         0          0          0          0          0          0   __rtentry.o
        12          0          0          0          0          0   __rtentry2.o
         6          0          0          0          0          0   __rtentry4.o
        52          8          0          0          0          0   __scatter.o
        26          0          0          0          0          0   __scatter_copy.o
        28          0          0          0          0          0   __scatter_zi.o
         6          0          0          0          0          0   _printf_c.o
        44          0          0          0          0        108   _printf_char.o
        48          6          0          0          0         96   _printf_char_common.o
        36          4          0          0          0         80   _printf_char_file.o
         6          0          0          0          0          0   _printf_d.o
       120         16          0          0          0         92   _printf_dec.o
        88          4         40          0          0         88   _printf_hex_int.o
       178          0          0          0          0         88   _printf_intcommon.o
        78          0          0          0          0        108   _printf_pad.o
         0          0          0          0          0          0   _printf_percent.o
         4          0          0          0          0          0   _printf_percent_end.o
         6          0          0          0          0          0   _printf_s.o
        82          0          0          0          0         80   _printf_str.o
         6          0          0          0          0          0   _printf_u.o
         6          0          0          0          0          0   _printf_x.o
        16          0          0          0          0         68   aeabi_memset.o
        18          0          0          0          0         80   exit.o
         8          0          0          0          0         68   ferror.o
         6          0          0          0          0        152   heapauxi.o
         2          0          0          0          0          0   libinit.o
         6          0          0          0          0          0   libinit2.o
         2          0          0          0          0          0   libshutdown.o
         2          0          0          0          0          0   libshutdown2.o
         8          4          0          0         96         68   libspace.o
        24          4          0          0          0         84   noretval__2printf.o
        68          0          0          0          0         68   rt_memclr.o
        78          0          0          0          0         80   rt_memclr_w.o
       138          0          0          0          0         68   rt_memcpy_v6.o
       100          0          0          0          0         80   rt_memcpy_w.o
         2          0          0          0          0          0   rtexit.o
        10          0          0          0          0          0   rtexit2.o
        74          0          0          0          0         80   sys_stackheap_outer.o
         2          0          0          0          0         68   use_no_semi.o
         2          0          0          0          0         68   use_no_semi_2.o
        10          0          0          0          0        116   fpinit.o

    ----------------------------------------------------------------------
      1750         50         58          0        100       2116   Library Totals
         8          0          1          0          4          0   (incl. Padding)

    ----------------------------------------------------------------------

      Code (inc. data)   RO Data    RW Data    ZI Data      Debug   Library Name

      1732         50         57          0         96       2000   c_w.l
        10          0          0          0          0        116   fz_wm.l

    ----------------------------------------------------------------------
      1750         50         58          0        100       2116   Library Totals

    ----------------------------------------------------------------------

==============================================================================


      Code (inc. data)   RO Data    RW Data    ZI Data      Debug   

     28576       1894       1856        280     114264     281091   Grand Totals
     28576       1894       1856        280     114264     281091   ELF Image Totals
     28576       1894       1856        280          0          0   ROM Totals

==============================================================================

    Total RO  Size (Code + RO Data)                30432 (  29.72kB)
    Total RW  Size (RW Data + ZI Data)            114544 ( 111.86kB)
    Total ROM Size (Code + RO Data + RW Data)      30712 (  29.99kB)

==============================================================================

